Component: ARM Compiler 5.06 update 7 (build 960) Tool: armlink [4d3601]

==============================================================================

Section Cross References

    main.o(i.main) refers to usart.o(i.USART1_Init) for USART1_Init
    main.o(i.main) refers to usart.o(i.USART3_Init) for USART3_Init
    main.o(i.main) refers to delay.o(i.delay_Init) for delay_Init
    main.o(i.main) refers to usart.o(i.u1_printf) for u1_printf
    main.o(i.main) refers to usart.o(i.u3_printf) for u3_printf
    main.o(i.main) refers to iic.o(i.IIC_Init) for IIC_Init
    main.o(i.main) refers to w25q64.o(i.W25Q64_Init) for W25Q64_Init
    main.o(i.main) refers to at24c02.o(i.AT24C02_ReadOTAInfo) for AT24C02_ReadOTAInfo
    main.o(i.main) refers to boot.o(i.BootLoader_Branch) for BootLoader_Branch
    main.o(i.main) refers to fs4g.o(i.FS4G_Init) for FS4G_Init
    main.o(i.main) refers to delay.o(i.delay_ms) for delay_ms
    main.o(i.main) refers to boot.o(i.Bootloader_Event_Process) for Bootloader_Event_Process
    main.o(i.main) refers to fs4g.o(i.U3_Event_Process) for U3_Event_Process
    main.o(i.main) refers to board_flash.o(i.STM32_EraseFlash) for STM32_EraseFlash
    main.o(i.main) refers to w25q64.o(i.W25Q64_Read) for W25Q64_Read
    main.o(i.main) refers to board_flash.o(i.STM32_WriteFlash) for STM32_WriteFlash
    main.o(i.main) refers to rt_memclr_w.o(.text) for __aeabi_memclr4
    main.o(i.main) refers to at24c02.o(i.AT24C02_WriteOTAInfo) for AT24C02_WriteOTAInfo
    main.o(i.main) refers to usart.o(.bss) for U1_CB
    main.o(i.main) refers to main.o(.data) for BootStateFlag
    main.o(i.main) refers to main.o(.bss) for UpdateA
    stm32f10x_it.o(i.USART1_IRQHandler) refers to stm32f10x_usart.o(i.USART_GetITStatus) for USART_GetITStatus
    stm32f10x_it.o(i.USART1_IRQHandler) refers to stm32f10x_usart.o(i.USART_GetFlagStatus) for USART_GetFlagStatus
    stm32f10x_it.o(i.USART1_IRQHandler) refers to stm32f10x_usart.o(i.USART_ReceiveData) for USART_ReceiveData
    stm32f10x_it.o(i.USART1_IRQHandler) refers to stm32f10x_dma.o(i.DMA_GetCurrDataCounter) for DMA_GetCurrDataCounter
    stm32f10x_it.o(i.USART1_IRQHandler) refers to stm32f10x_dma.o(i.DMA_Cmd) for DMA_Cmd
    stm32f10x_it.o(i.USART1_IRQHandler) refers to stm32f10x_dma.o(i.DMA_Init) for DMA_Init
    stm32f10x_it.o(i.USART1_IRQHandler) refers to usart.o(.bss) for U1_CB
    stm32f10x_it.o(i.USART3_IRQHandler) refers to stm32f10x_usart.o(i.USART_GetITStatus) for USART_GetITStatus
    stm32f10x_it.o(i.USART3_IRQHandler) refers to stm32f10x_usart.o(i.USART_GetFlagStatus) for USART_GetFlagStatus
    stm32f10x_it.o(i.USART3_IRQHandler) refers to stm32f10x_usart.o(i.USART_ReceiveData) for USART_ReceiveData
    stm32f10x_it.o(i.USART3_IRQHandler) refers to stm32f10x_dma.o(i.DMA_GetCurrDataCounter) for DMA_GetCurrDataCounter
    stm32f10x_it.o(i.USART3_IRQHandler) refers to stm32f10x_dma.o(i.DMA_Cmd) for DMA_Cmd
    stm32f10x_it.o(i.USART3_IRQHandler) refers to stm32f10x_dma.o(i.DMA_Init) for DMA_Init
    stm32f10x_it.o(i.USART3_IRQHandler) refers to usart.o(.bss) for U3_CB
    system_stm32f10x.o(i.SetSysClock) refers to system_stm32f10x.o(i.SetSysClockTo72) for SetSysClockTo72
    system_stm32f10x.o(i.SystemCoreClockUpdate) refers to system_stm32f10x.o(.data) for SystemCoreClock
    system_stm32f10x.o(i.SystemInit) refers to system_stm32f10x.o(i.SetSysClock) for SetSysClock
    startup_stm32f10x_md.o(STACK) refers (Special) to heapauxi.o(.text) for __use_two_region_memory
    startup_stm32f10x_md.o(HEAP) refers (Special) to heapauxi.o(.text) for __use_two_region_memory
    startup_stm32f10x_md.o(RESET) refers (Special) to heapauxi.o(.text) for __use_two_region_memory
    startup_stm32f10x_md.o(RESET) refers to startup_stm32f10x_md.o(STACK) for __initial_sp
    startup_stm32f10x_md.o(RESET) refers to startup_stm32f10x_md.o(.text) for Reset_Handler
    startup_stm32f10x_md.o(RESET) refers to stm32f10x_it.o(i.NMI_Handler) for NMI_Handler
    startup_stm32f10x_md.o(RESET) refers to stm32f10x_it.o(i.HardFault_Handler) for HardFault_Handler
    startup_stm32f10x_md.o(RESET) refers to stm32f10x_it.o(i.MemManage_Handler) for MemManage_Handler
    startup_stm32f10x_md.o(RESET) refers to stm32f10x_it.o(i.BusFault_Handler) for BusFault_Handler
    startup_stm32f10x_md.o(RESET) refers to stm32f10x_it.o(i.UsageFault_Handler) for UsageFault_Handler
    startup_stm32f10x_md.o(RESET) refers to stm32f10x_it.o(i.SVC_Handler) for SVC_Handler
    startup_stm32f10x_md.o(RESET) refers to stm32f10x_it.o(i.DebugMon_Handler) for DebugMon_Handler
    startup_stm32f10x_md.o(RESET) refers to stm32f10x_it.o(i.PendSV_Handler) for PendSV_Handler
    startup_stm32f10x_md.o(RESET) refers to stm32f10x_it.o(i.SysTick_Handler) for SysTick_Handler
    startup_stm32f10x_md.o(RESET) refers to stm32f10x_it.o(i.USART1_IRQHandler) for USART1_IRQHandler
    startup_stm32f10x_md.o(RESET) refers to stm32f10x_it.o(i.USART3_IRQHandler) for USART3_IRQHandler
[...]
    .text                                    0x08001944   Section        0  bigflt0.o(.text)
    .text                                    0x08001a28   Section        0  exit.o(.text)
    .text                                    0x08001a3c   Section        8  libspace.o(.text)
    .text                                    0x08001a44   Section      128  strcmpv7m.o(.text)
    .text                                    0x08001ac4   Section        0  sys_exit.o(.text)
    .text                                    0x08001ad0   Section        2  use_no_semi.o(.text)
    .text                                    0x08001ad2   Section        0  indicate_semi.o(.text)
    CL$$btod_d2e                             0x08001ad2   Section       62  btod.o(CL$$btod_d2e)
    CL$$btod_d2e_denorm_low                  0x08001b10   Section       70  btod.o(CL$$btod_d2e_denorm_low)
    CL$$btod_d2e_norm_op1                    0x08001b56   Section       96  btod.o(CL$$btod_d2e_norm_op1)
    CL$$btod_div_common                      0x08001bb6   Section      824  btod.o(CL$$btod_div_common)
    CL$$btod_e2e                             0x08001eee   Section      220  btod.o(CL$$btod_e2e)
    CL$$btod_ediv                            0x08001fca   Section       42  btod.o(CL$$btod_ediv)
    CL$$btod_emul                            0x08001ff4   Section       42  btod.o(CL$$btod_emul)
    CL$$btod_mult_common                     0x0800201e   Section      580  btod.o(CL$$btod_mult_common)
    i.AT24C02_ReadByte                       0x08002262   Section        0  at24c02.o(i.AT24C02_ReadByte)
    i.AT24C02_ReadData                       0x080022b6   Section        0  at24c02.o(i.AT24C02_ReadData)
    i.AT24C02_ReadOTAInfo                    0x080022dc   Section        0  at24c02.o(i.AT24C02_ReadOTAInfo)
    i.AT24C02_WriteOTAInfo                   0x080022f8   Section        0  at24c02.o(i.AT24C02_WriteOTAInfo)
    i.AT24C02_WritePage                      0x08002320   Section        0  at24c02.o(i.AT24C02_WritePage)
    i.BootLoader_Branch                      0x08002378   Section        0  boot.o(i.BootLoader_Branch)
    i.BootLoader_Clear                       0x08002418   Section        0  boot.o(i.BootLoader_Clear)
    i.BootLoader_Enter_Command               0x08002428   Section        0  boot.o(i.BootLoader_Enter_Command)
    i.BootLoader_Info                        0x08002480   Section        0  boot.o(i.BootLoader_Info)
    i.Bootloader_Event_Process               0x0800256c   Section        0  boot.o(i.Bootloader_Event_Process)
    i.BusFault_Handler                       0x08002c7c   Section        0  stm32f10x_it.o(i.BusFault_Handler)
    i.DMA_Cmd                                0x08002c80   Section        0  stm32f10x_dma.o(i.DMA_Cmd)
    i.DMA_DeInit                             0x08002c98   Section        0  stm32f10x_dma.o(i.DMA_DeInit)
    i.DMA_GetCurrDataCounter                 0x08002de4   Section        0  stm32f10x_dma.o(i.DMA_GetCurrDataCounter)
    i.DMA_Init                               0x08002dec   Section        0  stm32f10x_dma.o(i.DMA_Init)
    i.DMA_USART1_RX_Init                     0x08002e28   Section        0  usart.o(i.DMA_USART1_RX_Init)
    i.DMA_USART3_RX_Init                     0x08002e88   Section        0  usart.o(i.DMA_USART3_RX_Init)
    i.DebugMon_Handler                       0x08002ee8   Section        0  stm32f10x_it.o(i.DebugMon_Handler)
    i.FLASH_ErasePage                        0x08002eec   Section        0  stm32f10x_flash.o(i.FLASH_ErasePage)
    i.FLASH_GetBank1Status                   0x08002f38   Section        0  stm32f10x_flash.o(i.FLASH_GetBank1Status)
    i.FLASH_Lock                             0x08002f6c   Section        0  stm32f10x_flash.o(i.FLASH_Lock)
    i.FLASH_ProgramWord                      0x08002f80   Section        0  stm32f10x_flash.o(i.FLASH_ProgramWord)
    i.FLASH_Unlock                           0x08002fec   Section        0  stm32f10x_flash.o(i.FLASH_Unlock)
    i.FLASH_WaitForLastOperation             0x08003004   Section        0  stm32f10x_flash.o(i.FLASH_WaitForLastOperation)
    i.FS4G_Init                              0x0800302c   Section        0  fs4g.o(i.FS4G_Init)
    i.GPIO_Init                              0x080030c8   Section        0  stm32f10x_gpio.o(i.GPIO_Init)
    i.GPIO_ReadInputDataBit                  0x080031de   Section        0  stm32f10x_gpio.o(i.GPIO_ReadInputDataBit)
    i.GPIO_ResetBits                         0x080031f0   Section        0  stm32f10x_gpio.o(i.GPIO_ResetBits)
    i.GPIO_SetBits                           0x080031f4   Section        0  stm32f10x_gpio.o(i.GPIO_SetBits)
    i.HardFault_Handler                      0x080031f8   Section        0  stm32f10x_it.o(i.HardFault_Handler)
    i.IIC_Ack                                0x080031fc   Section        0  iic.o(i.IIC_Ack)
    i.IIC_Init                               0x08003230   Section        0  iic.o(i.IIC_Init)
    i.IIC_NAck                               0x0800326c   Section        0  iic.o(i.IIC_NAck)
    i.IIC_Read_Byte                          0x08003298   Section        0  iic.o(i.IIC_Read_Byte)
    i.IIC_Send_Byte                          0x08003304   Section        0  iic.o(i.IIC_Send_Byte)
    i.IIC_Start                              0x08003360   Section        0  iic.o(i.IIC_Start)
    i.IIC_Stop                               0x08003394   Section        0  iic.o(i.IIC_Stop)
    i.IIC_Wait_Ack                           0x080033c8   Section        0  iic.o(i.IIC_Wait_Ack)
    i.LOAD_A                                 0x08003420   Section        0  boot.o(i.LOAD_A)
    i.MemManage_Handler                      0x080034a8   Section        0  stm32f10x_it.o(i.MemManage_Handler)
    i.NMI_Handler                            0x080034ac   Section        0  stm32f10x_it.o(i.NMI_Handler)
    i.NVIC_Init                              0x080034b0   Section        0  misc.o(i.NVIC_Init)
    i.NVIC_PriorityGroupConfig               0x08003520   Section        0  misc.o(i.NVIC_PriorityGroupConfig)
    i.NVIC_SystemReset                       0x08003534   Section        0  boot.o(i.NVIC_SystemReset)
    NVIC_SystemReset                         0x08003535   Thumb Code    26  boot.o(i.NVIC_SystemReset)
    i.PendSV_Handler                         0x08003558   Section        0  stm32f10x_it.o(i.PendSV_Handler)
    i.RCC_AHBPeriphClockCmd                  0x0800355c   Section        0  stm32f10x_rcc.o(i.RCC_AHBPeriphClockCmd)
    i.RCC_APB1PeriphClockCmd                 0x0800357c   Section        0  stm32f10x_rcc.o(i.RCC_APB1PeriphClockCmd)
    i.RCC_APB1PeriphResetCmd                 0x0800359c   Section        0  stm32f10x_rcc.o(i.RCC_APB1PeriphResetCmd)
    i.RCC_APB2PeriphClockCmd                 0x080035bc   Section        0  stm32f10x_rcc.o(i.RCC_APB2PeriphClockCmd)
    i.RCC_APB2PeriphResetCmd                 0x080035dc   Section        0  stm32f10x_rcc.o(i.RCC_APB2PeriphResetCmd)
    i.RCC_GetClocksFreq                      0x080035fc   Section        0  stm32f10x_rcc.o(i.RCC_GetClocksFreq)
    i.SPI1_Init                              0x080036d0   Section        0  spi.o(i.SPI1_Init)
    i.SPI1_Read                              0x0800376c   Section        0  spi.o(i.SPI1_Read)
    i.SPI1_ReadWriteByte                     0x08003788   Section        0  spi.o(i.SPI1_ReadWriteByte)
    i.SPI1_Write                             0x080037c0   Section        0  spi.o(i.SPI1_Write)
    i.SPI_Cmd                                0x080037da   Section        0  stm32f10x_spi.o(i.SPI_Cmd)
    i.SPI_I2S_DeInit                         0x080037f4   Section        0  stm32f10x_spi.o(i.SPI_I2S_DeInit)
    i.SPI_I2S_GetFlagStatus                  0x0800384c   Section        0  stm32f10x_spi.o(i.SPI_I2S_GetFlagStatus)
    i.SPI_I2S_ReceiveData                    0x0800385e   Section        0  stm32f10x_spi.o(i.SPI_I2S_ReceiveData)
    i.SPI_I2S_SendData                       0x08003864   Section        0  stm32f10x_spi.o(i.SPI_I2S_SendData)
    i.SPI_Init                               0x08003868   Section        0  stm32f10x_spi.o(i.SPI_Init)
    i.STM32_EraseFlash                       0x080038a4   Section        0  board_flash.o(i.STM32_EraseFlash)
    i.STM32_WriteFlash                       0x080038d2   Section        0  board_flash.o(i.STM32_WriteFlash)
    i.SVC_Handler                            0x080038f8   Section        0  stm32f10x_it.o(i.SVC_Handler)
    i.SetSysClock                            0x080038fa   Section        0  system_stm32f10x.o(i.SetSysClock)
    SetSysClock                              0x080038fb   Thumb Code     8  system_stm32f10x.o(i.SetSysClock)
    i.SetSysClockTo72                        0x08003904   Section        0  system_stm32f10x.o(i.SetSysClockTo72)
    SetSysClockTo72                          0x08003905   Thumb Code   214  system_stm32f10x.o(i.SetSysClockTo72)
    i.SysTick_CLKSourceConfig                0x080039e4   Section        0  misc.o(i.SysTick_CLKSourceConfig)
    i.SysTick_Handler                        0x08003a0c   Section        0  stm32f10x_it.o(i.SysTick_Handler)
    i.SystemInit                             0x08003a10   Section        0  system_stm32f10x.o(i.SystemInit)
    i.U1Rx_Ptr_Init                          0x08003a70   Section        0  usart.o(i.U1Rx_Ptr_Init)
    i.U3Rx_Ptr_Init                          0x08003a90   Section        0  usart.o(i.U3Rx_Ptr_Init)
    i.U3_Event_Process                       0x08003ab0   Section        0  fs4g.o(i.U3_Event_Process)
    i.USART1_IRQHandler                      0x08003af0   Section        0  stm32f10x_it.o(i.USART1_IRQHandler)
    i.USART1_Init                            0x08003bdc   Section        0  usart.o(i.USART1_Init)
    i.USART3_IRQHandler                      0x08003ca4   Section        0  stm32f10x_it.o(i.USART3_IRQHandler)
    i.USART3_Init                            0x08003d90   Section        0  usart.o(i.USART3_Init)
    i.USART_Cmd                              0x08003e5c   Section        0  stm32f10x_usart.o(i.USART_Cmd)
    i.USART_DMACmd                           0x08003e74   Section        0  stm32f10x_usart.o(i.USART_DMACmd)
    i.USART_DeInit                           0x08003e88   Section        0  stm32f10x_usart.o(i.USART_DeInit)
    i.USART_GetFlagStatus                    0x08003f24   Section        0  stm32f10x_usart.o(i.USART_GetFlagStatus)
    i.USART_GetITStatus                      0x08003f3e   Section        0  stm32f10x_usart.o(i.USART_GetITStatus)
    i.USART_ITConfig                         0x08003f92   Section        0  stm32f10x_usart.o(i.USART_ITConfig)
    i.USART_Init                             0x08003fdc   Section        0  stm32f10x_usart.o(i.USART_Init)
    i.USART_ReceiveData                      0x080040b4   Section        0  stm32f10x_usart.o(i.USART_ReceiveData)
    i.USART_SendData                         0x080040be   Section        0  stm32f10x_usart.o(i.USART_SendData)
    i.UsageFault_Handler                     0x080040c6   Section        0  stm32f10x_it.o(i.UsageFault_Handler)
    i.W25Q64_Erase64K                        0x080040cc   Section        0  w25q64.o(i.W25Q64_Erase64K)
    i.W25Q64_Init                            0x08004118   Section        0  w25q64.o(i.W25Q64_Init)
    i.W25Q64_PageWrite                       0x0800414c   Section        0  w25q64.o(i.W25Q64_PageWrite)
    i.W25Q64_Read                            0x080041a0   Section        0  w25q64.o(i.W25Q64_Read)
    i.W25Q64_WaitBusy                        0x080041e8   Section        0  w25q64.o(i.W25Q64_WaitBusy)
    i.W25Q64_WriteEnable                     0x08004218   Section        0  w25q64.o(i.W25Q64_WriteEnable)
    i.XModem_CRC16                           0x0800423c   Section        0  boot.o(i.XModem_CRC16)
    i.__ARM_fpclassify                       0x0800427c   Section        0  fpclassify.o(i.__ARM_fpclassify)
    i._is_digit                              0x080042a4   Section        0  __printf_wp.o(i._is_digit)
    i.delay_Init                             0x080042b2   Section        0  delay.o(i.delay_Init)
    i.delay_ms                               0x080042bc   Section        0  delay.o(i.delay_ms)
    i.delay_us                               0x080042d6   Section        0  delay.o(i.delay_us)
    i.main                                   0x08004314   Section        0  main.o(i.main)
    i.u1_printf                              0x08004650   Section        0  usart.o(i.u1_printf)
    i.u3_printf                              0x080046ac   Section        0  usart.o(i.u3_printf)
    locale$$code                             0x08004708   Section       44  lc_numeric_c.o(locale$$code)
    locale$$code                             0x08004734   Section       44  lc_ctype_c.o(locale$$code)
    x$fpl$printf1                            0x08004760   Section        4  printf1.o(x$fpl$printf1)
    x$fpl$printf2                            0x08004764   Section        4  printf2.o(x$fpl$printf2)
    .constdata                               0x08004768   Section        8  _printf_wctomb.o(.constdata)
    x$fpl$usenofp                            0x08004768   Section        0  usenofp.o(x$fpl$usenofp)
    initial_mbstate                          0x08004768   Data           8  _printf_wctomb.o(.constdata)
    .constdata                               0x08004770   Section       40  _printf_hex_int_ll_ptr.o(.constdata)
    uc_hextab                                0x08004770   Data          20  _printf_hex_int_ll_ptr.o(.constdata)
    lc_hextab                                0x08004784   Data          20  _printf_hex_int_ll_ptr.o(.constdata)
    .constdata                               0x08004798   Section       17  __printf_flags_ss_wp.o(.constdata)
    maptable                                 0x08004798   Data          17  __printf_flags_ss_wp.o(.constdata)
    .constdata                               0x080047a9   Section       38  _printf_fp_hex.o(.constdata)
    lc_hextab                                0x080047a9   Data          19  _printf_fp_hex.o(.constdata)
    uc_hextab                                0x080047bc   Data          19  _printf_fp_hex.o(.constdata)
    .constdata                               0x080047d0   Section      148  bigflt0.o(.constdata)
    tenpwrs_x                                0x080047d0   Data          60  bigflt0.o(.constdata)
    tenpwrs_i                                0x0800480c   Data          64  bigflt0.o(.constdata)
    locale$$data                             0x08004884   Section       28  lc_numeric_c.o(locale$$data)
    __lcnum_c_name                           0x08004888   Data           2  lc_numeric_c.o(locale$$data)
    __lcnum_c_start                          0x08004890   Data           0  lc_numeric_c.o(locale$$data)
    __lcnum_c_point                          0x0800489c   Data           0  lc_numeric_c.o(locale$$data)
    __lcnum_c_thousands                      0x0800489e   Data           0  lc_numeric_c.o(locale$$data)
    __lcnum_c_grouping                       0x0800489f   Data           0  lc_numeric_c.o(locale$$data)
    locale$$data                             0x080048a0   Section      272  lc_ctype_c.o(locale$$data)
    __lcnum_c_end                            0x080048a0   Data           0  lc_numeric_c.o(locale$$data)
    __lcctype_c_name                         0x080048a4   Data           2  lc_ctype_c.o(locale$$data)
    __lcctype_c_start                        0x080048ac   Data           0  lc_ctype_c.o(locale$$data)
    __lcctype_c_end                          0x080049b0   Data           0  lc_ctype_c.o(locale$$data)
    .data                                    0x20000000   Section        4  main.o(.data)
    .data                                    0x20000004   Section       20  stm32f10x_rcc.o(.data)
    APBAHBPrescTable                         0x20000004   Data          16  stm32f10x_rcc.o(.data)
    ADCPrescTable                            0x20000014   Data           4  stm32f10x_rcc.o(.data)
    .bss                                     0x20000018   Section     1120  main.o(.bss)
    .bss                                     0x20000478   Section     8384  usart.o(.bss)
    .bss                                     0x20002538   Section       96  libspace.o(.bss)
    HEAP                                     0x20002598   Section      512  startup_stm32f10x_md.o(HEAP)
    Heap_Mem                                 0x20002598   Data         512  startup_stm32f10x_md.o(HEAP)
    STACK                                    0x20002798   Section     1024  startup_stm32f10x_md.o(STACK)
    Stack_Mem                                0x20002798   Data        1024  startup_stm32f10x_md.o(STACK)
    __initial_sp                             0x20002b98   Data           0  startup_stm32f10x_md.o(STACK)

    Global Symbols

    Symbol Name                              Value     Ov Type        Size  Object(Section)

    BuildAttributes$$THM_ISAv4$P$D$K$B$S$PE$A:L22UL41UL21$X:L11$S22US41US21$IEEE1$IW$USESV6$~STKCKD$USESV7$~SHL$OTIME$ROPI$IEEEJ$EBA8$UX$STANDARDLIB$REQ8$PRES8$EABIv2 0x00000000   Number         0  anon$$obj.o ABSOLUTE
    __ARM_use_no_argv                        0x00000000   Number         0  main.o ABSOLUTE
    _printf_flags                            0x00000000   Number         0  printf_stubs.o ABSOLUTE
    _printf_return_value                     0x00000000   Number         0  printf_stubs.o ABSOLUTE
    _printf_sizespec                         0x00000000   Number         0  printf_stubs.o ABSOLUTE
    _printf_widthprec                        0x00000000   Number         0  printf_stubs.o ABSOLUTE
    __ARM_exceptions_init                     - Undefined Weak Reference
    __alloca_initialize                       - Undefined Weak Reference
    __arm_fini_                               - Undefined Weak Reference
    __arm_preinit_                            - Undefined Weak Reference
    __cpp_initialize__aeabi_                  - Undefined Weak Reference
    __cxa_finalize                            - Undefined Weak Reference
    __sigvec_lookup                           - Undefined Weak Reference
    _atexit_init                              - Undefined Weak Reference
    _call_atexit_fns                          - Undefined Weak Reference
    _clock_init                               - Undefined Weak Reference
    _fp_trap_init                             - Undefined Weak Reference
    _fp_trap_shutdown                         - Undefined Weak Reference
    _get_lc_collate                           - Undefined Weak Reference
    _get_lc_monetary                          - Undefined Weak Reference
    _get_lc_time                              - Undefined Weak Reference
    _getenv_init                              - Undefined Weak Reference
    _handle_redirection                       - Undefined Weak Reference
    _init_alloc                               - Undefined Weak Reference
    _init_user_alloc                          - Undefined Weak Reference
    _initio                                   - Undefined Weak Reference
    _printf_mbtowc                            - Undefined Weak Reference
    _printf_wc                                - Undefined Weak Reference
    _rand_init                                - Undefined Weak Reference
    _scanf_longlong                           - Undefined Weak Reference
    _scanf_mbtowc                             - Undefined Weak Reference
    _scanf_real                               - Undefined Weak Reference
    _scanf_string                             - Undefined Weak Reference
    _scanf_wctomb                             - Undefined Weak Reference
    _scanf_wstring                            - Undefined Weak Reference
    _signal_finish                            - Undefined Weak Reference
    _signal_init                              - Undefined Weak Reference
    _terminate_alloc                          - Undefined Weak Reference
    _terminate_user_alloc                     - Undefined Weak Reference
    _terminateio                              - Undefined Weak Reference
    __Vectors_Size                           0x000000ec   Number         0  startup_stm32f10x_md.o ABSOLUTE
    __Vectors                                0x08000000   Data           4  startup_stm32f10x_md.o(RESET)
    __Vectors_End                            0x080000ec   Data           0  startup_stm32f10x_md.o(RESET)
    __main                                   0x080000ed   Thumb Code     8  __main.o(!!!main)
    __scatterload                            0x080000f5   Thumb Code     0  __scatter.o(!!!scatter)
    __scatterload_rt2                        0x080000f5   Thumb Code    44  __scatter.o(!!!scatter)
    __scatterload_rt2_thumb_only             0x080000f5   Thumb Code     0  __scatter.o(!!!scatter)
    __scatterload_null                       0x08000103   Thumb Code     0  __scatter.o(!!!scatter)
    __scatterload_copy                       0x08000129   Thumb Code    26  __scatter_copy.o(!!handler_copy)
    __scatterload_zeroinit                   0x08000145   Thumb Code    28  __scatter_zi.o(!!handler_zi)
    _printf_n                                0x08000161   Thumb Code     0  _printf_n.o(.ARM.Collect$$_printf_percent$$00000001)
    _printf_percent                          0x08000161   Thumb Code     0  _printf_percent.o(.ARM.Collect$$_printf_percent$$00000000)
    _printf_p                                0x08000167   Thumb Code     0  _printf_p.o(.ARM.Collect$$_printf_percent$$00000002)
    _printf_f                                0x0800016d   Thumb Code     0  _printf_f.o(.ARM.Collect$$_printf_percent$$00000003)
    _printf_e                                0x08000173   Thumb Code     0  _printf_e.o(.ARM.Collect$$_printf_percent$$00000004)
    _printf_g                                0x08000179   Thumb Code     0  _printf_g.o(.ARM.Collect$$_printf_percent$$00000005)
    _printf_a                                0x0800017f   Thumb Code     0  _printf_a.o(.ARM.Collect$$_printf_percent$$00000006)
    _printf_ll                               0x08000185   Thumb Code     0  _printf_ll.o(.ARM.Collect$$_printf_percent$$00000007)
    _printf_i                                0x0800018f   Thumb Code     0  _printf_i.o(.ARM.Collect$$_printf_percent$$00000008)
    _printf_d                                0x08000195   Thumb Code     0  _printf_d.o(.ARM.Collect$$_printf_percent$$00000009)
    _printf_u                                0x0800019b   Thumb Code     0  _printf_u.o(.ARM.Collect$$_printf_percent$$0000000A)
    _printf_o                                0x080001a1   Thumb Code     0  _printf_o.o(.ARM.Collect$$_printf_percent$$0000000B)
    _printf_x                                0x080001a7   Thumb Code     0  _printf_x.o(.ARM.Collect$$_printf_percent$$0000000C)
    _printf_lli                              0x080001ad   Thumb Code     0  _printf_lli.o(.ARM.Collect$$_printf_percent$$0000000D)
    _printf_lld                              0x080001b3   Thumb Code     0  _printf_lld.o(.ARM.Collect$$_printf_percent$$0000000E)
    _printf_llu                              0x080001b9   Thumb Code     0  _printf_llu.o(.ARM.Collect$$_printf_percent$$0000000F)
    _printf_llo                              0x080001bf   Thumb Code     0  _printf_llo.o(.ARM.Collect$$_printf_percent$$00000010)
    _printf_llx                              0x080001c5   Thumb Code     0  _printf_llx.o(.ARM.Collect$$_printf_percent$$00000011)
    _printf_l                                0x080001cb   Thumb Code     0  _printf_l.o(.ARM.Collect$$_printf_percent$$00000012)
    _printf_c                                0x080001d5   Thumb Code     0  _printf_c.o(.ARM.Collect$$_printf_percent$$00000013)
    _printf_s                                0x080001db   Thumb Code     0  _printf_s.o(.ARM.Collect$$_printf_percent$$00000014)
    _printf_lc                               0x080001e1   Thumb Code     0  _printf_lc.o(.ARM.Collect$$_printf_percent$$00000015)
    _printf_ls                               0x080001e7   Thumb Code     0  _printf_ls.o(.ARM.Collect$$_printf_percent$$00000016)
    _printf_percent_end                      0x080001ed   Thumb Code     0  _printf_percent_end.o(.ARM.Collect$$_printf_percent$$00000017)
    __rt_lib_init                            0x080001f1   Thumb Code     0  libinit.o(.ARM.Collect$$libinit$$00000000)
    __rt_lib_init_fp_1                       0x080001f3   Thumb Code     0  libinit2.o(.ARM.Collect$$libinit$$00000002)
    __rt_lib_init_heap_1                     0x080001f3   Thumb Code     0  libinit2.o(.ARM.Collect$$libinit$$0000000A)
    __rt_lib_init_lc_common                  0x080001f3   Thumb Code     0  libinit2.o(.ARM.Collect$$libinit$$0000000F)
    __rt_lib_init_preinit_1                  0x080001f3   Thumb Code     0  libinit2.o(.ARM.Collect$$libinit$$00000004)
    __rt_lib_init_rand_1                     0x080001f3   Thumb Code     0  libinit2.o(.ARM.Collect$$libinit$$0000000E)
    __rt_lib_init_user_alloc_1               0x080001f3   Thumb Code     0  libinit2.o(.ARM.Collect$$libinit$$0000000C)
    __rt_lib_init_lc_collate_1               0x080001f9   Thumb Code     0  libinit2.o(.ARM.Collect$$libinit$$00000011)
    __rt_lib_init_lc_ctype_2                 0x080001f9   Thumb Code     0  libinit2.o(.ARM.Collect$$libinit$$00000012)
    __rt_lib_init_lc_ctype_1                 0x08000205   Thumb Code     0  libinit2.o(.ARM.Collect$$libinit$$00000013)
    __rt_lib_init_lc_monetary_1              0x08000205   Thumb Code     0  libinit2.o(.ARM.Collect$$libinit$$00000015)
    __rt_lib_init_lc_numeric_2               0x08000205   Thumb Code     0  libinit2.o(.ARM.Collect$$libinit$$00000016)
    __rt_lib_init_alloca_1                   0x0800020f   Thumb Code     0  libinit2.o(.ARM.Collect$$libinit$$0000002E)
    __rt_lib_init_argv_1                     0x0800020f   Thumb Code     0  libinit2.o(.ARM.Collect$$libinit$$0000002C)
    __rt_lib_init_atexit_1                   0x0800020f   Thumb Code     0  libinit2.o(.ARM.Collect$$libinit$$0000001B)
    __rt_lib_init_clock_1                    0x0800020f   Thumb Code     0  libinit2.o(.ARM.Collect$$libinit$$00000021)
    __rt_lib_init_cpp_1                      0x0800020f   Thumb Code     0  libinit2.o(.ARM.Collect$$libinit$$00000032)
    __rt_lib_init_exceptions_1               0x0800020f   Thumb Code     0  libinit2.o(.ARM.Collect$$libinit$$00000030)
    __rt_lib_init_fp_trap_1                  0x0800020f   Thumb Code     0  libinit2.o(.ARM.Collect$$libinit$$0000001F)
    __rt_lib_init_getenv_1                   0x0800020f   Thumb Code     0  libinit2.o(.ARM.Collect$$libinit$$00000023)
    __rt_lib_init_lc_numeric_1               0x0800020f   Thumb Code     0  libinit2.o(.ARM.Collect$$libinit$$00000017)
    __rt_lib_init_lc_time_1                  0x0800020f   Thumb Code     0  libinit2.o(.ARM.Collect$$libinit$$00000019)
    __rt_lib_init_return                     0x0800020f   Thumb Code     0  libinit2.o(.ARM.Collect$$libinit$$00000033)
    __rt_lib_init_signal_1                   0x0800020f   Thumb Code     0  libinit2.o(.ARM.Collect$$libinit$$0000001D)
    __rt_lib_init_stdio_1                    0x0800020f   Thumb Code     0  libinit2.o(.ARM.Collect$$libinit$$00000025)
    __rt_lib_shutdown                        0x08000211   Thumb Code     0  libshutdown.o(.ARM.Collect$$libshutdown$$00000000)
    __rt_lib_shutdown_cpp_1                  0x08000213   Thumb Code     0  libshutdown2.o(.ARM.Collect$$libshutdown$$00000004)
    __rt_lib_shutdown_fini_1                 0x08000213   Thumb Code     0  libshutdown2.o(.ARM.Collect$$libshutdown$$00000002)
    __rt_lib_shutdown_fp_trap_1              0x08000213   Thumb Code     0  libshutdown2.o(.ARM.Collect$$libshutdown$$00000009)
    __rt_lib_shutdown_heap_1                 0x08000213   Thumb Code     0  libshutdown2.o(.ARM.Collect$$libshutdown$$00000011)
    __rt_lib_shutdown_return                 0x08000213   Thumb Code     0  libshutdown2.o(.ARM.Collect$$libshutdown$$00000012)
    __rt_lib_shutdown_signal_1               0x08000213   Thumb Code     0  libshutdown2.o(.ARM.Collect$$libshutdown$$0000000C)
    __rt_lib_shutdown_stdio_1                0x08000213   Thumb Code     0  libshutdown2.o(.ARM.Collect$$libshutdown$$00000006)
    __rt_lib_shutdown_user_alloc_1           0x08000213   Thumb Code     0  libshutdown2.o(.ARM.Collect$$libshutdown$$0000000E)
    __rt_entry                               0x08000215   Thumb Code     0  __rtentry.o(.ARM.Collect$$rtentry$$00000000)
    __rt_entry_presh_1                       0x08000215   Thumb Code     0  __rtentry2.o(.ARM.Collect$$rtentry$$00000002)
    __rt_entry_sh                            0x08000215   Thumb Code     0  __rtentry4.o(.ARM.Collect$$rtentry$$00000004)
    __rt_entry_li                            0x0800021b   Thumb Code     0  __rtentry2.o(.ARM.Collect$$rtentry$$0000000A)
    __rt_entry_postsh_1                      0x0800021b   Thumb Code     0  __rtentry2.o(.ARM.Collect$$rtentry$$00000009)
    __rt_entry_main                          0x0800021f   Thumb Code     0  __rtentry2.o(.ARM.Collect$$rtentry$$0000000D)
    __rt_entry_postli_1                      0x0800021f   Thumb Code     0  __rtentry2.o(.ARM.Collect$$rtentry$$0000000C)
    __rt_exit                                0x08000227   Thumb Code     0  rtexit.o(.ARM.Collect$$rtexit$$00000000)
    __rt_exit_ls                             0x08000229   Thumb Code     0  rtexit2.o(.ARM.Collect$$rtexit$$00000003)
    __rt_exit_prels_1                        0x08000229   Thumb Code     0  rtexit2.o(.ARM.Collect$$rtexit$$00000002)
    __rt_exit_exit                           0x0800022d   Thumb Code     0  rtexit2.o(.ARM.Collect$$rtexit$$00000004)
    MSR_SP                                   0x08000235   Thumb Code     6  boot.o(.emb_text)
    Reset_Handler                            0x0800023d   Thumb Code     8  startup_stm32f10x_md.o(.text)
    ADC1_2_IRQHandler                        0x08000257   Thumb Code     0  startup_stm32f10x_md.o(.text)
    CAN1_RX1_IRQHandler                      0x08000257   Thumb Code     0  startup_stm32f10x_md.o(.text)
    CAN1_SCE_IRQHandler                      0x08000257   Thumb Code     0  startup_stm32f10x_md.o(.text)
    DMA1_Channel1_IRQHandler                 0x08000257   Thumb Code     0  startup_stm32f10x_md.o(.text)
    DMA1_Channel2_IRQHandler                 0x08000257   Thumb Code     0  startup_stm32f10x_md.o(.text)
    DMA1_Channel3_IRQHandler                 0x08000257   Thumb Code     0  startup_stm32f10x_md.o(.text)
    DMA1_Channel4_IRQHandler                 0x08000257   Thumb Code     0  startup_stm32f10x_md.o(.text)
    DMA1_Channel5_IRQHandler                 0x08000257   Thumb Code     0  startup_stm32f10x_md.o(.text)
    DMA1_Channel6_IRQHandler                 0x08000257   Thumb Code     0  startup_stm32f10x_md.o(.text)
    DMA1_Channel7_IRQHandler                 0x08000257   Thumb Code     0  startup_stm32f10x_md.o(.text)
    EXTI0_IRQHandler                         0x08000257   Thumb Code     0  startup_stm32f10x_md.o(.text)
    EXTI15_10_IRQHandler                     0x08000257   Thumb Code     0  startup_stm32f10x_md.o(.text)
    EXTI1_IRQHandler                         0x08000257   Thumb Code     0  startup_stm32f10x_md.o(.text)
    EXTI2_IRQHandler                         0x08000257   Thumb Code     0  startup_stm32f10x_md.o(.text)
    EXTI3_IRQHandler                         0x08000257   Thumb Code     0  startup_stm32f10x_md.o(.text)
    EXTI4_IRQHandler                         0x08000257   Thumb Code     0  startup_stm32f10x_md.o(.text)
    EXTI9_5_IRQHandler                       0x08000257   Thumb Code     0  startup_stm32f10x_md.o(.text)
    FLASH_IRQHandler                         0x08000257   Thumb Code     0  startup_stm32f10x_md.o(.text)
    I2C1_ER_IRQHandler                       0x08000257   Thumb Code     0  startup_stm32f10x_md.o(.text)
    I2C1_EV_IRQHandler                       0x08000257   Thumb Code     0  startup_stm32f10x_md.o(.text)
    I2C2_ER_IRQHandler                       0x08000257   Thumb Code     0  startup_stm32f10x_md.o(.text)
    I2C2_EV_IRQHandler                       0x08000257   Thumb Code     0  startup_stm32f10x_md.o(.text)
    PVD_IRQHandler                           0x08000257   Thumb Code     0  startup_stm32f10x_md.o(.text)
    RCC_IRQHandler                           0x08000257   Thumb Code     0  startup_stm32f10x_md.o(.text)
    RTCAlarm_IRQHandler                      0x08000257   Thumb Code     0  startup_stm32f10x_md.o(.text)
    RTC_IRQHandler                           0x08000257   Thumb Code     0  startup_stm32f10x_md.o(.text)
    SPI1_IRQHandler                          0x08000257   Thumb Code     0  startup_stm32f10x_md.o(.text)
    SPI2_IRQHandler                          0x08000257   Thumb Code     0  startup_stm32f10x_md.o(.text)
    TAMPER_IRQHandler                        0x08000257   Thumb Code     0  startup_stm32f10x_md.o(.text)
    TIM1_BRK_IRQHandler                      0x08000257   Thumb Code     0  startup_stm32f10x_md.o(.text)
    TIM1_CC_IRQHandler                       0x08000257   Thumb Code     0  startup_stm32f10x_md.o(.text)
    TIM1_TRG_COM_IRQHandler                  0x08000257   Thumb Code     0  startup_stm32f10x_md.o(.text)
    TIM1_UP_IRQHandler                       0x08000257   Thumb Code     0  startup_stm32f10x_md.o(.text)
    TIM2_IRQHandler                          0x08000257   Thumb Code     0  startup_stm32f10x_md.o(.text)
    TIM3_IRQHandler                          0x08000257   Thumb Code     0  startup_stm32f10x_md.o(.text)
    TIM4_IRQHandler                          0x08000257   Thumb Code     0  startup_stm32f10x_md.o(.text)
    USART2_IRQHandler                        0x08000257   Thumb Code     0  startup_stm32f10x_md.o(.text)
    USBWakeUp_IRQHandler                     0x08000257   Thumb Code     0  startup_stm32f10x_md.o(.text)
    USB_HP_CAN1_TX_IRQHandler                0x08000257   Thumb Code     0  startup_stm32f10x_md.o(.text)
    USB_LP_CAN1_RX0_IRQHandler               0x08000257   Thumb Code     0  startup_stm32f10x_md.o(.text)
    WWDG_IRQHandler                          0x08000257   Thumb Code     0  startup_stm32f10x_md.o(.text)
    __user_initial_stackheap                 0x08000259   Thumb Code     0  startup_stm32f10x_md.o(.text)
    vsprintf                                 0x0800027d   Thumb Code    32  vsprintf.o(.text)
    __0sscanf                                0x080002a1   Thumb Code    52  __0sscanf.o(.text)
    _scanf_int                               0x080002dd   Thumb Code   332  _scanf_int.o(.text)
    memcmp                                   0x08000429   Thumb Code    88  memcmp.o(.text)
    strlen                                   0x08000481   Thumb Code    62  strlen.o(.text)
    __aeabi_memcpy                           0x080004bf   Thumb Code     0  rt_memcpy_v6.o(.text)
    __rt_memcpy                              0x080004bf   Thumb Code   138  rt_memcpy_v6.o(.text)
    _memcpy_lastbytes                        0x08000525   Thumb Code     0  rt_memcpy_v6.o(.text)
    __aeabi_memclr4                          0x08000549   Thumb Code     0  rt_memclr_w.o(.text)
    __aeabi_memclr8                          0x08000549   Thumb Code     0  rt_memclr_w.o(.text)
    __rt_memclr_w                            0x08000549   Thumb Code    78  rt_memclr_w.o(.text)
    _memset_w                                0x0800054d   Thumb Code     0  rt_memclr_w.o(.text)
    __use_two_region_memory                  0x08000597   Thumb Code     2  heapauxi.o(.text)
    __rt_heap_escrow$2region                 0x08000599   Thumb Code     2  heapauxi.o(.text)
    __rt_heap_expand$2region                 0x0800059b   Thumb Code     2  heapauxi.o(.text)
    _printf_pre_padding                      0x0800059d   Thumb Code    44  _printf_pad.o(.text)
    _printf_post_padding                     0x080005c9   Thumb Code    34  _printf_pad.o(.text)
    _printf_truncate_signed                  0x080005eb   Thumb Code    18  _printf_truncate.o(.text)
    _printf_truncate_unsigned                0x080005fd   Thumb Code    18  _printf_truncate.o(.text)
    _printf_str                              0x0800060f   Thumb Code    82  _printf_str.o(.text)
    _printf_int_dec                          0x08000661   Thumb Code   104  _printf_dec.o(.text)
    _printf_charcount                        0x080006d9   Thumb Code    40  _printf_charcount.o(.text)
    _printf_char_common                      0x0800070b   Thumb Code    32  _printf_char_common.o(.text)
    _sputc                                   0x08000731   Thumb Code    10  _sputc.o(.text)
    _printf_wctomb                           0x0800073d   Thumb Code   182  _printf_wctomb.o(.text)
    _printf_longlong_dec                     0x080007f9   Thumb Code   108  _printf_longlong_dec.o(.text)
    _printf_longlong_oct                     0x08000875   Thumb Code    66  _printf_oct_int_ll.o(.text)
    _printf_int_oct                          0x080008b7   Thumb Code    24  _printf_oct_int_ll.o(.text)
    _printf_ll_oct                           0x080008cf   Thumb Code    12  _printf_oct_int_ll.o(.text)
    _printf_longlong_hex                     0x080008e5   Thumb Code    86  _printf_hex_int_ll_ptr.o(.text)
    _printf_int_hex                          0x0800093b   Thumb Code    28  _printf_hex_int_ll_ptr.o(.text)
    _printf_ll_hex                           0x08000957   Thumb Code    12  _printf_hex_int_ll_ptr.o(.text)
    _printf_hex_ptr                          0x08000963   Thumb Code    18  _printf_hex_int_ll_ptr.o(.text)
    __printf                                 0x08000979   Thumb Code   388  __printf_flags_ss_wp.o(.text)
    _chval                                   0x08000b01   Thumb Code    28  _chval.o(.text)
    __vfscanf_char                           0x08000b29   Thumb Code    24  scanf_char.o(.text)
    _sgetc                                   0x08000b49   Thumb Code    30  _sgetc.o(.text)
    _sbackspace                              0x08000b67   Thumb Code    34  _sgetc.o(.text)
    __aeabi_memcpy4                          0x08000b89   Thumb Code     0  rt_memcpy_w.o(.text)
    __aeabi_memcpy8                          0x08000b89   Thumb Code     0  rt_memcpy_w.o(.text)
    __rt_memcpy_w                            0x08000b89   Thumb Code   100  rt_memcpy_w.o(.text)
    _memcpy_lastbytes_aligned                0x08000bd1   Thumb Code     0  rt_memcpy_w.o(.text)
    _ll_udiv10                               0x08000bed   Thumb Code   138  lludiv10.o(.text)
    isspace                                  0x08000c77   Thumb Code    18  isspace.o(.text)
    _printf_int_common                       0x08000c89   Thumb Code   178  _printf_intcommon.o(.text)
    __lib_sel_fp_printf                      0x08000d3b   Thumb Code     2  _printf_fp_dec.o(.text)
    _printf_fp_dec_real                      0x08000eed   Thumb Code   620  _printf_fp_dec.o(.text)
    _printf_fp_hex_real                      0x08001159   Thumb Code   756  _printf_fp_hex.o(.text)
    _printf_cs_common                        0x08001455   Thumb Code    20  _printf_char.o(.text)
    _printf_char                             0x08001469   Thumb Code    16  _printf_char.o(.text)
    _printf_string                           0x08001479   Thumb Code     8  _printf_char.o(.text)
    _printf_lcs_common                       0x08001481   Thumb Code    20  _printf_wchar.o(.text)
    _printf_wchar                            0x08001495   Thumb Code    16  _printf_wchar.o(.text)
    _printf_wstring                          0x080014a5   Thumb Code     8  _printf_wchar.o(.text)
    __vfscanf                                0x080014ad   Thumb Code   880  _scanf.o(.text)
    _wcrtomb                                 0x08001821   Thumb Code    64  _wcrtomb.o(.text)
    __user_setup_stackheap                   0x08001861   Thumb Code    74  sys_stackheap_outer.o(.text)
    __rt_ctype_table                         0x080018ad   Thumb Code    16  rt_ctype_table.o(.text)
    __rt_locale                              0x080018bd   Thumb Code     8  rt_locale_intlibspace.o(.text)
    _printf_fp_infnan                        0x080018c5   Thumb Code   112  _printf_fp_infnan.o(.text)
    _btod_etento                             0x08001945   Thumb Code   224  bigflt0.o(.text)
    exit                                     0x08001a29   Thumb Code    18  exit.o(.text)
    __user_libspace                          0x08001a3d   Thumb Code     8  libspace.o(.text)
    __user_perproc_libspace                  0x08001a3d   Thumb Code     0  libspace.o(.text)
    __user_perthread_libspace                0x08001a3d   Thumb Code     0  libspace.o(.text)
    strcmp                                   0x08001a45   Thumb Code   128  strcmpv7m.o(.text)
    _sys_exit                                0x08001ac5   Thumb Code     8  sys_exit.o(.text)
    __I$use$semihosting                      0x08001ad1   Thumb Code     0  use_no_semi.o(.text)
    __use_no_semihosting_swi                 0x08001ad1   Thumb Code     2  use_no_semi.o(.text)
    __semihosting_library_function           0x08001ad3   Thumb Code     0  indicate_semi.o(.text)
    _btod_d2e                                0x08001ad3   Thumb Code    62  btod.o(CL$$btod_d2e)
    _d2e_denorm_low                          0x08001b11   Thumb Code    70  btod.o(CL$$btod_d2e_denorm_low)
    _d2e_norm_op1                            0x08001b57   Thumb Code    96  btod.o(CL$$btod_d2e_norm_op1)
    __btod_div_common                        0x08001bb7   Thumb Code   696  btod.o(CL$$btod_div_common)
    _e2e                                     0x08001eef   Thumb Code   220  btod.o(CL$$btod_e2e)
    _btod_ediv                               0x08001fcb   Thumb Code    42  btod.o(CL$$btod_ediv)
    _btod_emul                               0x08001ff5   Thumb Code    42  btod.o(CL$$btod_emul)
    __btod_mult_common                       0x0800201f   Thumb Code   580  btod.o(CL$$btod_mult_common)
    AT24C02_ReadByte                         0x08002263   Thumb Code    84  at24c02.o(i.AT24C02_ReadByte)
    AT24C02_ReadData                         0x080022b7   Thumb Code    36  at24c02.o(i.AT24C02_ReadData)
    AT24C02_ReadOTAInfo                      0x080022dd   Thumb Code    22  at24c02.o(i.AT24C02_ReadOTAInfo)
    AT24C02_WriteOTAInfo                     0x080022f9   Thumb Code    36  at24c02.o(i.AT24C02_WriteOTAInfo)
    AT24C02_WritePage                        0x08002321   Thumb Code    86  at24c02.o(i.AT24C02_WritePage)
    BootLoader_Branch                        0x08002379   Thumb Code    70  boot.o(i.BootLoader_Branch)
    BootLoader_Clear                         0x08002419   Thumb Code    10  boot.o(i.BootLoader_Clear)
    BootLoader_Enter_Command                 0x08002429   Thumb Code    50  boot.o(i.BootLoader_Enter_Command)
    BootLoader_Info                          0x08002481   Thumb Code    58  boot.o(i.BootLoader_Info)
    Bootloader_Event_Process                 0x0800256d   Thumb Code  1576  boot.o(i.Bootloader_Event_Process)
    BusFault_Handler                         0x08002c7d   Thumb Code     4  stm32f10x_it.o(i.BusFault_Handler)
    DMA_Cmd                                  0x08002c81   Thumb Code    24  stm32f10x_dma.o(i.DMA_Cmd)
    DMA_DeInit                               0x08002c99   Thumb Code   324  stm32f10x_dma.o(i.DMA_DeInit)
    DMA_GetCurrDataCounter                   0x08002de5   Thumb Code     8  stm32f10x_dma.o(i.DMA_GetCurrDataCounter)
    DMA_Init                                 0x08002ded   Thumb Code    60  stm32f10x_dma.o(i.DMA_Init)
    DMA_USART1_RX_Init                       0x08002e29   Thumb Code    82  usart.o(i.DMA_USART1_RX_Init)
    DMA_USART3_RX_Init                       0x08002e89   Thumb Code    82  usart.o(i.DMA_USART3_RX_Init)
    DebugMon_Handler                         0x08002ee9   Thumb Code     2  stm32f10x_it.o(i.DebugMon_Handler)
    FLASH_ErasePage                          0x08002eed   Thumb Code    72  stm32f10x_flash.o(i.FLASH_ErasePage)
    FLASH_GetBank1Status                     0x08002f39   Thumb Code    48  stm32f10x_flash.o(i.FLASH_GetBank1Status)
    FLASH_Lock                               0x08002f6d   Thumb Code    14  stm32f10x_flash.o(i.FLASH_Lock)
    FLASH_ProgramWord                        0x08002f81   Thumb Code   102  stm32f10x_flash.o(i.FLASH_ProgramWord)
    FLASH_Unlock                             0x08002fed   Thumb Code    12  stm32f10x_flash.o(i.FLASH_Unlock)
    FLASH_WaitForLastOperation               0x08003005   Thumb Code    38  stm32f10x_flash.o(i.FLASH_WaitForLastOperation)
    FS4G_Init                                0x0800302d   Thumb Code   100  fs4g.o(i.FS4G_Init)
    GPIO_Init                                0x080030c9   Thumb Code   278  stm32f10x_gpio.o(i.GPIO_Init)
    GPIO_ReadInputDataBit                    0x080031df   Thumb Code    18  stm32f10x_gpio.o(i.GPIO_ReadInputDataBit)
    GPIO_ResetBits                           0x080031f1   Thumb Code     4  stm32f10x_gpio.o(i.GPIO_ResetBits)
    GPIO_SetBits                             0x080031f5   Thumb Code     4  stm32f10x_gpio.o(i.GPIO_SetBits)
    HardFault_Handler                        0x080031f9   Thumb Code     4  stm32f10x_it.o(i.HardFault_Handler)
    IIC_Ack                                  0x080031fd   Thumb Code    48  iic.o(i.IIC_Ack)
    IIC_Init                                 0x08003231   Thumb Code    54  iic.o(i.IIC_Init)
    IIC_NAck                                 0x0800326d   Thumb Code    40  iic.o(i.IIC_NAck)
    IIC_Read_Byte                            0x08003299   Thumb Code   102  iic.o(i.IIC_Read_Byte)
    IIC_Send_Byte                            0x08003305   Thumb Code    88  iic.o(i.IIC_Send_Byte)
    IIC_Start                                0x08003361   Thumb Code    48  iic.o(i.IIC_Start)
    IIC_Stop                                 0x08003395   Thumb Code    48  iic.o(i.IIC_Stop)
    IIC_Wait_Ack                             0x080033c9   Thumb Code    82  iic.o(i.IIC_Wait_Ack)
    LOAD_A                                   0x08003421   Thumb Code    50  boot.o(i.LOAD_A)
    MemManage_Handler                        0x080034a9   Thumb Code     4  stm32f10x_it.o(i.MemManage_Handler)
    NMI_Handler                              0x080034ad   Thumb Code     2  stm32f10x_it.o(i.NMI_Handler)
    NVIC_Init                                0x080034b1   Thumb Code   100  misc.o(i.NVIC_Init)
    NVIC_PriorityGroupConfig                 0x08003521   Thumb Code    10  misc.o(i.NVIC_PriorityGroupConfig)
    PendSV_Handler                           0x08003559   Thumb Code     2  stm32f10x_it.o(i.PendSV_Handler)
    RCC_AHBPeriphClockCmd                    0x0800355d   Thumb Code    26  stm32f10x_rcc.o(i.RCC_AHBPeriphClockCmd)
    RCC_APB1PeriphClockCmd                   0x0800357d   Thumb Code    26  stm32f10x_rcc.o(i.RCC_APB1PeriphClockCmd)
    RCC_APB1PeriphResetCmd                   0x0800359d   Thumb Code    26  stm32f10x_rcc.o(i.RCC_APB1PeriphResetCmd)
    RCC_APB2PeriphClockCmd                   0x080035bd   Thumb Code    26  stm32f10x_rcc.o(i.RCC_APB2PeriphClockCmd)
    RCC_APB2PeriphResetCmd                   0x080035dd   Thumb Code    26  stm32f10x_rcc.o(i.RCC_APB2PeriphResetCmd)
    RCC_GetClocksFreq                        0x080035fd   Thumb Code   192  stm32f10x_rcc.o(i.RCC_GetClocksFreq)
    SPI1_Init                                0x080036d1   Thumb Code   146  spi.o(i.SPI1_Init)
    SPI1_Read                                0x0800376d   Thumb Code    28  spi.o(i.SPI1_Read)
    SPI1_ReadWriteByte                       0x08003789   Thumb Code    50  spi.o(i.SPI1_ReadWriteByte)
    SPI1_Write                               0x080037c1   Thumb Code    26  spi.o(i.SPI1_Write)
    SPI_Cmd                                  0x080037db   Thumb Code    24  stm32f10x_spi.o(i.SPI_Cmd)
    SPI_I2S_DeInit                           0x080037f5   Thumb Code    76  stm32f10x_spi.o(i.SPI_I2S_DeInit)
    SPI_I2S_GetFlagStatus                    0x0800384d   Thumb Code    18  stm32f10x_spi.o(i.SPI_I2S_GetFlagStatus)
    SPI_I2S_ReceiveData                      0x0800385f   Thumb Code     6  stm32f10x_spi.o(i.SPI_I2S_ReceiveData)
    SPI_I2S_SendData                         0x08003865   Thumb Code     4  stm32f10x_spi.o(i.SPI_I2S_SendData)
    SPI_Init                                 0x08003869   Thumb Code    60  stm32f10x_spi.o(i.SPI_Init)
    STM32_EraseFlash                         0x080038a5   Thumb Code    46  board_flash.o(i.STM32_EraseFlash)
    STM32_WriteFlash                         0x080038d3   Thumb Code    38  board_flash.o(i.STM32_WriteFlash)
    SVC_Handler                              0x080038f9   Thumb Code     2  stm32f10x_it.o(i.SVC_Handler)
    SysTick_CLKSourceConfig                  0x080039e5   Thumb Code    40  misc.o(i.SysTick_CLKSourceConfig)
    SysTick_Handler                          0x08003a0d   Thumb Code     2  stm32f10x_it.o(i.SysTick_Handler)
    SystemInit                               0x08003a11   Thumb Code    78  system_stm32f10x.o(i.SystemInit)
    U1Rx_Ptr_Init                            0x08003a71   Thumb Code    24  usart.o(i.U1Rx_Ptr_Init)
    U3Rx_Ptr_Init                            0x08003a91   Thumb Code    24  usart.o(i.U3Rx_Ptr_Init)
    U3_Event_Process                         0x08003ab1   Thumb Code    34  fs4g.o(i.U3_Event_Process)
    USART1_IRQHandler                        0x08003af1   Thumb Code   220  stm32f10x_it.o(i.USART1_IRQHandler)
    USART1_Init                              0x08003bdd   Thumb Code   190  usart.o(i.USART1_Init)
    USART3_IRQHandler                        0x08003ca5   Thumb Code   220  stm32f10x_it.o(i.USART3_IRQHandler)
    USART3_Init                              0x08003d91   Thumb Code   196  usart.o(i.USART3_Init)
    USART_Cmd                                0x08003e5d   Thumb Code    24  stm32f10x_usart.o(i.USART_Cmd)
    USART_DMACmd                             0x08003e75   Thumb Code    18  stm32f10x_usart.o(i.USART_DMACmd)
    USART_DeInit                             0x08003e89   Thumb Code   134  stm32f10x_usart.o(i.USART_DeInit)
    USART_GetFlagStatus                      0x08003f25   Thumb Code    26  stm32f10x_usart.o(i.USART_GetFlagStatus)
    USART_GetITStatus                        0x08003f3f   Thumb Code    84  stm32f10x_usart.o(i.USART_GetITStatus)
    USART_ITConfig                           0x08003f93   Thumb Code    74  stm32f10x_usart.o(i.USART_ITConfig)
    USART_Init                               0x08003fdd   Thumb Code   210  stm32f10x_usart.o(i.USART_Init)
    USART_ReceiveData                        0x080040b5   Thumb Code    10  stm32f10x_usart.o(i.USART_ReceiveData)
    USART_SendData                           0x080040bf   Thumb Code     8  stm32f10x_usart.o(i.USART_SendData)
    UsageFault_Handler                       0x080040c7   Thumb Code     4  stm32f10x_it.o(i.UsageFault_Handler)
    W25Q64_Erase64K                          0x080040cd   Thumb Code    70  w25q64.o(i.W25Q64_Erase64K)
    W25Q64_Init                              0x08004119   Thumb Code    48  w25q64.o(i.W25Q64_Init)
    W25Q64_PageWrite                         0x0800414d   Thumb Code    80  w25q64.o(i.W25Q64_PageWrite)
    W25Q64_Read                              0x080041a1   Thumb Code    66  w25q64.o(i.W25Q64_Read)
    W25Q64_WaitBusy                          0x080041e9   Thumb Code    44  w25q64.o(i.W25Q64_WaitBusy)
    W25Q64_WriteEnable                       0x08004219   Thumb Code    30  w25q64.o(i.W25Q64_WriteEnable)
    XModem_CRC16                             0x0800423d   Thumb Code    64  boot.o(i.XModem_CRC16)
    __ARM_fpclassify                         0x0800427d   Thumb Code    40  fpclassify.o(i.__ARM_fpclassify)
    _is_digit                                0x080042a5   Thumb Code    14  __printf_wp.o(i._is_digit)
    delay_Init                               0x080042b3   Thumb Code    10  delay.o(i.delay_Init)
    delay_ms                                 0x080042bd   Thumb Code    26  delay.o(i.delay_ms)
    delay_us                                 0x080042d7   Thumb Code    60  delay.o(i.delay_us)
    main                                     0x08004315   Thumb Code   618  main.o(i.main)
    u1_printf                                0x08004651   Thumb Code    84  usart.o(i.u1_printf)
    u3_printf                                0x080046ad   Thumb Code    84  usart.o(i.u3_printf)
    _get_lc_numeric                          0x08004709   Thumb Code    44  lc_numeric_c.o(locale$$code)
    _get_lc_ctype                            0x08004735   Thumb Code    44  lc_ctype_c.o(locale$$code)
    _printf_fp_dec                           0x08004761   Thumb Code     4  printf1.o(x$fpl$printf1)
    _printf_fp_hex                           0x08004765   Thumb Code     4  printf2.o(x$fpl$printf2)
    __I$use$fp                               0x08004768   Number         0  usenofp.o(x$fpl$usenofp)
    Region$$Table$$Base                      0x08004864   Number         0  anon$$obj.o(Region$$Table)
    Region$$Table$$Limit                     0x08004884   Number         0  anon$$obj.o(Region$$Table)
    __ctype                                  0x080048ad   Data           0  lc_ctype_c.o(locale$$data)
    BootStateFlag                            0x20000000   Data           4  main.o(.data)
    OTA_Info                                 0x20000018   Data          80  main.o(.bss)
    UpdateA                                  0x20000068   Data        1040  main.o(.bss)
    USART1_RX_BUF                            0x20000478   Data        2048  usart.o(.bss)
    USART1_TX_BUF                            0x20000c78   Data        2048  usart.o(.bss)
    U1_CB                                    0x20001478   Data          96  usart.o(.bss)
    USART3_RX_BUF                            0x200014d8   Data        2048  usart.o(.bss)
    USART3_TX_BUF                            0x20001cd8   Data        2048  usart.o(.bss)
    U3_CB                                    0x200024d8   Data          96  usart.o(.bss)
    __libspace_start                         0x20002538   Data          96  libspace.o(.bss)
    __temporary_stack_top$libspace           0x20002598   Data           0  libspace.o(.bss)



==============================================================================

Memory Map of the image

  Image Entry point : 0x0800023d

  Load Region LR_1 (Base: 0x08000000, Size: 0x000049c8, Max: 0xffffffff, ABSOLUTE)

    Execution Region ER_RO (Exec base: 0x08000000, Load base: 0x08000000, Size: 0x000049b0, Max: 0xffffffff, ABSOLUTE)

    Exec Addr    Load Addr    Size         Type   Attr      Idx    E Section Name        Object

    0x08000000   0x08000000   0x000000ec   Data   RO          233    RESET               startup_stm32f10x_md.o
    0x080000ec   0x080000ec   0x00000008   Code   RO         1569  * !!!main             c_w.l(__main.o)
    0x080000f4   0x080000f4   0x00000034   Code   RO         1904    !!!scatter          c_w.l(__scatter.o)
    0x08000128   0x08000128   0x0000001a   Code   RO         1906    !!handler_copy      c_w.l(__scatter_copy.o)
    0x08000142   0x08000142   0x00000002   PAD
    0x08000144   0x08000144   0x0000001c   Code   RO         1908    !!handler_zi        c_w.l(__scatter_zi.o)
    0x08000160   0x08000160   0x00000000   Code   RO         1653    .ARM.Collect$$_printf_percent$$00000000  c_w.l(_printf_percent.o)
    0x08000160   0x08000160   0x00000006   Code   RO         1642    .ARM.Collect$$_printf_percent$$00000001  c_w.l(_printf_n.o)
    0x08000166   0x08000166   0x00000006   Code   RO         1644    .ARM.Collect$$_printf_percent$$00000002  c_w.l(_printf_p.o)
    0x0800016c   0x0800016c   0x00000006   Code   RO         1649    .ARM.Collect$$_printf_percent$$00000003  c_w.l(_printf_f.o)
    0x08000172   0x08000172   0x00000006   Code   RO         1650    .ARM.Collect$$_printf_percent$$00000004  c_w.l(_printf_e.o)
    0x08000178   0x08000178   0x00000006   Code   RO         1651    .ARM.Collect$$_printf_percent$$00000005  c_w.l(_printf_g.o)
    0x0800017e   0x0800017e   0x00000006   Code   RO         1652    .ARM.Collect$$_printf_percent$$00000006  c_w.l(_printf_a.o)
    0x08000184   0x08000184   0x0000000a   Code   RO         1657    .ARM.Collect$$_printf_percent$$00000007  c_w.l(_printf_ll.o)
    0x0800018e   0x0800018e   0x00000006   Code   RO         1646    .ARM.Collect$$_printf_percent$$00000008  c_w.l(_printf_i.o)
    0x08000194   0x08000194   0x00000006   Code   RO         1647    .ARM.Collect$$_printf_percent$$00000009  c_w.l(_printf_d.o)
    0x0800019a   0x0800019a   0x00000006   Code   RO         1648    .ARM.Collect$$_printf_percent$$0000000A  c_w.l(_printf_u.o)
    0x080001a0   0x080001a0   0x00000006   Code   RO         1645    .ARM.Collect$$_printf_percent$$0000000B  c_w.l(_printf_o.o)
    0x080001a6   0x080001a6   0x00000006   Code   RO         1643    .ARM.Collect$$_printf_percent$$0000000C  c_w.l(_printf_x.o)
    0x080001ac   0x080001ac   0x00000006   Code   RO         1654    .ARM.Collect$$_printf_percent$$0000000D  c_w.l(_printf_lli.o)
    0x080001b2   0x080001b2   0x00000006   Code   RO         1655    .ARM.Collect$$_printf_percent$$0000000E  c_w.l(_printf_lld.o)
    0x080001b8   0x080001b8   0x00000006   Code   RO         1656    .ARM.Collect$$_printf_percent$$0000000F  c_w.l(_printf_llu.o)
    0x080001be   0x080001be   0x00000006   Code   RO         1661    .ARM.Collect$$_printf_percent$$00000010  c_w.l(_printf_llo.o)
    0x080001c4   0x080001c4   0x00000006   Code   RO         1662    .ARM.Collect$$_printf_percent$$00000011  c_w.l(_printf_llx.o)
    0x080001ca   0x080001ca   0x0000000a   Code   RO         1658    .ARM.Collect$$_printf_percent$$00000012  c_w.l(_printf_l.o)
    0x080001d4   0x080001d4   0x00000006   Code   RO         1640    .ARM.Collect$$_printf_percent$$00000013  c_w.l(_printf_c.o)
    0x080001da   0x080001da   0x00000006   Code   RO         1641    .ARM.Collect$$_printf_percent$$00000014  c_w.l(_printf_s.o)
    0x080001e0   0x080001e0   0x00000006   Code   RO         1659    .ARM.Collect$$_printf_percent$$00000015  c_w.l(_printf_lc.o)
    0x080001e6   0x080001e6   0x00000006   Code   RO         1660    .ARM.Collect$$_printf_percent$$00000016  c_w.l(_printf_ls.o)
    0x080001ec   0x080001ec   0x00000004   Code   RO         1711    .ARM.Collect$$_printf_percent$$00000017  c_w.l(_printf_percent_end.o)
    0x080001f0   0x080001f0   0x00000002   Code   RO         1762    .ARM.Collect$$libinit$$00000000  c_w.l(libinit.o)
    0x080001f2   0x080001f2   0x00000000   Code   RO         1779    .ARM.Collect$$libinit$$00000002  c_w.l(libinit2.o)
    0x080001f2   0x080001f2   0x00000000   Code   RO         1781    .ARM.Collect$$libinit$$00000004  c_w.l(libinit2.o)
    0x080001f2   0x080001f2   0x00000000   Code   RO         1784    .ARM.Collect$$libinit$$0000000A  c_w.l(libinit2.o)
    0x080001f2   0x080001f2   0x00000000   Code   RO         1786    .ARM.Collect$$libinit$$0000000C  c_w.l(libinit2.o)
    0x080001f2   0x080001f2   0x00000000   Code   RO         1788    .ARM.Collect$$libinit$$0000000E  c_w.l(libinit2.o)
    0x080001f2   0x080001f2   0x00000006   Code   RO         1789    .ARM.Collect$$libinit$$0000000F  c_w.l(libinit2.o)
    0x080001f8   0x080001f8   0x00000000   Code   RO         1791    .ARM.Collect$$libinit$$00000011  c_w.l(libinit2.o)
    0x080001f8   0x080001f8   0x0000000c   Code   RO         1792    .ARM.Collect$$libinit$$00000012  c_w.l(libinit2.o)
    0x08000204   0x08000204   0x00000000   Code   RO         1793    .ARM.Collect$$libinit$$00000013  c_w.l(libinit2.o)
    0x08000204   0x08000204   0x00000000   Code   RO         1795    .ARM.Collect$$libinit$$00000015  c_w.l(libinit2.o)
    0x08000204   0x08000204   0x0000000a   Code   RO         1796    .ARM.Collect$$libinit$$00000016  c_w.l(libinit2.o)
    0x0800020e   0x0800020e   0x00000000   Code   RO         1797    .ARM.Collect$$libinit$$00000017  c_w.l(libinit2.o)
    0x0800020e   0x0800020e   0x00000000   Code   RO         1799    .ARM.Collect$$libinit$$00000019  c_w.l(libinit2.o)
    0x0800020e   0x0800020e   0x00000000   Code   RO         1801    .ARM.Collect$$libinit$$0000001B  c_w.l(libinit2.o)
    0x0800020e   0x0800020e   0x00000000   Code   RO         1803    .ARM.Collect$$libinit$$0000001D  c_w.l(libinit2.o)
    0x0800020e   0x0800020e   0x00000000   Code   RO         1805    .ARM.Collect$$libinit$$0000001F  c_w.l(libinit2.o)
    0x0800020e   0x0800020e   0x00000000   Code   RO         1807    .ARM.Collect$$libinit$$00000021  c_w.l(libinit2.o)
    0x0800020e   0x0800020e   0x00000000   Code   RO         1809    .ARM.Collect$$libinit$$00000023  c_w.l(libinit2.o)
    0x0800020e   0x0800020e   0x00000000   Code   RO         1811    .ARM.Collect$$libinit$$00000025  c_w.l(libinit2.o)
    0x0800020e   0x0800020e   0x00000000   Code   RO         1815    .ARM.Collect$$libinit$$0000002C  c_w.l(libinit2.o)
    0x0800020e   0x0800020e   0x00000000   Code   RO         1817    .ARM.Collect$$libinit$$0000002E  c_w.l(libinit2.o)
    0x0800020e   0x0800020e   0x00000000   Code   RO         1819    .ARM.Collect$$libinit$$00000030  c_w.l(libinit2.o)
    0x0800020e   0x0800020e   0x00000000   Code   RO         1821    .ARM.Collect$$libinit$$00000032  c_w.l(libinit2.o)
    0x0800020e   0x0800020e   0x00000002   Code   RO         1822    .ARM.Collect$$libinit$$00000033  c_w.l(libinit2.o)
    0x08000210   0x08000210   0x00000002   Code   RO         1842    .ARM.Collect$$libshutdown$$00000000  c_w.l(libshutdown.o)
    0x08000212   0x08000212   0x00000000   Code   RO         1855    .ARM.Collect$$libshutdown$$00000002  c_w.l(libshutdown2.o)
    0x08000212   0x08000212   0x00000000   Code   RO         1857    .ARM.Collect$$libshutdown$$00000004  c_w.l(libshutdown2.o)
    0x08000212   0x08000212   0x00000000   Code   RO         1859    .ARM.Collect$$libshutdown$$00000006  c_w.l(libshutdown2.o)
    0x08000212   0x08000212   0x00000000   Code   RO         1862    .ARM.Collect$$libshutdown$$00000009  c_w.l(libshutdown2.o)
    0x08000212   0x08000212   0x00000000   Code   RO         1865    .ARM.Collect$$libshutdown$$0000000C  c_w.l(libshutdown2.o)
    0x08000212   0x08000212   0x00000000   Code   RO         1867    .ARM.Collect$$libshutdown$$0000000E  c_w.l(libshutdown2.o)
    0x08000212   0x08000212   0x00000000   Code   RO         1870    .ARM.Collect$$libshutdown$$00000011  c_w.l(libshutdown2.o)
    0x08000212   0x08000212   0x00000002   Code   RO         1871    .ARM.Collect$$libshutdown$$00000012  c_w.l(libshutdown2.o)
    0x08000214   0x08000214   0x00000000   Code   RO         1571    .ARM.Collect$$rtentry$$00000000  c_w.l(__rtentry.o)
    0x08000214   0x08000214   0x00000000   Code   RO         1680    .ARM.Collect$$rtentry$$00000002  c_w.l(__rtentry2.o)
    0x08000214   0x08000214   0x00000006   Code   RO         1692    .ARM.Collect$$rtentry$$00000004  c_w.l(__rtentry4.o)
    0x0800021a   0x0800021a   0x00000000   Code   RO         1682    .ARM.Collect$$rtentry$$00000009  c_w.l(__rtentry2.o)
    0x0800021a   0x0800021a   0x00000004   Code   RO         1683    .ARM.Collect$$rtentry$$0000000A  c_w.l(__rtentry2.o)
    0x0800021e   0x0800021e   0x00000000   Code   RO         1685    .ARM.Collect$$rtentry$$0000000C  c_w.l(__rtentry2.o)
    0x0800021e   0x0800021e   0x00000008   Code   RO         1686    .ARM.Collect$$rtentry$$0000000D  c_w.l(__rtentry2.o)
    0x08000226   0x08000226   0x00000002   Code   RO         1771    .ARM.Collect$$rtexit$$00000000  c_w.l(rtexit.o)
    0x08000228   0x08000228   0x00000000   Code   RO         1824    .ARM.Collect$$rtexit$$00000002  c_w.l(rtexit2.o)
    0x08000228   0x08000228   0x00000004   Code   RO         1825    .ARM.Collect$$rtexit$$00000003  c_w.l(rtexit2.o)
    0x0800022c   0x0800022c   0x00000006   Code   RO         1826    .ARM.Collect$$rtexit$$00000004  c_w.l(rtexit2.o)
    0x08000232   0x08000232   0x00000002   PAD
    0x08000234   0x08000234   0x00000006   Code   RO         1472    .emb_text           boot.o
    0x0800023a   0x0800023a   0x00000002   PAD
    0x0800023c   0x0800023c   0x00000040   Code   RO          234  * .text               startup_stm32f10x_md.o
    0x0800027c   0x0800027c   0x00000024   Code   RO         1553    .text               c_w.l(vsprintf.o)
    0x080002a0   0x080002a0   0x0000003c   Code   RO         1555    .text               c_w.l(__0sscanf.o)
    0x080002dc   0x080002dc   0x0000014c   Code   RO         1557    .text               c_w.l(_scanf_int.o)
    0x08000428   0x08000428   0x00000058   Code   RO         1559    .text               c_w.l(memcmp.o)
    0x08000480   0x08000480   0x0000003e   Code   RO         1561    .text               c_w.l(strlen.o)
    0x080004be   0x080004be   0x0000008a   Code   RO         1563    .text               c_w.l(rt_memcpy_v6.o)
    0x08000548   0x08000548   0x0000004e   Code   RO         1565    .text               c_w.l(rt_memclr_w.o)
    0x08000596   0x08000596   0x00000006   Code   RO         1567    .text               c_w.l(heapauxi.o)
    0x0800059c   0x0800059c   0x0000004e   Code   RO         1574    .text               c_w.l(_printf_pad.o)
    0x080005ea   0x080005ea   0x00000024   Code   RO         1576    .text               c_w.l(_printf_truncate.o)
    0x0800060e   0x0800060e   0x00000052   Code   RO         1578    .text               c_w.l(_printf_str.o)
    0x08000660   0x08000660   0x00000078   Code   RO         1580    .text               c_w.l(_printf_dec.o)
    0x080006d8   0x080006d8   0x00000028   Code   RO         1582    .text               c_w.l(_printf_charcount.o)
    0x08000700   0x08000700   0x00000030   Code   RO         1584    .text               c_w.l(_printf_char_common.o)
    0x08000730   0x08000730   0x0000000a   Code   RO         1586    .text               c_w.l(_sputc.o)
    0x0800073a   0x0800073a   0x00000002   PAD
    0x0800073c   0x0800073c   0x000000bc   Code   RO         1588    .text               c_w.l(_printf_wctomb.o)
    0x080007f8   0x080007f8   0x0000007c   Code   RO         1591    .text               c_w.l(_printf_longlong_dec.o)
    0x08000874   0x08000874   0x00000070   Code   RO         1597    .text               c_w.l(_printf_oct_int_ll.o)
    0x080008e4   0x080008e4   0x00000094   Code   RO         1617    .text               c_w.l(_printf_hex_int_ll_ptr.o)
    0x08000978   0x08000978   0x00000188   Code   RO         1637    .text               c_w.l(__printf_flags_ss_wp.o)
    0x08000b00   0x08000b00   0x0000001c   Code   RO         1663    .text               c_w.l(_chval.o)
    0x08000b1c   0x08000b1c   0x0000002c   Code   RO         1665    .text               c_w.l(scanf_char.o)
    0x08000b48   0x08000b48   0x00000040   Code   RO         1667    .text               c_w.l(_sgetc.o)
    0x08000b88   0x08000b88   0x00000064   Code   RO         1669    .text               c_w.l(rt_memcpy_w.o)
    0x08000bec   0x08000bec   0x0000008a   Code   RO         1694    .text               c_w.l(lludiv10.o)
    0x08000c76   0x08000c76   0x00000012   Code   RO         1696    .text               c_w.l(isspace.o)
    0x08000c88   0x08000c88   0x000000b2   Code   RO         1698    .text               c_w.l(_printf_intcommon.o)
    0x08000d3a   0x08000d3a   0x0000041e   Code   RO         1700    .text               c_w.l(_printf_fp_dec.o)
    0x08001158   0x08001158   0x000002fc   Code   RO         1702    .text               c_w.l(_printf_fp_hex.o)
    0x08001454   0x08001454   0x0000002c   Code   RO         1707    .text               c_w.l(_printf_char.o)
    0x08001480   0x08001480   0x0000002c   Code   RO         1709    .text               c_w.l(_printf_wchar.o)
    0x080014ac   0x080014ac   0x00000374   Code   RO         1712    .text               c_w.l(_scanf.o)
    0x08001820   0x08001820   0x00000040   Code   RO         1714    .text               c_w.l(_wcrtomb.o)
    0x08001860   0x08001860   0x0000004a   Code   RO         1716    .text               c_w.l(sys_stackheap_outer.o)
    0x080018aa   0x080018aa   0x00000002   PAD
    0x080018ac   0x080018ac   0x00000010   Code   RO         1718    .text               c_w.l(rt_ctype_table.o)
    0x080018bc   0x080018bc   0x00000008   Code   RO         1723    .text               c_w.l(rt_locale_intlibspace.o)
    0x080018c4   0x080018c4   0x00000080   Code   RO         1725    .text               c_w.l(_printf_fp_infnan.o)
    0x08001944   0x08001944   0x000000e4   Code   RO         1727    .text               c_w.l(bigflt0.o)
    0x08001a28   0x08001a28   0x00000012   Code   RO         1755    .text               c_w.l(exit.o)
    0x08001a3a   0x08001a3a   0x00000002   PAD
    0x08001a3c   0x08001a3c   0x00000008   Code   RO         1768    .text               c_w.l(libspace.o)
    0x08001a44   0x08001a44   0x00000080   Code   RO         1776    .text               c_w.l(strcmpv7m.o)
    0x08001ac4   0x08001ac4   0x0000000c   Code   RO         1834    .text               c_w.l(sys_exit.o)
    0x08001ad0   0x08001ad0   0x00000002   Code   RO         1845    .text               c_w.l(use_no_semi.o)
    0x08001ad2   0x08001ad2   0x00000000   Code   RO         1847    .text               c_w.l(indicate_semi.o)
    0x08001ad2   0x08001ad2   0x0000003e   Code   RO         1730    CL$$btod_d2e        c_w.l(btod.o)
    0x08001b10   0x08001b10   0x00000046   Code   RO         1732    CL$$btod_d2e_denorm_low  c_w.l(btod.o)
    0x08001b56   0x08001b56   0x00000060   Code   RO         1731    CL$$btod_d2e_norm_op1  c_w.l(btod.o)
    0x08001bb6   0x08001bb6   0x00000338   Code   RO         1740    CL$$btod_div_common  c_w.l(btod.o)
    0x08001eee   0x08001eee   0x000000dc   Code   RO         1737    CL$$btod_e2e        c_w.l(btod.o)
    0x08001fca   0x08001fca   0x0000002a   Code   RO         1734    CL$$btod_ediv       c_w.l(btod.o)
    0x08001ff4   0x08001ff4   0x0000002a   Code   RO         1733    CL$$btod_emul       c_w.l(btod.o)
    0x0800201e   0x0800201e   0x00000244   Code   RO         1739    CL$$btod_mult_common  c_w.l(btod.o)
    0x08002262   0x08002262   0x00000054   Code   RO         1324    i.AT24C02_ReadByte  at24c02.o
    0x080022b6   0x080022b6   0x00000024   Code   RO         1325    i.AT24C02_ReadData  at24c02.o
    0x080022da   0x080022da   0x00000002   PAD
    0x080022dc   0x080022dc   0x0000001c   Code   RO         1326    i.AT24C02_ReadOTAInfo  at24c02.o
    0x080022f8   0x080022f8   0x00000028   Code   RO         1328    i.AT24C02_WriteOTAInfo  at24c02.o
    0x08002320   0x08002320   0x00000056   Code   RO         1329    i.AT24C02_WritePage  at24c02.o
    0x08002376   0x08002376   0x00000002   PAD
    0x08002378   0x08002378   0x000000a0   Code   RO         1473    i.BootLoader_Branch  boot.o
    0x08002418   0x08002418   0x00000010   Code   RO         1474    i.BootLoader_Clear  boot.o
    0x08002428   0x08002428   0x00000058   Code   RO         1475    i.BootLoader_Enter_Command  boot.o
    0x08002480   0x08002480   0x000000ec   Code   RO         1476    i.BootLoader_Info   boot.o
    0x0800256c   0x0800256c   0x00000710   Code   RO         1477    i.Bootloader_Event_Process  boot.o
    0x08002c7c   0x08002c7c   0x00000004   Code   RO          107    i.BusFault_Handler  stm32f10x_it.o
    0x08002c80   0x08002c80   0x00000018   Code   RO          790    i.DMA_Cmd           stm32f10x_dma.o
    0x08002c98   0x08002c98   0x0000014c   Code   RO          791    i.DMA_DeInit        stm32f10x_dma.o
    0x08002de4   0x08002de4   0x00000008   Code   RO          792    i.DMA_GetCurrDataCounter  stm32f10x_dma.o
    0x08002dec   0x08002dec   0x0000003c   Code   RO          796    i.DMA_Init          stm32f10x_dma.o
    0x08002e28   0x08002e28   0x00000060   Code   RO         1178    i.DMA_USART1_RX_Init  usart.o
    0x08002e88   0x08002e88   0x00000060   Code   RO         1179    i.DMA_USART3_RX_Init  usart.o
    0x08002ee8   0x08002ee8   0x00000002   Code   RO          108    i.DebugMon_Handler  stm32f10x_it.o
    0x08002eea   0x08002eea   0x00000002   PAD
    0x08002eec   0x08002eec   0x0000004c   Code   RO         1009    i.FLASH_ErasePage   stm32f10x_flash.o
    0x08002f38   0x08002f38   0x00000034   Code   RO         1010    i.FLASH_GetBank1Status  stm32f10x_flash.o
    0x08002f6c   0x08002f6c   0x00000014   Code   RO         1019    i.FLASH_Lock        stm32f10x_flash.o
    0x08002f80   0x08002f80   0x0000006c   Code   RO         1024    i.FLASH_ProgramWord  stm32f10x_flash.o
    0x08002fec   0x08002fec   0x00000018   Code   RO         1027    i.FLASH_Unlock      stm32f10x_flash.o
    0x08003004   0x08003004   0x00000026   Code   RO         1031    i.FLASH_WaitForLastOperation  stm32f10x_flash.o
    0x0800302a   0x0800302a   0x00000002   PAD
    0x0800302c   0x0800302c   0x0000009c   Code   RO         1533    i.FS4G_Init         fs4g.o
    0x080030c8   0x080030c8   0x00000116   Code   RO          680    i.GPIO_Init         stm32f10x_gpio.o
    0x080031de   0x080031de   0x00000012   Code   RO          684    i.GPIO_ReadInputDataBit  stm32f10x_gpio.o
    0x080031f0   0x080031f0   0x00000004   Code   RO          687    i.GPIO_ResetBits    stm32f10x_gpio.o
    0x080031f4   0x080031f4   0x00000004   Code   RO          688    i.GPIO_SetBits      stm32f10x_gpio.o
    0x080031f8   0x080031f8   0x00000004   Code   RO          109    i.HardFault_Handler  stm32f10x_it.o
    0x080031fc   0x080031fc   0x00000034   Code   RO         1269    i.IIC_Ack           iic.o
    0x08003230   0x08003230   0x0000003c   Code   RO         1270    i.IIC_Init          iic.o
    0x0800326c   0x0800326c   0x0000002c   Code   RO         1271    i.IIC_NAck          iic.o
    0x08003298   0x08003298   0x0000006c   Code   RO         1272    i.IIC_Read_Byte     iic.o
    0x08003304   0x08003304   0x0000005c   Code   RO         1273    i.IIC_Send_Byte     iic.o
    0x08003360   0x08003360   0x00000034   Code   RO         1274    i.IIC_Start         iic.o
    0x08003394   0x08003394   0x00000034   Code   RO         1275    i.IIC_Stop          iic.o
    0x080033c8   0x080033c8   0x00000058   Code   RO         1276    i.IIC_Wait_Ack      iic.o
    0x08003420   0x08003420   0x00000088   Code   RO         1478    i.LOAD_A            boot.o
    0x080034a8   0x080034a8   0x00000004   Code   RO          110    i.MemManage_Handler  stm32f10x_it.o
    0x080034ac   0x080034ac   0x00000002   Code   RO          111    i.NMI_Handler       stm32f10x_it.o
    0x080034ae   0x080034ae   0x00000002   PAD
    0x080034b0   0x080034b0   0x00000070   Code   RO          238    i.NVIC_Init         misc.o
    0x08003520   0x08003520   0x00000014   Code   RO          239    i.NVIC_PriorityGroupConfig  misc.o
    0x08003534   0x08003534   0x00000024   Code   RO         1479    i.NVIC_SystemReset  boot.o
    0x08003558   0x08003558   0x00000002   Code   RO          112    i.PendSV_Handler    stm32f10x_it.o
    0x0800355a   0x0800355a   0x00000002   PAD
    0x0800355c   0x0800355c   0x00000020   Code   RO          295    i.RCC_AHBPeriphClockCmd  stm32f10x_rcc.o
    0x0800357c   0x0800357c   0x00000020   Code   RO          296    i.RCC_APB1PeriphClockCmd  stm32f10x_rcc.o
    0x0800359c   0x0800359c   0x00000020   Code   RO          297    i.RCC_APB1PeriphResetCmd  stm32f10x_rcc.o
    0x080035bc   0x080035bc   0x00000020   Code   RO          298    i.RCC_APB2PeriphClockCmd  stm32f10x_rcc.o
    0x080035dc   0x080035dc   0x00000020   Code   RO          299    i.RCC_APB2PeriphResetCmd  stm32f10x_rcc.o
    0x080035fc   0x080035fc   0x000000d4   Code   RO          306    i.RCC_GetClocksFreq  stm32f10x_rcc.o
    0x080036d0   0x080036d0   0x0000009c   Code   RO         1379    i.SPI1_Init         spi.o
    0x0800376c   0x0800376c   0x0000001c   Code   RO         1380    i.SPI1_Read         spi.o
    0x08003788   0x08003788   0x00000038   Code   RO         1381    i.SPI1_ReadWriteByte  spi.o
    0x080037c0   0x080037c0   0x0000001a   Code   RO         1382    i.SPI1_Write        spi.o
    0x080037da   0x080037da   0x00000018   Code   RO          865    i.SPI_Cmd           stm32f10x_spi.o
    0x080037f2   0x080037f2   0x00000002   PAD
    0x080037f4   0x080037f4   0x00000058   Code   RO          872    i.SPI_I2S_DeInit    stm32f10x_spi.o
    0x0800384c   0x0800384c   0x00000012   Code   RO          873    i.SPI_I2S_GetFlagStatus  stm32f10x_spi.o
    0x0800385e   0x0800385e   0x00000006   Code   RO          876    i.SPI_I2S_ReceiveData  stm32f10x_spi.o
    0x08003864   0x08003864   0x00000004   Code   RO          877    i.SPI_I2S_SendData  stm32f10x_spi.o
    0x08003868   0x08003868   0x0000003c   Code   RO          878    i.SPI_Init          stm32f10x_spi.o
    0x080038a4   0x080038a4   0x0000002e   Code   RO         1454    i.STM32_EraseFlash  board_flash.o
    0x080038d2   0x080038d2   0x00000026   Code   RO         1455    i.STM32_WriteFlash  board_flash.o
    0x080038f8   0x080038f8   0x00000002   Code   RO          113    i.SVC_Handler       stm32f10x_it.o
    0x080038fa   0x080038fa   0x00000008   Code   RO          186    i.SetSysClock       system_stm32f10x.o
    0x08003902   0x08003902   0x00000002   PAD
    0x08003904   0x08003904   0x000000e0   Code   RO          187    i.SetSysClockTo72   system_stm32f10x.o
    0x080039e4   0x080039e4   0x00000028   Code   RO          242    i.SysTick_CLKSourceConfig  misc.o
    0x08003a0c   0x08003a0c   0x00000002   Code   RO          114    i.SysTick_Handler   stm32f10x_it.o
    0x08003a0e   0x08003a0e   0x00000002   PAD
    0x08003a10   0x08003a10   0x00000060   Code   RO          189    i.SystemInit        system_stm32f10x.o
    0x08003a70   0x08003a70   0x00000020   Code   RO         1180    i.U1Rx_Ptr_Init     usart.o
    0x08003a90   0x08003a90   0x00000020   Code   RO         1181    i.U3Rx_Ptr_Init     usart.o
    0x08003ab0   0x08003ab0   0x00000040   Code   RO         1534    i.U3_Event_Process  fs4g.o
    0x08003af0   0x08003af0   0x000000ec   Code   RO          115    i.USART1_IRQHandler  stm32f10x_it.o
    0x08003bdc   0x08003bdc   0x000000c8   Code   RO         1182    i.USART1_Init       usart.o
    0x08003ca4   0x08003ca4   0x000000ec   Code   RO          116    i.USART3_IRQHandler  stm32f10x_it.o
    0x08003d90   0x08003d90   0x000000cc   Code   RO         1183    i.USART3_Init       usart.o
    0x08003e5c   0x08003e5c   0x00000018   Code   RO          498    i.USART_Cmd         stm32f10x_usart.o
    0x08003e74   0x08003e74   0x00000012   Code   RO          499    i.USART_DMACmd      stm32f10x_usart.o
    0x08003e86   0x08003e86   0x00000002   PAD
    0x08003e88   0x08003e88   0x0000009c   Code   RO          500    i.USART_DeInit      stm32f10x_usart.o
    0x08003f24   0x08003f24   0x0000001a   Code   RO          501    i.USART_GetFlagStatus  stm32f10x_usart.o
    0x08003f3e   0x08003f3e   0x00000054   Code   RO          502    i.USART_GetITStatus  stm32f10x_usart.o
    0x08003f92   0x08003f92   0x0000004a   Code   RO          504    i.USART_ITConfig    stm32f10x_usart.o
    0x08003fdc   0x08003fdc   0x000000d8   Code   RO          505    i.USART_Init        stm32f10x_usart.o
    0x080040b4   0x080040b4   0x0000000a   Code   RO          512    i.USART_ReceiveData  stm32f10x_usart.o
    0x080040be   0x080040be   0x00000008   Code   RO          515    i.USART_SendData    stm32f10x_usart.o
    0x080040c6   0x080040c6   0x00000004   Code   RO          117    i.UsageFault_Handler  stm32f10x_it.o
    0x080040ca   0x080040ca   0x00000002   PAD
    0x080040cc   0x080040cc   0x0000004c   Code   RO         1412    i.W25Q64_Erase64K   w25q64.o
    0x08004118   0x08004118   0x00000034   Code   RO         1413    i.W25Q64_Init       w25q64.o
    0x0800414c   0x0800414c   0x00000054   Code   RO         1414    i.W25Q64_PageWrite  w25q64.o
    0x080041a0   0x080041a0   0x00000048   Code   RO         1415    i.W25Q64_Read       w25q64.o
    0x080041e8   0x080041e8   0x00000030   Code   RO         1416    i.W25Q64_WaitBusy   w25q64.o
    0x08004218   0x08004218   0x00000024   Code   RO         1417    i.W25Q64_WriteEnable  w25q64.o
    0x0800423c   0x0800423c   0x00000040   Code   RO         1480    i.XModem_CRC16      boot.o
    0x0800427c   0x0800427c   0x00000028   Code   RO         1766    i.__ARM_fpclassify  m_ws.l(fpclassify.o)
    0x080042a4   0x080042a4   0x0000000e   Code   RO         1630    i._is_digit         c_w.l(__printf_wp.o)
    0x080042b2   0x080042b2   0x0000000a   Code   RO         1245    i.delay_Init        delay.o
    0x080042bc   0x080042bc   0x0000001a   Code   RO         1246    i.delay_ms          delay.o
    0x080042d6   0x080042d6   0x0000003c   Code   RO         1247    i.delay_us          delay.o
    0x08004312   0x08004312   0x00000002   PAD
    0x08004314   0x08004314   0x0000033c   Code   RO            1    i.main              main.o
    0x08004650   0x08004650   0x0000005c   Code   RO         1184    i.u1_printf         usart.o
    0x080046ac   0x080046ac   0x0000005c   Code   RO         1185    i.u3_printf         usart.o
    0x08004708   0x08004708   0x0000002c   Code   RO         1753    locale$$code        c_w.l(lc_numeric_c.o)
    0x08004734   0x08004734   0x0000002c   Code   RO         1774    locale$$code        c_w.l(lc_ctype_c.o)
    0x08004760   0x08004760   0x00000004   Code   RO         1671    x$fpl$printf1       fz_ws.l(printf1.o)
    0x08004764   0x08004764   0x00000004   Code   RO         1673    x$fpl$printf2       fz_ws.l(printf2.o)
    0x08004768   0x08004768   0x00000000   Code   RO         1765    x$fpl$usenofp       fz_ws.l(usenofp.o)
    0x08004768   0x08004768   0x00000008   Data   RO         1589    .constdata          c_w.l(_printf_wctomb.o)
    0x08004770   0x08004770   0x00000028   Data   RO         1618    .constdata          c_w.l(_printf_hex_int_ll_ptr.o)
    0x08004798   0x08004798   0x00000011   Data   RO         1638    .constdata          c_w.l(__printf_flags_ss_wp.o)
    0x080047a9   0x080047a9   0x00000026   Data   RO         1703    .constdata          c_w.l(_printf_fp_hex.o)
    0x080047cf   0x080047cf   0x00000001   PAD
    0x080047d0   0x080047d0   0x00000094   Data   RO         1728    .constdata          c_w.l(bigflt0.o)
    0x08004864   0x08004864   0x00000020   Data   RO         1902    Region$$Table       anon$$obj.o
    0x08004884   0x08004884   0x0000001c   Data   RO         1752    locale$$data        c_w.l(lc_numeric_c.o)
    0x080048a0   0x080048a0   0x00000110   Data   RO         1773    locale$$data        c_w.l(lc_ctype_c.o)


    Execution Region ER_RW (Exec base: 0x20000000, Load base: 0x080049b0, Size: 0x00000018, Max: 0xffffffff, ABSOLUTE)

    Exec Addr    Load Addr    Size         Type   Attr      Idx    E Section Name        Object

    0x20000000   0x080049b0   0x00000004   Data   RW            3    .data               main.o
    0x20000004   0x080049b4   0x00000014   Data   RW          326    .data               stm32f10x_rcc.o


    Execution Region ER_ZI (Exec base: 0x20000018, Load base: 0x080049c8, Size: 0x00002b80, Max: 0xffffffff, ABSOLUTE)

    Exec Addr    Load Addr    Size         Type   Attr      Idx    E Section Name        Object

    0x20000018        -       0x00000460   Zero   RW            2    .bss                main.o
    0x20000478        -       0x000020c0   Zero   RW         1186    .bss                usart.o
    0x20002538        -       0x00000060   Zero   RW         1769    .bss                c_w.l(libspace.o)
    0x20002598        -       0x00000200   Zero   RW          232    HEAP                startup_stm32f10x_md.o
    0x20002798        -       0x00000400   Zero   RW          231    STACK               startup_stm32f10x_md.o


==============================================================================

Image component sizes


      Code (inc. data)   RO Data    RW Data    ZI Data      Debug   Object Name

       274         10          0          0          0       3439   at24c02.o
        84          0          0          0          0       1558   board_flash.o
      2550       1048          0          0          0      20546   boot.o
         0          0          0          0          0         32   core_cm3.o
        96          0          0          0          0       1363   delay.o
       220         86          0          0          0       1323   fs4g.o
       548         38          0          0          0       3978   iic.o
       828        210          0          4       1120     270091   main.o
       172         22          0          0          0     205325   misc.o
       266         16          0          0          0       2482   spi.o
        64         26        236          0       1536        776   startup_stm32f10x_md.o
       424          8          0          0          0       3875   stm32f10x_dma.o
       318         32          0          0          0       4718   stm32f10x_flash.o
       304          0          0          0          0       3556   stm32f10x_gpio.o
       498         32          0          0          0       4718   stm32f10x_it.o
       372         50          0         20          0       5976   stm32f10x_rcc.o
       200         12          0          0          0       4267   stm32f10x_spi.o
       616         28          0          0          0       7167   stm32f10x_usart.o
       328         28          0          0          0       1713   system_stm32f10x.o
       844         78          0          0       8384       6528   usart.o
       368         30          0          0          0       3492   w25q64.o

    ----------------------------------------------------------------------
      9400       1754        268         24      11040     556923   Object Totals
         0          0         32          0          0          0   (incl. Generated)
        26          0          0          0          0          0   (incl. Padding)

    ----------------------------------------------------------------------

      Code (inc. data)   RO Data    RW Data    ZI Data      Debug   Library Member Name

        60          8          0          0          0         84   __0sscanf.o
         8          0          0          0          0         68   __main.o
       392          4         17          0          0         92   __printf_flags_ss_wp.o
        14          0          0          0          0         68   __printf_wp.o
         0          0          0          0          0          0   __rtentry.o
        12          0          0          0          0          0   __rtentry2.o
         6          0          0          0          0          0   __rtentry4.o
        52          8          0          0          0          0   __scatter.o
        26          0          0          0          0          0   __scatter_copy.o
        28          0          0          0          0          0   __scatter_zi.o
        28          0          0          0          0         68   _chval.o
         6          0          0          0          0          0   _printf_a.o
         6          0          0          0          0          0   _printf_c.o
        44          0          0          0          0        108   _printf_char.o
        48          6          0          0          0         96   _printf_char_common.o
        40          0          0          0          0         68   _printf_charcount.o
         6          0          0          0          0          0   _printf_d.o
       120         16          0          0          0         92   _printf_dec.o
         6          0          0          0          0          0   _printf_e.o
         6          0          0          0          0          0   _printf_f.o
      1054          0          0          0          0        216   _printf_fp_dec.o
       764          8         38          0          0        100   _printf_fp_hex.o
       128         16          0          0          0         84   _printf_fp_infnan.o
         6          0          0          0          0          0   _printf_g.o
       148          4         40          0          0        160   _printf_hex_int_ll_ptr.o
         6          0          0          0          0          0   _printf_i.o
       178          0          0          0          0         88   _printf_intcommon.o
        10          0          0          0          0          0   _printf_l.o
         6          0          0          0          0          0   _printf_lc.o
        10          0          0          0          0          0   _printf_ll.o
         6          0          0          0          0          0   _printf_lld.o
         6          0          0          0          0          0   _printf_lli.o
         6          0          0          0          0          0   _printf_llo.o
         6          0          0          0          0          0   _printf_llu.o
         6          0          0          0          0          0   _printf_llx.o
       124         16          0          0          0         92   _printf_longlong_dec.o
         6          0          0          0          0          0   _printf_ls.o
         6          0          0          0          0          0   _printf_n.o
         6          0          0          0          0          0   _printf_o.o
       112         10          0          0          0        124   _printf_oct_int_ll.o
         6          0          0          0          0          0   _printf_p.o
        78          0          0          0          0        108   _printf_pad.o
         0          0          0          0          0          0   _printf_percent.o
         4          0          0          0          0          0   _printf_percent_end.o
         6          0          0          0          0          0   _printf_s.o
        82          0          0          0          0         80   _printf_str.o
        36          0          0          0          0         84   _printf_truncate.o
         6          0          0          0          0          0   _printf_u.o
        44          0          0          0          0        108   _printf_wchar.o
       188          6          8          0          0         92   _printf_wctomb.o
         6          0          0          0          0          0   _printf_x.o
       884          4          0          0          0        100   _scanf.o
       332          0          0          0          0         96   _scanf_int.o
        64          0          0          0          0         84   _sgetc.o
        10          0          0          0          0         68   _sputc.o
        64          0          0          0          0         92   _wcrtomb.o
       228          4        148          0          0         96   bigflt0.o
      1936        128          0          0          0        672   btod.o
        18          0          0          0          0         80   exit.o
         6          0          0          0          0        152   heapauxi.o
         0          0          0          0          0          0   indicate_semi.o
        18          0          0          0          0         76   isspace.o
        44         10        272          0          0         76   lc_ctype_c.o
        44         10         28          0          0         76   lc_numeric_c.o
         2          0          0          0          0          0   libinit.o
        30          0          0          0          0          0   libinit2.o
         2          0          0          0          0          0   libshutdown.o
         2          0          0          0          0          0   libshutdown2.o
         8          4          0          0         96         68   libspace.o
       138          0          0          0          0         80   lludiv10.o
        88          0          0          0          0         76   memcmp.o
        16          4          0          0          0         76   rt_ctype_table.o
         8          4          0          0          0         68   rt_locale_intlibspace.o
        78          0          0          0          0         80   rt_memclr_w.o
       138          0          0          0          0         68   rt_memcpy_v6.o
       100          0          0          0          0         80   rt_memcpy_w.o
         2          0          0          0          0          0   rtexit.o
        10          0          0          0          0          0   rtexit2.o
        44          8          0          0          0         84   scanf_char.o
       128          0          0          0          0         68   strcmpv7m.o
        62          0          0          0          0         76   strlen.o
        12          4          0          0          0         68   sys_exit.o
        74          0          0          0          0         80   sys_stackheap_outer.o
         2          0          0          0          0         68   use_no_semi.o
        36          4          0          0          0         76   vsprintf.o
         4          0          0          0          0         68   printf1.o
         4          0          0          0          0         68   printf2.o
         0          0          0          0          0          0   usenofp.o
        40          0          0          0          0         68   fpclassify.o

    ----------------------------------------------------------------------
      8644        286        552          0         96       5068   Library Totals
        10          0          1          0          0          0   (incl. Padding)

    ----------------------------------------------------------------------

      Code (inc. data)   RO Data    RW Data    ZI Data      Debug   Library Name

      8586        286        551          0         96       4864   c_w.l
         8          0          0          0          0        136   fz_ws.l
        40          0          0          0          0         68   m_ws.l

    ----------------------------------------------------------------------
      8644        286        552          0         96       5068   Library Totals

    ----------------------------------------------------------------------

==============================================================================


      Code (inc. data)   RO Data    RW Data    ZI Data      Debug   

     18044       2040        820         24      11136     554135   Grand Totals
     18044       2040        820         24      11136     554135   ELF Image Totals
     18044       2040        820         24          0          0   ROM Totals

==============================================================================

    Total RO  Size (Code + RO Data)                18864 (  18.42kB)
    Total RW  Size (RW Data + ZI Data)             11160 (  10.90kB)
    Total ROM Size (Code + RO Data + RW Data)      18888 (  18.45kB)

==============================================================================

