<!doctype html public "-//w3c//dtd html 4.0 transitional//en">
<html><head>
<title>Static Call Graph - [..\OBJ\工程文件.axf]</title></head>
<body><HR>
<H1>Static Call Graph for image ..\OBJ\工程文件.axf</H1><HR>
<BR><P>#&#060CALLGRAPH&#062# ARM Linker, 5060750: Last Updated: Fri Feb 24 15:52:41 2023
<BR><P>
<H3>Maximum Stack Usage =        324 bytes + Unknown(Cycles, Untraceable Function Pointers)</H3><H3>
Call chain for Maximum Stack Depth:</H3>
_printf_f &rArr; _printf_fp_dec &rArr; _printf_fp_dec_real &rArr; _fp_digits &rArr; _btod_etento &rArr; _btod_emul &rArr; _e2e
<P>
<H3>
Mutually Recursive functions
</H3> <LI><a href="#[20]">ADC0_1_IRQHandler</a>&nbsp;&nbsp;&nbsp;&rArr;&nbsp;&nbsp;&nbsp;<a href="#[20]">ADC0_1_IRQHandler</a><BR>
</UL>
<P>
<H3>
Function Pointers
</H3><UL>
 <LI><a href="#[20]">ADC0_1_IRQHandler</a> from startup_gd32f10x_md.o(.text) referenced from startup_gd32f10x_md.o(RESET)
 <LI><a href="#[8]">BusFault_Handler</a> from gd32f10x_it.o(i.BusFault_Handler) referenced from startup_gd32f10x_md.o(RESET)
 <LI><a href="#[24]">CAN0_EWMC_IRQHandler</a> from startup_gd32f10x_md.o(.text) referenced from startup_gd32f10x_md.o(RESET)
 <LI><a href="#[23]">CAN0_RX1_IRQHandler</a> from startup_gd32f10x_md.o(.text) referenced from startup_gd32f10x_md.o(RESET)
 <LI><a href="#[19]">DMA0_Channel0_IRQHandler</a> from startup_gd32f10x_md.o(.text) referenced from startup_gd32f10x_md.o(RESET)
 <LI><a href="#[1a]">DMA0_Channel1_IRQHandler</a> from startup_gd32f10x_md.o(.text) referenced from startup_gd32f10x_md.o(RESET)
 <LI><a href="#[1b]">DMA0_Channel2_IRQHandler</a> from startup_gd32f10x_md.o(.text) referenced from startup_gd32f10x_md.o(RESET)
 <LI><a href="#[1c]">DMA0_Channel3_IRQHandler</a> from startup_gd32f10x_md.o(.text) referenced from startup_gd32f10x_md.o(RESET)
 <LI><a href="#[1d]">DMA0_Channel4_IRQHandler</a> from startup_gd32f10x_md.o(.text) referenced from startup_gd32f10x_md.o(RESET)
 <LI><a href="#[1e]">DMA0_Channel5_IRQHandler</a> from startup_gd32f10x_md.o(.text) referenced from startup_gd32f10x_md.o(RESET)
 <LI><a href="#[1f]">DMA0_Channel6_IRQHandler</a> from startup_gd32f10x_md.o(.text) referenced from startup_gd32f10x_md.o(RESET)
 <LI><a href="#[b]">DebugMon_Handler</a> from gd32f10x_it.o(i.DebugMon_Handler) referenced from startup_gd32f10x_md.o(RESET)
 <LI><a href="#[39]">EXMC_IRQHandler</a> from startup_gd32f10x_md.o(.text) referenced from startup_gd32f10x_md.o(RESET)
 <LI><a href="#[14]">EXTI0_IRQHandler</a> from startup_gd32f10x_md.o(.text) referenced from startup_gd32f10x_md.o(RESET)
 <LI><a href="#[36]">EXTI10_15_IRQHandler</a> from startup_gd32f10x_md.o(.text) referenced from startup_gd32f10x_md.o(RESET)
 <LI><a href="#[15]">EXTI1_IRQHandler</a> from startup_gd32f10x_md.o(.text) referenced from startup_gd32f10x_md.o(RESET)
 <LI><a href="#[16]">EXTI2_IRQHandler</a> from startup_gd32f10x_md.o(.text) referenced from startup_gd32f10x_md.o(RESET)
 <LI><a href="#[17]">EXTI3_IRQHandler</a> from startup_gd32f10x_md.o(.text) referenced from startup_gd32f10x_md.o(RESET)
 <LI><a href="#[18]">EXTI4_IRQHandler</a> from startup_gd32f10x_md.o(.text) referenced from startup_gd32f10x_md.o(RESET)
 <LI><a href="#[25]">EXTI5_9_IRQHandler</a> from startup_gd32f10x_md.o(.text) referenced from startup_gd32f10x_md.o(RESET)
 <LI><a href="#[12]">FMC_IRQHandler</a> from startup_gd32f10x_md.o(.text) referenced from startup_gd32f10x_md.o(RESET)
 <LI><a href="#[6]">HardFault_Handler</a> from gd32f10x_it.o(i.HardFault_Handler) referenced from startup_gd32f10x_md.o(RESET)
 <LI><a href="#[2e]">I2C0_ER_IRQHandler</a> from startup_gd32f10x_md.o(.text) referenced from startup_gd32f10x_md.o(RESET)
 <LI><a href="#[2d]">I2C0_EV_IRQHandler</a> from startup_gd32f10x_md.o(.text) referenced from startup_gd32f10x_md.o(RESET)
 <LI><a href="#[30]">I2C1_ER_IRQHandler</a> from startup_gd32f10x_md.o(.text) referenced from startup_gd32f10x_md.o(RESET)
 <LI><a href="#[2f]">I2C1_EV_IRQHandler</a> from startup_gd32f10x_md.o(.text) referenced from startup_gd32f10x_md.o(RESET)
 <LI><a href="#[f]">LVD_IRQHandler</a> from startup_gd32f10x_md.o(.text) referenced from startup_gd32f10x_md.o(RESET)
 <LI><a href="#[7]">MemManage_Handler</a> from gd32f10x_it.o(i.MemManage_Handler) referenced from startup_gd32f10x_md.o(RESET)
 <LI><a href="#[5]">NMI_Handler</a> from gd32f10x_it.o(i.NMI_Handler) referenced from startup_gd32f10x_md.o(RESET)
 <LI><a href="#[c]">PendSV_Handler</a> from gd32f10x_it.o(i.PendSV_Handler) referenced from startup_gd32f10x_md.o(RESET)
 <LI><a href="#[13]">RCU_IRQHandler</a> from startup_gd32f10x_md.o(.text) referenced from startup_gd32f10x_md.o(RESET)
 <LI><a href="#[37]">RTC_Alarm_IRQHandler</a> from startup_gd32f10x_md.o(.text) referenced from startup_gd32f10x_md.o(RESET)
 <LI><a href="#[11]">RTC_IRQHandler</a> from startup_gd32f10x_md.o(.text) referenced from startup_gd32f10x_md.o(RESET)
 <LI><a href="#[4]">Reset_Handler</a> from startup_gd32f10x_md.o(.text) referenced from startup_gd32f10x_md.o(RESET)
 <LI><a href="#[31]">SPI0_IRQHandler</a> from startup_gd32f10x_md.o(.text) referenced from startup_gd32f10x_md.o(RESET)
 <LI><a href="#[32]">SPI1_IRQHandler</a> from startup_gd32f10x_md.o(.text) referenced from startup_gd32f10x_md.o(RESET)
 <LI><a href="#[a]">SVC_Handler</a> from gd32f10x_it.o(i.SVC_Handler) referenced from startup_gd32f10x_md.o(RESET)
 <LI><a href="#[d]">SysTick_Handler</a> from gd32f10x_it.o(i.SysTick_Handler) referenced from startup_gd32f10x_md.o(RESET)
 <LI><a href="#[3a]">SystemInit</a> from system_gd32f10x.o(i.SystemInit) referenced from startup_gd32f10x_md.o(.text)
 <LI><a href="#[10]">TAMPER_IRQHandler</a> from startup_gd32f10x_md.o(.text) referenced from startup_gd32f10x_md.o(RESET)
 <LI><a href="#[26]">TIMER0_BRK_IRQHandler</a> from startup_gd32f10x_md.o(.text) referenced from startup_gd32f10x_md.o(RESET)
 <LI><a href="#[29]">TIMER0_Channel_IRQHandler</a> from startup_gd32f10x_md.o(.text) referenced from startup_gd32f10x_md.o(RESET)
 <LI><a href="#[28]">TIMER0_TRG_CMT_IRQHandler</a> from startup_gd32f10x_md.o(.text) referenced from startup_gd32f10x_md.o(RESET)
 <LI><a href="#[27]">TIMER0_UP_IRQHandler</a> from startup_gd32f10x_md.o(.text) referenced from startup_gd32f10x_md.o(RESET)
 <LI><a href="#[2a]">TIMER1_IRQHandler</a> from startup_gd32f10x_md.o(.text) referenced from startup_gd32f10x_md.o(RESET)
 <LI><a href="#[2b]">TIMER2_IRQHandler</a> from startup_gd32f10x_md.o(.text) referenced from startup_gd32f10x_md.o(RESET)
 <LI><a href="#[2c]">TIMER3_IRQHandler</a> from startup_gd32f10x_md.o(.text) referenced from startup_gd32f10x_md.o(RESET)
 <LI><a href="#[33]">USART0_IRQHandler</a> from gd32f10x_it.o(i.USART0_IRQHandler) referenced from startup_gd32f10x_md.o(RESET)
 <LI><a href="#[34]">USART1_IRQHandler</a> from startup_gd32f10x_md.o(.text) referenced from startup_gd32f10x_md.o(RESET)
 <LI><a href="#[35]">USART2_IRQHandler</a> from startup_gd32f10x_md.o(.text) referenced from startup_gd32f10x_md.o(RESET)
 <LI><a href="#[21]">USBD_HP_CAN0_TX_IRQHandler</a> from startup_gd32f10x_md.o(.text) referenced from startup_gd32f10x_md.o(RESET)
 <LI><a href="#[22]">USBD_LP_CAN0_RX0_IRQHandler</a> from startup_gd32f10x_md.o(.text) referenced from startup_gd32f10x_md.o(RESET)
 <LI><a href="#[38]">USBD_WKUP_IRQHandler</a> from startup_gd32f10x_md.o(.text) referenced from startup_gd32f10x_md.o(RESET)
 <LI><a href="#[9]">UsageFault_Handler</a> from gd32f10x_it.o(i.UsageFault_Handler) referenced from startup_gd32f10x_md.o(RESET)
 <LI><a href="#[e]">WWDGT_IRQHandler</a> from startup_gd32f10x_md.o(.text) referenced from startup_gd32f10x_md.o(RESET)
 <LI><a href="#[43]">__main</a> from __main.o(!!!main) referenced from startup_gd32f10x_md.o(.text)
 <LI><a href="#[42]">_get_lc_ctype</a> from lc_ctype_c.o(locale$$code) referenced from rt_ctype_table.o(.text)
 <LI><a href="#[3f]">_printf_input_char</a> from _printf_char_common.o(.text) referenced from _printf_char_common.o(.text)
 <LI><a href="#[3e]">_sbackspace</a> from _sgetc.o(.text) referenced from __0sscanf.o(.text)
 <LI><a href="#[40]">_scanf_char_input</a> from scanf_char.o(.text) referenced from scanf_char.o(.text)
 <LI><a href="#[3d]">_sgetc</a> from _sgetc.o(.text) referenced from __0sscanf.o(.text)
 <LI><a href="#[3c]">_sputc</a> from _sputc.o(.text) referenced from vsprintf.o(.text)
 <LI><a href="#[41]">isspace</a> from isspace.o(.text) referenced from scanf_char.o(.text)
</UL>
<P>
<H3>
Global Symbols
</H3>
<P><STRONG><a name="[43]"></a>__main</STRONG> (Thumb, 8 bytes, Stack size 0 bytes, __main.o(!!!main))
<BR><BR>[Calls]<UL><LI><a href="#[45]">&gt;&gt;</a>&nbsp;&nbsp;&nbsp;__rt_entry
<LI><a href="#[44]">&gt;&gt;</a>&nbsp;&nbsp;&nbsp;__scatterload
</UL>

<P><STRONG><a name="[44]"></a>__scatterload</STRONG> (Thumb, 0 bytes, Stack size unknown bytes, __scatter.o(!!!scatter))
<BR><BR>[Called By]<UL><LI><a href="#[43]">&gt;&gt;</a>&nbsp;&nbsp;&nbsp;__main
</UL>

<P><STRONG><a name="[46]"></a>__scatterload_rt2</STRONG> (Thumb, 44 bytes, Stack size unknown bytes, __scatter.o(!!!scatter), UNUSED)
<BR><BR>[Calls]<UL><LI><a href="#[45]">&gt;&gt;</a>&nbsp;&nbsp;&nbsp;__rt_entry
</UL>

<P><STRONG><a name="[103]"></a>__scatterload_rt2_thumb_only</STRONG> (Thumb, 0 bytes, Stack size unknown bytes, __scatter.o(!!!scatter), UNUSED)

<P><STRONG><a name="[104]"></a>__scatterload_null</STRONG> (Thumb, 0 bytes, Stack size unknown bytes, __scatter.o(!!!scatter), UNUSED)

<P><STRONG><a name="[47]"></a>__scatterload_copy</STRONG> (Thumb, 26 bytes, Stack size unknown bytes, __scatter_copy.o(!!handler_copy), UNUSED)
<BR><BR>[Calls]<UL><LI><a href="#[47]">&gt;&gt;</a>&nbsp;&nbsp;&nbsp;__scatterload_copy
</UL>
<BR>[Called By]<UL><LI><a href="#[47]">&gt;&gt;</a>&nbsp;&nbsp;&nbsp;__scatterload_copy
</UL>

<P><STRONG><a name="[105]"></a>__scatterload_zeroinit</STRONG> (Thumb, 28 bytes, Stack size unknown bytes, __scatter_zi.o(!!handler_zi), UNUSED)

<P><STRONG><a name="[48]"></a>_printf_n</STRONG> (Thumb, 0 bytes, Stack size unknown bytes, _printf_n.o(.ARM.Collect$$_printf_percent$$00000001))
<BR><BR>[Calls]<UL><LI><a href="#[49]">&gt;&gt;</a>&nbsp;&nbsp;&nbsp;_printf_charcount
</UL>

<P><STRONG><a name="[8f]"></a>_printf_percent</STRONG> (Thumb, 0 bytes, Stack size unknown bytes, _printf_percent.o(.ARM.Collect$$_printf_percent$$00000000))
<BR><BR>[Called By]<UL><LI><a href="#[88]">&gt;&gt;</a>&nbsp;&nbsp;&nbsp;__printf
</UL>

<P><STRONG><a name="[4a]"></a>_printf_p</STRONG> (Thumb, 0 bytes, Stack size unknown bytes, _printf_p.o(.ARM.Collect$$_printf_percent$$00000002))
<BR><BR>[Stack]<UL><LI>Max Depth = 64 + Unknown Stack Size
<LI>Call Chain = _printf_p &rArr; _printf_hex_ptr &rArr; _printf_longlong_hex &rArr; _printf_int_common &rArr; _printf_post_padding
</UL>
<BR>[Calls]<UL><LI><a href="#[4b]">&gt;&gt;</a>&nbsp;&nbsp;&nbsp;_printf_hex_ptr
</UL>

<P><STRONG><a name="[4c]"></a>_printf_f</STRONG> (Thumb, 0 bytes, Stack size unknown bytes, _printf_f.o(.ARM.Collect$$_printf_percent$$00000003))
<BR><BR>[Stack]<UL><LI>Max Depth = 324 + Unknown Stack Size
<LI>Call Chain = _printf_f &rArr; _printf_fp_dec &rArr; _printf_fp_dec_real &rArr; _fp_digits &rArr; _btod_etento &rArr; _btod_emul &rArr; _e2e
</UL>
<BR>[Calls]<UL><LI><a href="#[4d]">&gt;&gt;</a>&nbsp;&nbsp;&nbsp;_printf_fp_dec
</UL>

<P><STRONG><a name="[4e]"></a>_printf_e</STRONG> (Thumb, 0 bytes, Stack size unknown bytes, _printf_e.o(.ARM.Collect$$_printf_percent$$00000004))
<BR><BR>[Stack]<UL><LI>Max Depth = 324 + Unknown Stack Size
<LI>Call Chain = _printf_e &rArr; _printf_fp_dec &rArr; _printf_fp_dec_real &rArr; _fp_digits &rArr; _btod_etento &rArr; _btod_emul &rArr; _e2e
</UL>
<BR>[Calls]<UL><LI><a href="#[4d]">&gt;&gt;</a>&nbsp;&nbsp;&nbsp;_printf_fp_dec
</UL>

<P><STRONG><a name="[4f]"></a>_printf_g</STRONG> (Thumb, 0 bytes, Stack size unknown bytes, _printf_g.o(.ARM.Collect$$_printf_percent$$00000005))
<BR><BR>[Stack]<UL><LI>Max Depth = 324 + Unknown Stack Size
<LI>Call Chain = _printf_g &rArr; _printf_fp_dec &rArr; _printf_fp_dec_real &rArr; _fp_digits &rArr; _btod_etento &rArr; _btod_emul &rArr; _e2e
</UL>
<BR>[Calls]<UL><LI><a href="#[4d]">&gt;&gt;</a>&nbsp;&nbsp;&nbsp;_printf_fp_dec
</UL>

<P><STRONG><a name="[50]"></a>_printf_a</STRONG> (Thumb, 0 bytes, Stack size unknown bytes, _printf_a.o(.ARM.Collect$$_printf_percent$$00000006))
<BR><BR>[Stack]<UL><LI>Max Depth = 112 + Unknown Stack Size
<LI>Call Chain = _printf_a &rArr; _printf_fp_hex &rArr; _printf_fp_hex_real &rArr; _printf_fp_infnan &rArr; _printf_post_padding
</UL>
<BR>[Calls]<UL><LI><a href="#[51]">&gt;&gt;</a>&nbsp;&nbsp;&nbsp;_printf_fp_hex
</UL>

<P><STRONG><a name="[106]"></a>_printf_ll</STRONG> (Thumb, 0 bytes, Stack size unknown bytes, _printf_ll.o(.ARM.Collect$$_printf_percent$$00000007))

<P><STRONG><a name="[52]"></a>_printf_i</STRONG> (Thumb, 0 bytes, Stack size unknown bytes, _printf_i.o(.ARM.Collect$$_printf_percent$$00000008))
<BR><BR>[Stack]<UL><LI>Max Depth = 72 + Unknown Stack Size
<LI>Call Chain = _printf_i &rArr; _printf_int_dec &rArr; _printf_int_common &rArr; _printf_post_padding
</UL>
<BR>[Calls]<UL><LI><a href="#[53]">&gt;&gt;</a>&nbsp;&nbsp;&nbsp;_printf_int_dec
</UL>

<P><STRONG><a name="[54]"></a>_printf_d</STRONG> (Thumb, 0 bytes, Stack size unknown bytes, _printf_d.o(.ARM.Collect$$_printf_percent$$00000009))
<BR><BR>[Stack]<UL><LI>Max Depth = 72 + Unknown Stack Size
<LI>Call Chain = _printf_d &rArr; _printf_int_dec &rArr; _printf_int_common &rArr; _printf_post_padding
</UL>
<BR>[Calls]<UL><LI><a href="#[53]">&gt;&gt;</a>&nbsp;&nbsp;&nbsp;_printf_int_dec
</UL>

<P><STRONG><a name="[55]"></a>_printf_u</STRONG> (Thumb, 0 bytes, Stack size unknown bytes, _printf_u.o(.ARM.Collect$$_printf_percent$$0000000A))
<BR><BR>[Stack]<UL><LI>Max Depth = 72 + Unknown Stack Size
<LI>Call Chain = _printf_u &rArr; _printf_int_dec &rArr; _printf_int_common &rArr; _printf_post_padding
</UL>
<BR>[Calls]<UL><LI><a href="#[53]">&gt;&gt;</a>&nbsp;&nbsp;&nbsp;_printf_int_dec
</UL>

<P><STRONG><a name="[56]"></a>_printf_o</STRONG> (Thumb, 0 bytes, Stack size unknown bytes, _printf_o.o(.ARM.Collect$$_printf_percent$$0000000B))
<BR><BR>[Stack]<UL><LI>Max Depth = 64 + Unknown Stack Size
<LI>Call Chain = _printf_o &rArr; _printf_int_oct &rArr; _printf_longlong_oct &rArr; _printf_int_common &rArr; _printf_post_padding
</UL>
<BR>[Calls]<UL><LI><a href="#[57]">&gt;&gt;</a>&nbsp;&nbsp;&nbsp;_printf_int_oct
</UL>

<P><STRONG><a name="[58]"></a>_printf_x</STRONG> (Thumb, 0 bytes, Stack size unknown bytes, _printf_x.o(.ARM.Collect$$_printf_percent$$0000000C))
<BR><BR>[Stack]<UL><LI>Max Depth = 80 + Unknown Stack Size
<LI>Call Chain = _printf_x &rArr; _printf_int_hex &rArr; _printf_longlong_hex &rArr; _printf_int_common &rArr; _printf_post_padding
</UL>
<BR>[Calls]<UL><LI><a href="#[59]">&gt;&gt;</a>&nbsp;&nbsp;&nbsp;_printf_int_hex
</UL>

<P><STRONG><a name="[5a]"></a>_printf_lli</STRONG> (Thumb, 0 bytes, Stack size unknown bytes, _printf_lli.o(.ARM.Collect$$_printf_percent$$0000000D))
<BR><BR>[Stack]<UL><LI>Max Depth = 72 + Unknown Stack Size
<LI>Call Chain = _printf_lli &rArr; _printf_longlong_dec &rArr; _printf_int_common &rArr; _printf_post_padding
</UL>
<BR>[Calls]<UL><LI><a href="#[5b]">&gt;&gt;</a>&nbsp;&nbsp;&nbsp;_printf_longlong_dec
</UL>

<P><STRONG><a name="[5c]"></a>_printf_lld</STRONG> (Thumb, 0 bytes, Stack size unknown bytes, _printf_lld.o(.ARM.Collect$$_printf_percent$$0000000E))
<BR><BR>[Stack]<UL><LI>Max Depth = 72 + Unknown Stack Size
<LI>Call Chain = _printf_lld &rArr; _printf_longlong_dec &rArr; _printf_int_common &rArr; _printf_post_padding
</UL>
<BR>[Calls]<UL><LI><a href="#[5b]">&gt;&gt;</a>&nbsp;&nbsp;&nbsp;_printf_longlong_dec
</UL>

<P><STRONG><a name="[5d]"></a>_printf_llu</STRONG> (Thumb, 0 bytes, Stack size unknown bytes, _printf_llu.o(.ARM.Collect$$_printf_percent$$0000000F))
<BR><BR>[Stack]<UL><LI>Max Depth = 72 + Unknown Stack Size
<LI>Call Chain = _printf_llu &rArr; _printf_longlong_dec &rArr; _printf_int_common &rArr; _printf_post_padding
</UL>
<BR>[Calls]<UL><LI><a href="#[5b]">&gt;&gt;</a>&nbsp;&nbsp;&nbsp;_printf_longlong_dec
</UL>

<P><STRONG><a name="[5e]"></a>_printf_llo</STRONG> (Thumb, 0 bytes, Stack size unknown bytes, _printf_llo.o(.ARM.Collect$$_printf_percent$$00000010))
<BR><BR>[Stack]<UL><LI>Max Depth = 56 + Unknown Stack Size
<LI>Call Chain = _printf_llo &rArr; _printf_ll_oct &rArr; _printf_longlong_oct &rArr; _printf_int_common &rArr; _printf_post_padding
</UL>
<BR>[Calls]<UL><LI><a href="#[5f]">&gt;&gt;</a>&nbsp;&nbsp;&nbsp;_printf_ll_oct
</UL>

<P><STRONG><a name="[60]"></a>_printf_llx</STRONG> (Thumb, 0 bytes, Stack size unknown bytes, _printf_llx.o(.ARM.Collect$$_printf_percent$$00000011))
<BR><BR>[Stack]<UL><LI>Max Depth = 64 + Unknown Stack Size
<LI>Call Chain = _printf_llx &rArr; _printf_ll_hex &rArr; _printf_longlong_hex &rArr; _printf_int_common &rArr; _printf_post_padding
</UL>
<BR>[Calls]<UL><LI><a href="#[61]">&gt;&gt;</a>&nbsp;&nbsp;&nbsp;_printf_ll_hex
</UL>

<P><STRONG><a name="[107]"></a>_printf_l</STRONG> (Thumb, 0 bytes, Stack size unknown bytes, _printf_l.o(.ARM.Collect$$_printf_percent$$00000012))

<P><STRONG><a name="[62]"></a>_printf_c</STRONG> (Thumb, 0 bytes, Stack size unknown bytes, _printf_c.o(.ARM.Collect$$_printf_percent$$00000013))
<BR><BR>[Stack]<UL><LI>Max Depth = 40 + Unknown Stack Size
<LI>Call Chain = _printf_c &rArr; _printf_char &rArr; _printf_cs_common &rArr; _printf_str &rArr; _printf_post_padding
</UL>
<BR>[Calls]<UL><LI><a href="#[63]">&gt;&gt;</a>&nbsp;&nbsp;&nbsp;_printf_char
</UL>

<P><STRONG><a name="[64]"></a>_printf_s</STRONG> (Thumb, 0 bytes, Stack size unknown bytes, _printf_s.o(.ARM.Collect$$_printf_percent$$00000014))
<BR><BR>[Stack]<UL><LI>Max Depth = 40 + Unknown Stack Size
<LI>Call Chain = _printf_s &rArr; _printf_string &rArr; _printf_cs_common &rArr; _printf_str &rArr; _printf_post_padding
</UL>
<BR>[Calls]<UL><LI><a href="#[65]">&gt;&gt;</a>&nbsp;&nbsp;&nbsp;_printf_string
</UL>

<P><STRONG><a name="[66]"></a>_printf_lc</STRONG> (Thumb, 0 bytes, Stack size unknown bytes, _printf_lc.o(.ARM.Collect$$_printf_percent$$00000015))
<BR><BR>[Stack]<UL><LI>Max Depth = 88 + Unknown Stack Size
<LI>Call Chain = _printf_lc &rArr; _printf_wchar &rArr; _printf_lcs_common &rArr; _printf_wctomb &rArr; _wcrtomb &rArr; __rt_ctype_table
</UL>
<BR>[Calls]<UL><LI><a href="#[67]">&gt;&gt;</a>&nbsp;&nbsp;&nbsp;_printf_wchar
</UL>

<P><STRONG><a name="[68]"></a>_printf_ls</STRONG> (Thumb, 0 bytes, Stack size unknown bytes, _printf_ls.o(.ARM.Collect$$_printf_percent$$00000016))
<BR><BR>[Stack]<UL><LI>Max Depth = 88 + Unknown Stack Size
<LI>Call Chain = _printf_ls &rArr; _printf_wstring &rArr; _printf_lcs_common &rArr; _printf_wctomb &rArr; _wcrtomb &rArr; __rt_ctype_table
</UL>
<BR>[Calls]<UL><LI><a href="#[69]">&gt;&gt;</a>&nbsp;&nbsp;&nbsp;_printf_wstring
</UL>

<P><STRONG><a name="[108]"></a>_printf_percent_end</STRONG> (Thumb, 0 bytes, Stack size unknown bytes, _printf_percent_end.o(.ARM.Collect$$_printf_percent$$00000017))

<P><STRONG><a name="[72]"></a>__rt_lib_init</STRONG> (Thumb, 0 bytes, Stack size unknown bytes, libinit.o(.ARM.Collect$$libinit$$00000000))
<BR><BR>[Called By]<UL><LI><a href="#[71]">&gt;&gt;</a>&nbsp;&nbsp;&nbsp;__rt_entry_li
</UL>

<P><STRONG><a name="[109]"></a>__rt_lib_init_fp_1</STRONG> (Thumb, 0 bytes, Stack size unknown bytes, libinit2.o(.ARM.Collect$$libinit$$00000002))

<P><STRONG><a name="[10a]"></a>__rt_lib_init_heap_1</STRONG> (Thumb, 0 bytes, Stack size unknown bytes, libinit2.o(.ARM.Collect$$libinit$$0000000A))

<P><STRONG><a name="[6a]"></a>__rt_lib_init_lc_common</STRONG> (Thumb, 0 bytes, Stack size unknown bytes, libinit2.o(.ARM.Collect$$libinit$$0000000F))
<BR><BR>[Calls]<UL><LI><a href="#[6b]">&gt;&gt;</a>&nbsp;&nbsp;&nbsp;__rt_locale
</UL>

<P><STRONG><a name="[10b]"></a>__rt_lib_init_preinit_1</STRONG> (Thumb, 0 bytes, Stack size unknown bytes, libinit2.o(.ARM.Collect$$libinit$$00000004))

<P><STRONG><a name="[10c]"></a>__rt_lib_init_rand_1</STRONG> (Thumb, 0 bytes, Stack size unknown bytes, libinit2.o(.ARM.Collect$$libinit$$0000000E))

<P><STRONG><a name="[10d]"></a>__rt_lib_init_user_alloc_1</STRONG> (Thumb, 0 bytes, Stack size unknown bytes, libinit2.o(.ARM.Collect$$libinit$$0000000C))

<P><STRONG><a name="[10e]"></a>__rt_lib_init_lc_collate_1</STRONG> (Thumb, 0 bytes, Stack size unknown bytes, libinit2.o(.ARM.Collect$$libinit$$00000011))

<P><STRONG><a name="[6c]"></a>__rt_lib_init_lc_ctype_2</STRONG> (Thumb, 0 bytes, Stack size unknown bytes, libinit2.o(.ARM.Collect$$libinit$$00000012))
<BR><BR>[Stack]<UL><LI>Max Depth = 8 + Unknown Stack Size
<LI>Call Chain = __rt_lib_init_lc_ctype_2 &rArr; _get_lc_ctype
</UL>
<BR>[Calls]<UL><LI><a href="#[42]">&gt;&gt;</a>&nbsp;&nbsp;&nbsp;_get_lc_ctype
</UL>

<P><STRONG><a name="[10f]"></a>__rt_lib_init_lc_ctype_1</STRONG> (Thumb, 0 bytes, Stack size unknown bytes, libinit2.o(.ARM.Collect$$libinit$$00000013))

<P><STRONG><a name="[110]"></a>__rt_lib_init_lc_monetary_1</STRONG> (Thumb, 0 bytes, Stack size unknown bytes, libinit2.o(.ARM.Collect$$libinit$$00000015))

<P><STRONG><a name="[6d]"></a>__rt_lib_init_lc_numeric_2</STRONG> (Thumb, 0 bytes, Stack size unknown bytes, libinit2.o(.ARM.Collect$$libinit$$00000016))
<BR><BR>[Stack]<UL><LI>Max Depth = 8 + Unknown Stack Size
<LI>Call Chain = __rt_lib_init_lc_numeric_2 &rArr; _get_lc_numeric
</UL>
<BR>[Calls]<UL><LI><a href="#[6e]">&gt;&gt;</a>&nbsp;&nbsp;&nbsp;_get_lc_numeric
</UL>

<P><STRONG><a name="[111]"></a>__rt_lib_init_alloca_1</STRONG> (Thumb, 0 bytes, Stack size unknown bytes, libinit2.o(.ARM.Collect$$libinit$$0000002E))

<P><STRONG><a name="[112]"></a>__rt_lib_init_argv_1</STRONG> (Thumb, 0 bytes, Stack size unknown bytes, libinit2.o(.ARM.Collect$$libinit$$0000002C))

<P><STRONG><a name="[113]"></a>__rt_lib_init_atexit_1</STRONG> (Thumb, 0 bytes, Stack size unknown bytes, libinit2.o(.ARM.Collect$$libinit$$0000001B))

<P><STRONG><a name="[114]"></a>__rt_lib_init_clock_1</STRONG> (Thumb, 0 bytes, Stack size unknown bytes, libinit2.o(.ARM.Collect$$libinit$$00000021))

<P><STRONG><a name="[115]"></a>__rt_lib_init_cpp_1</STRONG> (Thumb, 0 bytes, Stack size unknown bytes, libinit2.o(.ARM.Collect$$libinit$$00000032))

<P><STRONG><a name="[116]"></a>__rt_lib_init_exceptions_1</STRONG> (Thumb, 0 bytes, Stack size unknown bytes, libinit2.o(.ARM.Collect$$libinit$$00000030))

<P><STRONG><a name="[117]"></a>__rt_lib_init_fp_trap_1</STRONG> (Thumb, 0 bytes, Stack size unknown bytes, libinit2.o(.ARM.Collect$$libinit$$0000001F))

<P><STRONG><a name="[118]"></a>__rt_lib_init_getenv_1</STRONG> (Thumb, 0 bytes, Stack size unknown bytes, libinit2.o(.ARM.Collect$$libinit$$00000023))

<P><STRONG><a name="[119]"></a>__rt_lib_init_lc_numeric_1</STRONG> (Thumb, 0 bytes, Stack size unknown bytes, libinit2.o(.ARM.Collect$$libinit$$00000017))

<P><STRONG><a name="[11a]"></a>__rt_lib_init_lc_time_1</STRONG> (Thumb, 0 bytes, Stack size unknown bytes, libinit2.o(.ARM.Collect$$libinit$$00000019))

<P><STRONG><a name="[11b]"></a>__rt_lib_init_return</STRONG> (Thumb, 0 bytes, Stack size unknown bytes, libinit2.o(.ARM.Collect$$libinit$$00000033))

<P><STRONG><a name="[11c]"></a>__rt_lib_init_signal_1</STRONG> (Thumb, 0 bytes, Stack size unknown bytes, libinit2.o(.ARM.Collect$$libinit$$0000001D))

<P><STRONG><a name="[11d]"></a>__rt_lib_init_stdio_1</STRONG> (Thumb, 0 bytes, Stack size unknown bytes, libinit2.o(.ARM.Collect$$libinit$$00000025))

<P><STRONG><a name="[77]"></a>__rt_lib_shutdown</STRONG> (Thumb, 0 bytes, Stack size unknown bytes, libshutdown.o(.ARM.Collect$$libshutdown$$00000000))
<BR><BR>[Called By]<UL><LI><a href="#[76]">&gt;&gt;</a>&nbsp;&nbsp;&nbsp;__rt_exit_ls
</UL>

<P><STRONG><a name="[11e]"></a>__rt_lib_shutdown_cpp_1</STRONG> (Thumb, 0 bytes, Stack size unknown bytes, libshutdown2.o(.ARM.Collect$$libshutdown$$00000002))

<P><STRONG><a name="[11f]"></a>__rt_lib_shutdown_fp_trap_1</STRONG> (Thumb, 0 bytes, Stack size unknown bytes, libshutdown2.o(.ARM.Collect$$libshutdown$$00000007))

<P><STRONG><a name="[120]"></a>__rt_lib_shutdown_heap_1</STRONG> (Thumb, 0 bytes, Stack size unknown bytes, libshutdown2.o(.ARM.Collect$$libshutdown$$0000000F))

<P><STRONG><a name="[121]"></a>__rt_lib_shutdown_return</STRONG> (Thumb, 0 bytes, Stack size unknown bytes, libshutdown2.o(.ARM.Collect$$libshutdown$$00000010))

<P><STRONG><a name="[122]"></a>__rt_lib_shutdown_signal_1</STRONG> (Thumb, 0 bytes, Stack size unknown bytes, libshutdown2.o(.ARM.Collect$$libshutdown$$0000000A))

<P><STRONG><a name="[123]"></a>__rt_lib_shutdown_stdio_1</STRONG> (Thumb, 0 bytes, Stack size unknown bytes, libshutdown2.o(.ARM.Collect$$libshutdown$$00000004))

<P><STRONG><a name="[124]"></a>__rt_lib_shutdown_user_alloc_1</STRONG> (Thumb, 0 bytes, Stack size unknown bytes, libshutdown2.o(.ARM.Collect$$libshutdown$$0000000C))

<P><STRONG><a name="[45]"></a>__rt_entry</STRONG> (Thumb, 0 bytes, Stack size unknown bytes, __rtentry.o(.ARM.Collect$$rtentry$$00000000))
<BR><BR>[Called By]<UL><LI><a href="#[43]">&gt;&gt;</a>&nbsp;&nbsp;&nbsp;__main
<LI><a href="#[46]">&gt;&gt;</a>&nbsp;&nbsp;&nbsp;__scatterload_rt2
</UL>

<P><STRONG><a name="[125]"></a>__rt_entry_presh_1</STRONG> (Thumb, 0 bytes, Stack size unknown bytes, __rtentry2.o(.ARM.Collect$$rtentry$$00000002))

<P><STRONG><a name="[6f]"></a>__rt_entry_sh</STRONG> (Thumb, 0 bytes, Stack size unknown bytes, __rtentry4.o(.ARM.Collect$$rtentry$$00000004))
<BR><BR>[Stack]<UL><LI>Max Depth = 8 + Unknown Stack Size
<LI>Call Chain = __rt_entry_sh &rArr; __user_setup_stackheap
</UL>
<BR>[Calls]<UL><LI><a href="#[70]">&gt;&gt;</a>&nbsp;&nbsp;&nbsp;__user_setup_stackheap
</UL>

<P><STRONG><a name="[71]"></a>__rt_entry_li</STRONG> (Thumb, 0 bytes, Stack size unknown bytes, __rtentry2.o(.ARM.Collect$$rtentry$$0000000A))
<BR><BR>[Calls]<UL><LI><a href="#[72]">&gt;&gt;</a>&nbsp;&nbsp;&nbsp;__rt_lib_init
</UL>

<P><STRONG><a name="[126]"></a>__rt_entry_postsh_1</STRONG> (Thumb, 0 bytes, Stack size unknown bytes, __rtentry2.o(.ARM.Collect$$rtentry$$00000009))

<P><STRONG><a name="[73]"></a>__rt_entry_main</STRONG> (Thumb, 0 bytes, Stack size unknown bytes, __rtentry2.o(.ARM.Collect$$rtentry$$0000000D))
<BR><BR>[Stack]<UL><LI>Max Depth = 272 + Unknown Stack Size
<LI>Call Chain = __rt_entry_main &rArr; main &rArr; BootLoader_Event &rArr; __0sscanf &rArr; __vfscanf_char &rArr; __vfscanf &rArr; _scanf_int
</UL>
<BR>[Calls]<UL><LI><a href="#[74]">&gt;&gt;</a>&nbsp;&nbsp;&nbsp;main
<LI><a href="#[75]">&gt;&gt;</a>&nbsp;&nbsp;&nbsp;exit
</UL>

<P><STRONG><a name="[127]"></a>__rt_entry_postli_1</STRONG> (Thumb, 0 bytes, Stack size unknown bytes, __rtentry2.o(.ARM.Collect$$rtentry$$0000000C))

<P><STRONG><a name="[9f]"></a>__rt_exit</STRONG> (Thumb, 0 bytes, Stack size unknown bytes, rtexit.o(.ARM.Collect$$rtexit$$00000000))
<BR><BR>[Called By]<UL><LI><a href="#[75]">&gt;&gt;</a>&nbsp;&nbsp;&nbsp;exit
</UL>

<P><STRONG><a name="[76]"></a>__rt_exit_ls</STRONG> (Thumb, 0 bytes, Stack size unknown bytes, rtexit2.o(.ARM.Collect$$rtexit$$00000003))
<BR><BR>[Calls]<UL><LI><a href="#[77]">&gt;&gt;</a>&nbsp;&nbsp;&nbsp;__rt_lib_shutdown
</UL>

<P><STRONG><a name="[128]"></a>__rt_exit_prels_1</STRONG> (Thumb, 0 bytes, Stack size unknown bytes, rtexit2.o(.ARM.Collect$$rtexit$$00000002))

<P><STRONG><a name="[78]"></a>__rt_exit_exit</STRONG> (Thumb, 0 bytes, Stack size unknown bytes, rtexit2.o(.ARM.Collect$$rtexit$$00000004))
<BR><BR>[Calls]<UL><LI><a href="#[79]">&gt;&gt;</a>&nbsp;&nbsp;&nbsp;_sys_exit
</UL>

<P><STRONG><a name="[d0]"></a>MSR_SP</STRONG> (Thumb, 6 bytes, Stack size 0 bytes, boot.o(.emb_text))
<BR><BR>[Called By]<UL><LI><a href="#[a8]">&gt;&gt;</a>&nbsp;&nbsp;&nbsp;LOAD_A
</UL>

<P><STRONG><a name="[4]"></a>Reset_Handler</STRONG> (Thumb, 8 bytes, Stack size 0 bytes, startup_gd32f10x_md.o(.text))
<BR>[Address Reference Count : 1]<UL><LI> startup_gd32f10x_md.o(RESET)
</UL>
<P><STRONG><a name="[20]"></a>ADC0_1_IRQHandler</STRONG> (Thumb, 0 bytes, Stack size 0 bytes, startup_gd32f10x_md.o(.text))
<BR><BR>[Calls]<UL><LI><a href="#[20]">&gt;&gt;</a>&nbsp;&nbsp;&nbsp;ADC0_1_IRQHandler
</UL>
<BR>[Called By]<UL><LI><a href="#[20]">&gt;&gt;</a>&nbsp;&nbsp;&nbsp;ADC0_1_IRQHandler
</UL>
<BR>[Address Reference Count : 1]<UL><LI> startup_gd32f10x_md.o(RESET)
</UL>
<P><STRONG><a name="[24]"></a>CAN0_EWMC_IRQHandler</STRONG> (Thumb, 0 bytes, Stack size 0 bytes, startup_gd32f10x_md.o(.text))
<BR>[Address Reference Count : 1]<UL><LI> startup_gd32f10x_md.o(RESET)
</UL>
<P><STRONG><a name="[23]"></a>CAN0_RX1_IRQHandler</STRONG> (Thumb, 0 bytes, Stack size 0 bytes, startup_gd32f10x_md.o(.text))
<BR>[Address Reference Count : 1]<UL><LI> startup_gd32f10x_md.o(RESET)
</UL>
<P><STRONG><a name="[19]"></a>DMA0_Channel0_IRQHandler</STRONG> (Thumb, 0 bytes, Stack size 0 bytes, startup_gd32f10x_md.o(.text))
<BR>[Address Reference Count : 1]<UL><LI> startup_gd32f10x_md.o(RESET)
</UL>
<P><STRONG><a name="[1a]"></a>DMA0_Channel1_IRQHandler</STRONG> (Thumb, 0 bytes, Stack size 0 bytes, startup_gd32f10x_md.o(.text))
<BR>[Address Reference Count : 1]<UL><LI> startup_gd32f10x_md.o(RESET)
</UL>
<P><STRONG><a name="[1b]"></a>DMA0_Channel2_IRQHandler</STRONG> (Thumb, 0 bytes, Stack size 0 bytes, startup_gd32f10x_md.o(.text))
<BR>[Address Reference Count : 1]<UL><LI> startup_gd32f10x_md.o(RESET)
</UL>
<P><STRONG><a name="[1c]"></a>DMA0_Channel3_IRQHandler</STRONG> (Thumb, 0 bytes, Stack size 0 bytes, startup_gd32f10x_md.o(.text))
<BR>[Address Reference Count : 1]<UL><LI> startup_gd32f10x_md.o(RESET)
</UL>
<P><STRONG><a name="[1d]"></a>DMA0_Channel4_IRQHandler</STRONG> (Thumb, 0 bytes, Stack size 0 bytes, startup_gd32f10x_md.o(.text))
<BR>[Address Reference Count : 1]<UL><LI> startup_gd32f10x_md.o(RESET)
</UL>
<P><STRONG><a name="[1e]"></a>DMA0_Channel5_IRQHandler</STRONG> (Thumb, 0 bytes, Stack size 0 bytes, startup_gd32f10x_md.o(.text))
<BR>[Address Reference Count : 1]<UL><LI> startup_gd32f10x_md.o(RESET)
</UL>
<P><STRONG><a name="[1f]"></a>DMA0_Channel6_IRQHandler</STRONG> (Thumb, 0 bytes, Stack size 0 bytes, startup_gd32f10x_md.o(.text))
<BR>[Address Reference Count : 1]<UL><LI> startup_gd32f10x_md.o(RESET)
</UL>
<P><STRONG><a name="[39]"></a>EXMC_IRQHandler</STRONG> (Thumb, 0 bytes, Stack size 0 bytes, startup_gd32f10x_md.o(.text))
<BR>[Address Reference Count : 1]<UL><LI> startup_gd32f10x_md.o(RESET)
</UL>
<P><STRONG><a name="[14]"></a>EXTI0_IRQHandler</STRONG> (Thumb, 0 bytes, Stack size 0 bytes, startup_gd32f10x_md.o(.text))
<BR>[Address Reference Count : 1]<UL><LI> startup_gd32f10x_md.o(RESET)
</UL>
<P><STRONG><a name="[36]"></a>EXTI10_15_IRQHandler</STRONG> (Thumb, 0 bytes, Stack size 0 bytes, startup_gd32f10x_md.o(.text))
<BR>[Address Reference Count : 1]<UL><LI> startup_gd32f10x_md.o(RESET)
</UL>
<P><STRONG><a name="[15]"></a>EXTI1_IRQHandler</STRONG> (Thumb, 0 bytes, Stack size 0 bytes, startup_gd32f10x_md.o(.text))
<BR>[Address Reference Count : 1]<UL><LI> startup_gd32f10x_md.o(RESET)
</UL>
<P><STRONG><a name="[16]"></a>EXTI2_IRQHandler</STRONG> (Thumb, 0 bytes, Stack size 0 bytes, startup_gd32f10x_md.o(.text))
<BR>[Address Reference Count : 1]<UL><LI> startup_gd32f10x_md.o(RESET)
</UL>
<P><STRONG><a name="[17]"></a>EXTI3_IRQHandler</STRONG> (Thumb, 0 bytes, Stack size 0 bytes, startup_gd32f10x_md.o(.text))
<BR>[Address Reference Count : 1]<UL><LI> startup_gd32f10x_md.o(RESET)
</UL>
<P><STRONG><a name="[18]"></a>EXTI4_IRQHandler</STRONG> (Thumb, 0 bytes, Stack size 0 bytes, startup_gd32f10x_md.o(.text))
<BR>[Address Reference Count : 1]<UL><LI> startup_gd32f10x_md.o(RESET)
</UL>
<P><STRONG><a name="[25]"></a>EXTI5_9_IRQHandler</STRONG> (Thumb, 0 bytes, Stack size 0 bytes, startup_gd32f10x_md.o(.text))
<BR>[Address Reference Count : 1]<UL><LI> startup_gd32f10x_md.o(RESET)
</UL>
<P><STRONG><a name="[12]"></a>FMC_IRQHandler</STRONG> (Thumb, 0 bytes, Stack size 0 bytes, startup_gd32f10x_md.o(.text))
<BR>[Address Reference Count : 1]<UL><LI> startup_gd32f10x_md.o(RESET)
</UL>
<P><STRONG><a name="[2e]"></a>I2C0_ER_IRQHandler</STRONG> (Thumb, 0 bytes, Stack size 0 bytes, startup_gd32f10x_md.o(.text))
<BR>[Address Reference Count : 1]<UL><LI> startup_gd32f10x_md.o(RESET)
</UL>
<P><STRONG><a name="[2d]"></a>I2C0_EV_IRQHandler</STRONG> (Thumb, 0 bytes, Stack size 0 bytes, startup_gd32f10x_md.o(.text))
<BR>[Address Reference Count : 1]<UL><LI> startup_gd32f10x_md.o(RESET)
</UL>
<P><STRONG><a name="[30]"></a>I2C1_ER_IRQHandler</STRONG> (Thumb, 0 bytes, Stack size 0 bytes, startup_gd32f10x_md.o(.text))
<BR>[Address Reference Count : 1]<UL><LI> startup_gd32f10x_md.o(RESET)
</UL>
<P><STRONG><a name="[2f]"></a>I2C1_EV_IRQHandler</STRONG> (Thumb, 0 bytes, Stack size 0 bytes, startup_gd32f10x_md.o(.text))
<BR>[Address Reference Count : 1]<UL><LI> startup_gd32f10x_md.o(RESET)
</UL>
<P><STRONG><a name="[f]"></a>LVD_IRQHandler</STRONG> (Thumb, 0 bytes, Stack size 0 bytes, startup_gd32f10x_md.o(.text))
<BR>[Address Reference Count : 1]<UL><LI> startup_gd32f10x_md.o(RESET)
</UL>
<P><STRONG><a name="[13]"></a>RCU_IRQHandler</STRONG> (Thumb, 0 bytes, Stack size 0 bytes, startup_gd32f10x_md.o(.text))
<BR>[Address Reference Count : 1]<UL><LI> startup_gd32f10x_md.o(RESET)
</UL>
<P><STRONG><a name="[37]"></a>RTC_Alarm_IRQHandler</STRONG> (Thumb, 0 bytes, Stack size 0 bytes, startup_gd32f10x_md.o(.text))
<BR>[Address Reference Count : 1]<UL><LI> startup_gd32f10x_md.o(RESET)
</UL>
<P><STRONG><a name="[11]"></a>RTC_IRQHandler</STRONG> (Thumb, 0 bytes, Stack size 0 bytes, startup_gd32f10x_md.o(.text))
<BR>[Address Reference Count : 1]<UL><LI> startup_gd32f10x_md.o(RESET)
</UL>
<P><STRONG><a name="[31]"></a>SPI0_IRQHandler</STRONG> (Thumb, 0 bytes, Stack size 0 bytes, startup_gd32f10x_md.o(.text))
<BR>[Address Reference Count : 1]<UL><LI> startup_gd32f10x_md.o(RESET)
</UL>
<P><STRONG><a name="[32]"></a>SPI1_IRQHandler</STRONG> (Thumb, 0 bytes, Stack size 0 bytes, startup_gd32f10x_md.o(.text))
<BR>[Address Reference Count : 1]<UL><LI> startup_gd32f10x_md.o(RESET)
</UL>
<P><STRONG><a name="[10]"></a>TAMPER_IRQHandler</STRONG> (Thumb, 0 bytes, Stack size 0 bytes, startup_gd32f10x_md.o(.text))
<BR>[Address Reference Count : 1]<UL><LI> startup_gd32f10x_md.o(RESET)
</UL>
<P><STRONG><a name="[26]"></a>TIMER0_BRK_IRQHandler</STRONG> (Thumb, 0 bytes, Stack size 0 bytes, startup_gd32f10x_md.o(.text))
<BR>[Address Reference Count : 1]<UL><LI> startup_gd32f10x_md.o(RESET)
</UL>
<P><STRONG><a name="[29]"></a>TIMER0_Channel_IRQHandler</STRONG> (Thumb, 0 bytes, Stack size 0 bytes, startup_gd32f10x_md.o(.text))
<BR>[Address Reference Count : 1]<UL><LI> startup_gd32f10x_md.o(RESET)
</UL>
<P><STRONG><a name="[28]"></a>TIMER0_TRG_CMT_IRQHandler</STRONG> (Thumb, 0 bytes, Stack size 0 bytes, startup_gd32f10x_md.o(.text))
<BR>[Address Reference Count : 1]<UL><LI> startup_gd32f10x_md.o(RESET)
</UL>
<P><STRONG><a name="[27]"></a>TIMER0_UP_IRQHandler</STRONG> (Thumb, 0 bytes, Stack size 0 bytes, startup_gd32f10x_md.o(.text))
<BR>[Address Reference Count : 1]<UL><LI> startup_gd32f10x_md.o(RESET)
</UL>
<P><STRONG><a name="[2a]"></a>TIMER1_IRQHandler</STRONG> (Thumb, 0 bytes, Stack size 0 bytes, startup_gd32f10x_md.o(.text))
<BR>[Address Reference Count : 1]<UL><LI> startup_gd32f10x_md.o(RESET)
</UL>
<P><STRONG><a name="[2b]"></a>TIMER2_IRQHandler</STRONG> (Thumb, 0 bytes, Stack size 0 bytes, startup_gd32f10x_md.o(.text))
<BR>[Address Reference Count : 1]<UL><LI> startup_gd32f10x_md.o(RESET)
</UL>
<P><STRONG><a name="[2c]"></a>TIMER3_IRQHandler</STRONG> (Thumb, 0 bytes, Stack size 0 bytes, startup_gd32f10x_md.o(.text))
<BR>[Address Reference Count : 1]<UL><LI> startup_gd32f10x_md.o(RESET)
</UL>
<P><STRONG><a name="[34]"></a>USART1_IRQHandler</STRONG> (Thumb, 0 bytes, Stack size 0 bytes, startup_gd32f10x_md.o(.text))
<BR>[Address Reference Count : 1]<UL><LI> startup_gd32f10x_md.o(RESET)
</UL>
<P><STRONG><a name="[35]"></a>USART2_IRQHandler</STRONG> (Thumb, 0 bytes, Stack size 0 bytes, startup_gd32f10x_md.o(.text))
<BR>[Address Reference Count : 1]<UL><LI> startup_gd32f10x_md.o(RESET)
</UL>
<P><STRONG><a name="[21]"></a>USBD_HP_CAN0_TX_IRQHandler</STRONG> (Thumb, 0 bytes, Stack size 0 bytes, startup_gd32f10x_md.o(.text))
<BR>[Address Reference Count : 1]<UL><LI> startup_gd32f10x_md.o(RESET)
</UL>
<P><STRONG><a name="[22]"></a>USBD_LP_CAN0_RX0_IRQHandler</STRONG> (Thumb, 0 bytes, Stack size 0 bytes, startup_gd32f10x_md.o(.text))
<BR>[Address Reference Count : 1]<UL><LI> startup_gd32f10x_md.o(RESET)
</UL>
<P><STRONG><a name="[38]"></a>USBD_WKUP_IRQHandler</STRONG> (Thumb, 0 bytes, Stack size 0 bytes, startup_gd32f10x_md.o(.text))
<BR>[Address Reference Count : 1]<UL><LI> startup_gd32f10x_md.o(RESET)
</UL>
<P><STRONG><a name="[e]"></a>WWDGT_IRQHandler</STRONG> (Thumb, 0 bytes, Stack size 0 bytes, startup_gd32f10x_md.o(.text))
<BR>[Address Reference Count : 1]<UL><LI> startup_gd32f10x_md.o(RESET)
</UL>
<P><STRONG><a name="[9e]"></a>__user_initial_stackheap</STRONG> (Thumb, 10 bytes, Stack size 0 bytes, startup_gd32f10x_md.o(.text))
<BR><BR>[Called By]<UL><LI><a href="#[70]">&gt;&gt;</a>&nbsp;&nbsp;&nbsp;__user_setup_stackheap
</UL>

<P><STRONG><a name="[7a]"></a>vsprintf</STRONG> (Thumb, 32 bytes, Stack size 16 bytes, vsprintf.o(.text))
<BR><BR>[Stack]<UL><LI>Max Depth = 120 + Unknown Stack Size
<LI>Call Chain = vsprintf &rArr; _printf_char_common &rArr; __printf
</UL>
<BR>[Calls]<UL><LI><a href="#[3c]">&gt;&gt;</a>&nbsp;&nbsp;&nbsp;_sputc
<LI><a href="#[7b]">&gt;&gt;</a>&nbsp;&nbsp;&nbsp;_printf_char_common
</UL>
<BR>[Called By]<UL><LI><a href="#[a7]">&gt;&gt;</a>&nbsp;&nbsp;&nbsp;u0_printf
</UL>

<P><STRONG><a name="[7c]"></a>__0sscanf</STRONG> (Thumb, 52 bytes, Stack size 72 bytes, __0sscanf.o(.text))
<BR><BR>[Stack]<UL><LI>Max Depth = 224<LI>Call Chain = __0sscanf &rArr; __vfscanf_char &rArr; __vfscanf &rArr; _scanf_int
</UL>
<BR>[Calls]<UL><LI><a href="#[7d]">&gt;&gt;</a>&nbsp;&nbsp;&nbsp;__vfscanf_char
</UL>
<BR>[Called By]<UL><LI><a href="#[ae]">&gt;&gt;</a>&nbsp;&nbsp;&nbsp;BootLoader_Event
</UL>

<P><STRONG><a name="[7e]"></a>_scanf_int</STRONG> (Thumb, 332 bytes, Stack size 56 bytes, _scanf_int.o(.text))
<BR><BR>[Stack]<UL><LI>Max Depth = 56<LI>Call Chain = _scanf_int
</UL>
<BR>[Calls]<UL><LI><a href="#[7f]">&gt;&gt;</a>&nbsp;&nbsp;&nbsp;_chval
</UL>
<BR>[Called By]<UL><LI><a href="#[90]">&gt;&gt;</a>&nbsp;&nbsp;&nbsp;__vfscanf
</UL>

<P><STRONG><a name="[100]"></a>strlen</STRONG> (Thumb, 62 bytes, Stack size 8 bytes, strlen.o(.text))
<BR><BR>[Stack]<UL><LI>Max Depth = 8<LI>Call Chain = strlen
</UL>
<BR>[Called By]<UL><LI><a href="#[a7]">&gt;&gt;</a>&nbsp;&nbsp;&nbsp;u0_printf
</UL>

<P><STRONG><a name="[b3]"></a>__aeabi_memcpy</STRONG> (Thumb, 0 bytes, Stack size 0 bytes, rt_memcpy_v6.o(.text))
<BR><BR>[Called By]<UL><LI><a href="#[ae]">&gt;&gt;</a>&nbsp;&nbsp;&nbsp;BootLoader_Event
</UL>

<P><STRONG><a name="[80]"></a>__rt_memcpy</STRONG> (Thumb, 138 bytes, Stack size 0 bytes, rt_memcpy_v6.o(.text), UNUSED)
<BR><BR>[Calls]<UL><LI><a href="#[81]">&gt;&gt;</a>&nbsp;&nbsp;&nbsp;__aeabi_memcpy4
</UL>

<P><STRONG><a name="[129]"></a>_memcpy_lastbytes</STRONG> (Thumb, 0 bytes, Stack size unknown bytes, rt_memcpy_v6.o(.text), UNUSED)

<P><STRONG><a name="[b7]"></a>__aeabi_memclr4</STRONG> (Thumb, 0 bytes, Stack size 4 bytes, rt_memclr_w.o(.text))
<BR><BR>[Stack]<UL><LI>Max Depth = 4<LI>Call Chain = __aeabi_memclr4
</UL>
<BR>[Called By]<UL><LI><a href="#[b0]">&gt;&gt;</a>&nbsp;&nbsp;&nbsp;M24C02_ReadOTAInfo
<LI><a href="#[ae]">&gt;&gt;</a>&nbsp;&nbsp;&nbsp;BootLoader_Event
</UL>

<P><STRONG><a name="[12a]"></a>__aeabi_memclr8</STRONG> (Thumb, 0 bytes, Stack size 4 bytes, rt_memclr_w.o(.text), UNUSED)

<P><STRONG><a name="[12b]"></a>__rt_memclr_w</STRONG> (Thumb, 78 bytes, Stack size 4 bytes, rt_memclr_w.o(.text), UNUSED)

<P><STRONG><a name="[12c]"></a>_memset_w</STRONG> (Thumb, 0 bytes, Stack size unknown bytes, rt_memclr_w.o(.text), UNUSED)

<P><STRONG><a name="[12d]"></a>__use_two_region_memory</STRONG> (Thumb, 2 bytes, Stack size 0 bytes, heapauxi.o(.text), UNUSED)

<P><STRONG><a name="[12e]"></a>__rt_heap_escrow$2region</STRONG> (Thumb, 2 bytes, Stack size 0 bytes, heapauxi.o(.text), UNUSED)

<P><STRONG><a name="[12f]"></a>__rt_heap_expand$2region</STRONG> (Thumb, 2 bytes, Stack size 0 bytes, heapauxi.o(.text), UNUSED)

<P><STRONG><a name="[83]"></a>_printf_pre_padding</STRONG> (Thumb, 44 bytes, Stack size 16 bytes, _printf_pad.o(.text))
<BR><BR>[Stack]<UL><LI>Max Depth = 16<LI>Call Chain = _printf_pre_padding
</UL>
<BR>[Called By]<UL><LI><a href="#[99]">&gt;&gt;</a>&nbsp;&nbsp;&nbsp;_printf_fp_infnan
<LI><a href="#[9a]">&gt;&gt;</a>&nbsp;&nbsp;&nbsp;_printf_fp_hex_real
<LI><a href="#[97]">&gt;&gt;</a>&nbsp;&nbsp;&nbsp;_printf_fp_dec_real
<LI><a href="#[87]">&gt;&gt;</a>&nbsp;&nbsp;&nbsp;_printf_int_common
<LI><a href="#[89]">&gt;&gt;</a>&nbsp;&nbsp;&nbsp;_printf_wctomb
<LI><a href="#[82]">&gt;&gt;</a>&nbsp;&nbsp;&nbsp;_printf_str
</UL>

<P><STRONG><a name="[84]"></a>_printf_post_padding</STRONG> (Thumb, 34 bytes, Stack size 16 bytes, _printf_pad.o(.text))
<BR><BR>[Stack]<UL><LI>Max Depth = 16<LI>Call Chain = _printf_post_padding
</UL>
<BR>[Called By]<UL><LI><a href="#[99]">&gt;&gt;</a>&nbsp;&nbsp;&nbsp;_printf_fp_infnan
<LI><a href="#[9a]">&gt;&gt;</a>&nbsp;&nbsp;&nbsp;_printf_fp_hex_real
<LI><a href="#[97]">&gt;&gt;</a>&nbsp;&nbsp;&nbsp;_printf_fp_dec_real
<LI><a href="#[87]">&gt;&gt;</a>&nbsp;&nbsp;&nbsp;_printf_int_common
<LI><a href="#[89]">&gt;&gt;</a>&nbsp;&nbsp;&nbsp;_printf_wctomb
<LI><a href="#[82]">&gt;&gt;</a>&nbsp;&nbsp;&nbsp;_printf_str
</UL>

<P><STRONG><a name="[85]"></a>_printf_truncate_signed</STRONG> (Thumb, 18 bytes, Stack size 0 bytes, _printf_truncate.o(.text))
<BR><BR>[Called By]<UL><LI><a href="#[53]">&gt;&gt;</a>&nbsp;&nbsp;&nbsp;_printf_int_dec
</UL>

<P><STRONG><a name="[86]"></a>_printf_truncate_unsigned</STRONG> (Thumb, 18 bytes, Stack size 0 bytes, _printf_truncate.o(.text))
<BR><BR>[Called By]<UL><LI><a href="#[59]">&gt;&gt;</a>&nbsp;&nbsp;&nbsp;_printf_int_hex
<LI><a href="#[57]">&gt;&gt;</a>&nbsp;&nbsp;&nbsp;_printf_int_oct
<LI><a href="#[53]">&gt;&gt;</a>&nbsp;&nbsp;&nbsp;_printf_int_dec
</UL>

<P><STRONG><a name="[82]"></a>_printf_str</STRONG> (Thumb, 82 bytes, Stack size 16 bytes, _printf_str.o(.text))
<BR><BR>[Stack]<UL><LI>Max Depth = 32<LI>Call Chain = _printf_str &rArr; _printf_post_padding
</UL>
<BR>[Calls]<UL><LI><a href="#[84]">&gt;&gt;</a>&nbsp;&nbsp;&nbsp;_printf_post_padding
<LI><a href="#[83]">&gt;&gt;</a>&nbsp;&nbsp;&nbsp;_printf_pre_padding
</UL>
<BR>[Called By]<UL><LI><a href="#[9b]">&gt;&gt;</a>&nbsp;&nbsp;&nbsp;_printf_cs_common
</UL>

<P><STRONG><a name="[53]"></a>_printf_int_dec</STRONG> (Thumb, 104 bytes, Stack size 24 bytes, _printf_dec.o(.text))
<BR><BR>[Stack]<UL><LI>Max Depth = 72<LI>Call Chain = _printf_int_dec &rArr; _printf_int_common &rArr; _printf_post_padding
</UL>
<BR>[Calls]<UL><LI><a href="#[87]">&gt;&gt;</a>&nbsp;&nbsp;&nbsp;_printf_int_common
<LI><a href="#[86]">&gt;&gt;</a>&nbsp;&nbsp;&nbsp;_printf_truncate_unsigned
<LI><a href="#[85]">&gt;&gt;</a>&nbsp;&nbsp;&nbsp;_printf_truncate_signed
</UL>
<BR>[Called By]<UL><LI><a href="#[55]">&gt;&gt;</a>&nbsp;&nbsp;&nbsp;_printf_u
<LI><a href="#[54]">&gt;&gt;</a>&nbsp;&nbsp;&nbsp;_printf_d
<LI><a href="#[52]">&gt;&gt;</a>&nbsp;&nbsp;&nbsp;_printf_i
</UL>

<P><STRONG><a name="[49]"></a>_printf_charcount</STRONG> (Thumb, 40 bytes, Stack size 0 bytes, _printf_charcount.o(.text))
<BR><BR>[Called By]<UL><LI><a href="#[48]">&gt;&gt;</a>&nbsp;&nbsp;&nbsp;_printf_n
</UL>

<P><STRONG><a name="[7b]"></a>_printf_char_common</STRONG> (Thumb, 32 bytes, Stack size 64 bytes, _printf_char_common.o(.text))
<BR><BR>[Stack]<UL><LI>Max Depth = 104 + Unknown Stack Size
<LI>Call Chain = _printf_char_common &rArr; __printf
</UL>
<BR>[Calls]<UL><LI><a href="#[88]">&gt;&gt;</a>&nbsp;&nbsp;&nbsp;__printf
</UL>
<BR>[Called By]<UL><LI><a href="#[7a]">&gt;&gt;</a>&nbsp;&nbsp;&nbsp;vsprintf
</UL>

<P><STRONG><a name="[3c]"></a>_sputc</STRONG> (Thumb, 10 bytes, Stack size 0 bytes, _sputc.o(.text))
<BR><BR>[Called By]<UL><LI><a href="#[7a]">&gt;&gt;</a>&nbsp;&nbsp;&nbsp;vsprintf
</UL>
<BR>[Address Reference Count : 1]<UL><LI> vsprintf.o(.text)
</UL>
<P><STRONG><a name="[89]"></a>_printf_wctomb</STRONG> (Thumb, 182 bytes, Stack size 56 bytes, _printf_wctomb.o(.text))
<BR><BR>[Stack]<UL><LI>Max Depth = 80<LI>Call Chain = _printf_wctomb &rArr; _wcrtomb &rArr; __rt_ctype_table
</UL>
<BR>[Calls]<UL><LI><a href="#[8a]">&gt;&gt;</a>&nbsp;&nbsp;&nbsp;_wcrtomb
<LI><a href="#[84]">&gt;&gt;</a>&nbsp;&nbsp;&nbsp;_printf_post_padding
<LI><a href="#[83]">&gt;&gt;</a>&nbsp;&nbsp;&nbsp;_printf_pre_padding
</UL>
<BR>[Called By]<UL><LI><a href="#[9c]">&gt;&gt;</a>&nbsp;&nbsp;&nbsp;_printf_lcs_common
</UL>

<P><STRONG><a name="[5b]"></a>_printf_longlong_dec</STRONG> (Thumb, 108 bytes, Stack size 24 bytes, _printf_longlong_dec.o(.text))
<BR><BR>[Stack]<UL><LI>Max Depth = 72<LI>Call Chain = _printf_longlong_dec &rArr; _printf_int_common &rArr; _printf_post_padding
</UL>
<BR>[Calls]<UL><LI><a href="#[87]">&gt;&gt;</a>&nbsp;&nbsp;&nbsp;_printf_int_common
<LI><a href="#[8b]">&gt;&gt;</a>&nbsp;&nbsp;&nbsp;_ll_udiv10
</UL>
<BR>[Called By]<UL><LI><a href="#[5d]">&gt;&gt;</a>&nbsp;&nbsp;&nbsp;_printf_llu
<LI><a href="#[5c]">&gt;&gt;</a>&nbsp;&nbsp;&nbsp;_printf_lld
<LI><a href="#[5a]">&gt;&gt;</a>&nbsp;&nbsp;&nbsp;_printf_lli
</UL>

<P><STRONG><a name="[8c]"></a>_printf_longlong_oct</STRONG> (Thumb, 66 bytes, Stack size 8 bytes, _printf_oct_int_ll.o(.text))
<BR><BR>[Stack]<UL><LI>Max Depth = 56<LI>Call Chain = _printf_longlong_oct &rArr; _printf_int_common &rArr; _printf_post_padding
</UL>
<BR>[Calls]<UL><LI><a href="#[87]">&gt;&gt;</a>&nbsp;&nbsp;&nbsp;_printf_int_common
</UL>
<BR>[Called By]<UL><LI><a href="#[5f]">&gt;&gt;</a>&nbsp;&nbsp;&nbsp;_printf_ll_oct
<LI><a href="#[57]">&gt;&gt;</a>&nbsp;&nbsp;&nbsp;_printf_int_oct
</UL>

<P><STRONG><a name="[57]"></a>_printf_int_oct</STRONG> (Thumb, 24 bytes, Stack size 8 bytes, _printf_oct_int_ll.o(.text))
<BR><BR>[Stack]<UL><LI>Max Depth = 64<LI>Call Chain = _printf_int_oct &rArr; _printf_longlong_oct &rArr; _printf_int_common &rArr; _printf_post_padding
</UL>
<BR>[Calls]<UL><LI><a href="#[8c]">&gt;&gt;</a>&nbsp;&nbsp;&nbsp;_printf_longlong_oct
<LI><a href="#[86]">&gt;&gt;</a>&nbsp;&nbsp;&nbsp;_printf_truncate_unsigned
</UL>
<BR>[Called By]<UL><LI><a href="#[56]">&gt;&gt;</a>&nbsp;&nbsp;&nbsp;_printf_o
</UL>

<P><STRONG><a name="[5f]"></a>_printf_ll_oct</STRONG> (Thumb, 12 bytes, Stack size 0 bytes, _printf_oct_int_ll.o(.text))
<BR><BR>[Stack]<UL><LI>Max Depth = 56<LI>Call Chain = _printf_ll_oct &rArr; _printf_longlong_oct &rArr; _printf_int_common &rArr; _printf_post_padding
</UL>
<BR>[Calls]<UL><LI><a href="#[8c]">&gt;&gt;</a>&nbsp;&nbsp;&nbsp;_printf_longlong_oct
</UL>
<BR>[Called By]<UL><LI><a href="#[5e]">&gt;&gt;</a>&nbsp;&nbsp;&nbsp;_printf_llo
</UL>

<P><STRONG><a name="[8d]"></a>_printf_longlong_hex</STRONG> (Thumb, 86 bytes, Stack size 16 bytes, _printf_hex_int_ll_ptr.o(.text))
<BR><BR>[Stack]<UL><LI>Max Depth = 64<LI>Call Chain = _printf_longlong_hex &rArr; _printf_int_common &rArr; _printf_post_padding
</UL>
<BR>[Calls]<UL><LI><a href="#[87]">&gt;&gt;</a>&nbsp;&nbsp;&nbsp;_printf_int_common
</UL>
<BR>[Called By]<UL><LI><a href="#[4b]">&gt;&gt;</a>&nbsp;&nbsp;&nbsp;_printf_hex_ptr
<LI><a href="#[61]">&gt;&gt;</a>&nbsp;&nbsp;&nbsp;_printf_ll_hex
<LI><a href="#[59]">&gt;&gt;</a>&nbsp;&nbsp;&nbsp;_printf_int_hex
</UL>

<P><STRONG><a name="[59]"></a>_printf_int_hex</STRONG> (Thumb, 28 bytes, Stack size 16 bytes, _printf_hex_int_ll_ptr.o(.text))
<BR><BR>[Stack]<UL><LI>Max Depth = 80<LI>Call Chain = _printf_int_hex &rArr; _printf_longlong_hex &rArr; _printf_int_common &rArr; _printf_post_padding
</UL>
<BR>[Calls]<UL><LI><a href="#[8d]">&gt;&gt;</a>&nbsp;&nbsp;&nbsp;_printf_longlong_hex
<LI><a href="#[86]">&gt;&gt;</a>&nbsp;&nbsp;&nbsp;_printf_truncate_unsigned
</UL>
<BR>[Called By]<UL><LI><a href="#[58]">&gt;&gt;</a>&nbsp;&nbsp;&nbsp;_printf_x
</UL>

<P><STRONG><a name="[61]"></a>_printf_ll_hex</STRONG> (Thumb, 12 bytes, Stack size 0 bytes, _printf_hex_int_ll_ptr.o(.text))
<BR><BR>[Stack]<UL><LI>Max Depth = 64<LI>Call Chain = _printf_ll_hex &rArr; _printf_longlong_hex &rArr; _printf_int_common &rArr; _printf_post_padding
</UL>
<BR>[Calls]<UL><LI><a href="#[8d]">&gt;&gt;</a>&nbsp;&nbsp;&nbsp;_printf_longlong_hex
</UL>
<BR>[Called By]<UL><LI><a href="#[60]">&gt;&gt;</a>&nbsp;&nbsp;&nbsp;_printf_llx
</UL>

<P><STRONG><a name="[4b]"></a>_printf_hex_ptr</STRONG> (Thumb, 18 bytes, Stack size 0 bytes, _printf_hex_int_ll_ptr.o(.text))
<BR><BR>[Stack]<UL><LI>Max Depth = 64<LI>Call Chain = _printf_hex_ptr &rArr; _printf_longlong_hex &rArr; _printf_int_common &rArr; _printf_post_padding
</UL>
<BR>[Calls]<UL><LI><a href="#[8d]">&gt;&gt;</a>&nbsp;&nbsp;&nbsp;_printf_longlong_hex
</UL>
<BR>[Called By]<UL><LI><a href="#[4a]">&gt;&gt;</a>&nbsp;&nbsp;&nbsp;_printf_p
</UL>

<P><STRONG><a name="[88]"></a>__printf</STRONG> (Thumb, 388 bytes, Stack size 40 bytes, __printf_flags_ss_wp.o(.text))
<BR><BR>[Stack]<UL><LI>Max Depth = 40 + Unknown Stack Size
<LI>Call Chain = __printf
</UL>
<BR>[Calls]<UL><LI><a href="#[8f]">&gt;&gt;</a>&nbsp;&nbsp;&nbsp;_printf_percent
<LI><a href="#[8e]">&gt;&gt;</a>&nbsp;&nbsp;&nbsp;_is_digit
</UL>
<BR>[Called By]<UL><LI><a href="#[7b]">&gt;&gt;</a>&nbsp;&nbsp;&nbsp;_printf_char_common
</UL>

<P><STRONG><a name="[7f]"></a>_chval</STRONG> (Thumb, 28 bytes, Stack size 0 bytes, _chval.o(.text))
<BR><BR>[Called By]<UL><LI><a href="#[7e]">&gt;&gt;</a>&nbsp;&nbsp;&nbsp;_scanf_int
</UL>

<P><STRONG><a name="[7d]"></a>__vfscanf_char</STRONG> (Thumb, 24 bytes, Stack size 0 bytes, scanf_char.o(.text))
<BR><BR>[Stack]<UL><LI>Max Depth = 152<LI>Call Chain = __vfscanf_char &rArr; __vfscanf &rArr; _scanf_int
</UL>
<BR>[Calls]<UL><LI><a href="#[90]">&gt;&gt;</a>&nbsp;&nbsp;&nbsp;__vfscanf
</UL>
<BR>[Called By]<UL><LI><a href="#[7c]">&gt;&gt;</a>&nbsp;&nbsp;&nbsp;__0sscanf
</UL>

<P><STRONG><a name="[3d]"></a>_sgetc</STRONG> (Thumb, 30 bytes, Stack size 0 bytes, _sgetc.o(.text))
<BR>[Address Reference Count : 1]<UL><LI> __0sscanf.o(.text)
</UL>
<P><STRONG><a name="[3e]"></a>_sbackspace</STRONG> (Thumb, 34 bytes, Stack size 0 bytes, _sgetc.o(.text))
<BR>[Address Reference Count : 1]<UL><LI> __0sscanf.o(.text)
</UL>
<P><STRONG><a name="[81]"></a>__aeabi_memcpy4</STRONG> (Thumb, 0 bytes, Stack size 8 bytes, rt_memcpy_w.o(.text), UNUSED)
<BR><BR>[Called By]<UL><LI><a href="#[80]">&gt;&gt;</a>&nbsp;&nbsp;&nbsp;__rt_memcpy
</UL>

<P><STRONG><a name="[130]"></a>__aeabi_memcpy8</STRONG> (Thumb, 0 bytes, Stack size 8 bytes, rt_memcpy_w.o(.text), UNUSED)

<P><STRONG><a name="[131]"></a>__rt_memcpy_w</STRONG> (Thumb, 100 bytes, Stack size 8 bytes, rt_memcpy_w.o(.text), UNUSED)

<P><STRONG><a name="[132]"></a>_memcpy_lastbytes_aligned</STRONG> (Thumb, 0 bytes, Stack size unknown bytes, rt_memcpy_w.o(.text), UNUSED)

<P><STRONG><a name="[8b]"></a>_ll_udiv10</STRONG> (Thumb, 138 bytes, Stack size 12 bytes, lludiv10.o(.text))
<BR><BR>[Stack]<UL><LI>Max Depth = 12<LI>Call Chain = _ll_udiv10
</UL>
<BR>[Called By]<UL><LI><a href="#[92]">&gt;&gt;</a>&nbsp;&nbsp;&nbsp;_fp_digits
<LI><a href="#[5b]">&gt;&gt;</a>&nbsp;&nbsp;&nbsp;_printf_longlong_dec
</UL>

<P><STRONG><a name="[41]"></a>isspace</STRONG> (Thumb, 18 bytes, Stack size 8 bytes, isspace.o(.text))
<BR><BR>[Stack]<UL><LI>Max Depth = 16<LI>Call Chain = isspace &rArr; __rt_ctype_table
</UL>
<BR>[Calls]<UL><LI><a href="#[91]">&gt;&gt;</a>&nbsp;&nbsp;&nbsp;__rt_ctype_table
</UL>
<BR>[Address Reference Count : 1]<UL><LI> scanf_char.o(.text)
</UL>
<P><STRONG><a name="[87]"></a>_printf_int_common</STRONG> (Thumb, 178 bytes, Stack size 32 bytes, _printf_intcommon.o(.text))
<BR><BR>[Stack]<UL><LI>Max Depth = 48<LI>Call Chain = _printf_int_common &rArr; _printf_post_padding
</UL>
<BR>[Calls]<UL><LI><a href="#[84]">&gt;&gt;</a>&nbsp;&nbsp;&nbsp;_printf_post_padding
<LI><a href="#[83]">&gt;&gt;</a>&nbsp;&nbsp;&nbsp;_printf_pre_padding
</UL>
<BR>[Called By]<UL><LI><a href="#[8d]">&gt;&gt;</a>&nbsp;&nbsp;&nbsp;_printf_longlong_hex
<LI><a href="#[8c]">&gt;&gt;</a>&nbsp;&nbsp;&nbsp;_printf_longlong_oct
<LI><a href="#[5b]">&gt;&gt;</a>&nbsp;&nbsp;&nbsp;_printf_longlong_dec
<LI><a href="#[53]">&gt;&gt;</a>&nbsp;&nbsp;&nbsp;_printf_int_dec
</UL>

<P><STRONG><a name="[133]"></a>__lib_sel_fp_printf</STRONG> (Thumb, 2 bytes, Stack size 0 bytes, _printf_fp_dec.o(.text), UNUSED)

<P><STRONG><a name="[97]"></a>_printf_fp_dec_real</STRONG> (Thumb, 620 bytes, Stack size 104 bytes, _printf_fp_dec.o(.text))
<BR><BR>[Stack]<UL><LI>Max Depth = 324<LI>Call Chain = _printf_fp_dec_real &rArr; _fp_digits &rArr; _btod_etento &rArr; _btod_emul &rArr; _e2e
</UL>
<BR>[Calls]<UL><LI><a href="#[98]">&gt;&gt;</a>&nbsp;&nbsp;&nbsp;__ARM_fpclassify
<LI><a href="#[99]">&gt;&gt;</a>&nbsp;&nbsp;&nbsp;_printf_fp_infnan
<LI><a href="#[6b]">&gt;&gt;</a>&nbsp;&nbsp;&nbsp;__rt_locale
<LI><a href="#[92]">&gt;&gt;</a>&nbsp;&nbsp;&nbsp;_fp_digits
<LI><a href="#[84]">&gt;&gt;</a>&nbsp;&nbsp;&nbsp;_printf_post_padding
<LI><a href="#[83]">&gt;&gt;</a>&nbsp;&nbsp;&nbsp;_printf_pre_padding
</UL>
<BR>[Called By]<UL><LI><a href="#[4d]">&gt;&gt;</a>&nbsp;&nbsp;&nbsp;_printf_fp_dec
</UL>

<P><STRONG><a name="[9a]"></a>_printf_fp_hex_real</STRONG> (Thumb, 756 bytes, Stack size 72 bytes, _printf_fp_hex.o(.text))
<BR><BR>[Stack]<UL><LI>Max Depth = 112<LI>Call Chain = _printf_fp_hex_real &rArr; _printf_fp_infnan &rArr; _printf_post_padding
</UL>
<BR>[Calls]<UL><LI><a href="#[98]">&gt;&gt;</a>&nbsp;&nbsp;&nbsp;__ARM_fpclassify
<LI><a href="#[99]">&gt;&gt;</a>&nbsp;&nbsp;&nbsp;_printf_fp_infnan
<LI><a href="#[84]">&gt;&gt;</a>&nbsp;&nbsp;&nbsp;_printf_post_padding
<LI><a href="#[83]">&gt;&gt;</a>&nbsp;&nbsp;&nbsp;_printf_pre_padding
</UL>
<BR>[Called By]<UL><LI><a href="#[51]">&gt;&gt;</a>&nbsp;&nbsp;&nbsp;_printf_fp_hex
</UL>

<P><STRONG><a name="[9b]"></a>_printf_cs_common</STRONG> (Thumb, 20 bytes, Stack size 8 bytes, _printf_char.o(.text))
<BR><BR>[Stack]<UL><LI>Max Depth = 40<LI>Call Chain = _printf_cs_common &rArr; _printf_str &rArr; _printf_post_padding
</UL>
<BR>[Calls]<UL><LI><a href="#[82]">&gt;&gt;</a>&nbsp;&nbsp;&nbsp;_printf_str
</UL>
<BR>[Called By]<UL><LI><a href="#[65]">&gt;&gt;</a>&nbsp;&nbsp;&nbsp;_printf_string
<LI><a href="#[63]">&gt;&gt;</a>&nbsp;&nbsp;&nbsp;_printf_char
</UL>

<P><STRONG><a name="[63]"></a>_printf_char</STRONG> (Thumb, 16 bytes, Stack size 0 bytes, _printf_char.o(.text))
<BR><BR>[Stack]<UL><LI>Max Depth = 40<LI>Call Chain = _printf_char &rArr; _printf_cs_common &rArr; _printf_str &rArr; _printf_post_padding
</UL>
<BR>[Calls]<UL><LI><a href="#[9b]">&gt;&gt;</a>&nbsp;&nbsp;&nbsp;_printf_cs_common
</UL>
<BR>[Called By]<UL><LI><a href="#[62]">&gt;&gt;</a>&nbsp;&nbsp;&nbsp;_printf_c
</UL>

<P><STRONG><a name="[65]"></a>_printf_string</STRONG> (Thumb, 8 bytes, Stack size 0 bytes, _printf_char.o(.text))
<BR><BR>[Stack]<UL><LI>Max Depth = 40<LI>Call Chain = _printf_string &rArr; _printf_cs_common &rArr; _printf_str &rArr; _printf_post_padding
</UL>
<BR>[Calls]<UL><LI><a href="#[9b]">&gt;&gt;</a>&nbsp;&nbsp;&nbsp;_printf_cs_common
</UL>
<BR>[Called By]<UL><LI><a href="#[64]">&gt;&gt;</a>&nbsp;&nbsp;&nbsp;_printf_s
</UL>

<P><STRONG><a name="[9c]"></a>_printf_lcs_common</STRONG> (Thumb, 20 bytes, Stack size 8 bytes, _printf_wchar.o(.text))
<BR><BR>[Stack]<UL><LI>Max Depth = 88<LI>Call Chain = _printf_lcs_common &rArr; _printf_wctomb &rArr; _wcrtomb &rArr; __rt_ctype_table
</UL>
<BR>[Calls]<UL><LI><a href="#[89]">&gt;&gt;</a>&nbsp;&nbsp;&nbsp;_printf_wctomb
</UL>
<BR>[Called By]<UL><LI><a href="#[69]">&gt;&gt;</a>&nbsp;&nbsp;&nbsp;_printf_wstring
<LI><a href="#[67]">&gt;&gt;</a>&nbsp;&nbsp;&nbsp;_printf_wchar
</UL>

<P><STRONG><a name="[67]"></a>_printf_wchar</STRONG> (Thumb, 16 bytes, Stack size 0 bytes, _printf_wchar.o(.text))
<BR><BR>[Stack]<UL><LI>Max Depth = 88<LI>Call Chain = _printf_wchar &rArr; _printf_lcs_common &rArr; _printf_wctomb &rArr; _wcrtomb &rArr; __rt_ctype_table
</UL>
<BR>[Calls]<UL><LI><a href="#[9c]">&gt;&gt;</a>&nbsp;&nbsp;&nbsp;_printf_lcs_common
</UL>
<BR>[Called By]<UL><LI><a href="#[66]">&gt;&gt;</a>&nbsp;&nbsp;&nbsp;_printf_lc
</UL>

<P><STRONG><a name="[69]"></a>_printf_wstring</STRONG> (Thumb, 8 bytes, Stack size 0 bytes, _printf_wchar.o(.text))
<BR><BR>[Stack]<UL><LI>Max Depth = 88<LI>Call Chain = _printf_wstring &rArr; _printf_lcs_common &rArr; _printf_wctomb &rArr; _wcrtomb &rArr; __rt_ctype_table
</UL>
<BR>[Calls]<UL><LI><a href="#[9c]">&gt;&gt;</a>&nbsp;&nbsp;&nbsp;_printf_lcs_common
</UL>
<BR>[Called By]<UL><LI><a href="#[68]">&gt;&gt;</a>&nbsp;&nbsp;&nbsp;_printf_ls
</UL>

<P><STRONG><a name="[90]"></a>__vfscanf</STRONG> (Thumb, 878 bytes, Stack size 96 bytes, _scanf.o(.text))
<BR><BR>[Stack]<UL><LI>Max Depth = 152<LI>Call Chain = __vfscanf &rArr; _scanf_int
</UL>
<BR>[Calls]<UL><LI><a href="#[7e]">&gt;&gt;</a>&nbsp;&nbsp;&nbsp;_scanf_int
</UL>
<BR>[Called By]<UL><LI><a href="#[7d]">&gt;&gt;</a>&nbsp;&nbsp;&nbsp;__vfscanf_char
</UL>

<P><STRONG><a name="[8a]"></a>_wcrtomb</STRONG> (Thumb, 64 bytes, Stack size 16 bytes, _wcrtomb.o(.text))
<BR><BR>[Stack]<UL><LI>Max Depth = 24<LI>Call Chain = _wcrtomb &rArr; __rt_ctype_table
</UL>
<BR>[Calls]<UL><LI><a href="#[91]">&gt;&gt;</a>&nbsp;&nbsp;&nbsp;__rt_ctype_table
</UL>
<BR>[Called By]<UL><LI><a href="#[89]">&gt;&gt;</a>&nbsp;&nbsp;&nbsp;_printf_wctomb
</UL>

<P><STRONG><a name="[70]"></a>__user_setup_stackheap</STRONG> (Thumb, 74 bytes, Stack size 8 bytes, sys_stackheap_outer.o(.text))
<BR><BR>[Stack]<UL><LI>Max Depth = 8<LI>Call Chain = __user_setup_stackheap
</UL>
<BR>[Calls]<UL><LI><a href="#[9e]">&gt;&gt;</a>&nbsp;&nbsp;&nbsp;__user_initial_stackheap
<LI><a href="#[9d]">&gt;&gt;</a>&nbsp;&nbsp;&nbsp;__user_perproc_libspace
</UL>
<BR>[Called By]<UL><LI><a href="#[6f]">&gt;&gt;</a>&nbsp;&nbsp;&nbsp;__rt_entry_sh
</UL>

<P><STRONG><a name="[91]"></a>__rt_ctype_table</STRONG> (Thumb, 16 bytes, Stack size 8 bytes, rt_ctype_table.o(.text))
<BR><BR>[Stack]<UL><LI>Max Depth = 8<LI>Call Chain = __rt_ctype_table
</UL>
<BR>[Calls]<UL><LI><a href="#[6b]">&gt;&gt;</a>&nbsp;&nbsp;&nbsp;__rt_locale
</UL>
<BR>[Called By]<UL><LI><a href="#[8a]">&gt;&gt;</a>&nbsp;&nbsp;&nbsp;_wcrtomb
<LI><a href="#[41]">&gt;&gt;</a>&nbsp;&nbsp;&nbsp;isspace
</UL>

<P><STRONG><a name="[6b]"></a>__rt_locale</STRONG> (Thumb, 8 bytes, Stack size 0 bytes, rt_locale_intlibspace.o(.text))
<BR><BR>[Called By]<UL><LI><a href="#[91]">&gt;&gt;</a>&nbsp;&nbsp;&nbsp;__rt_ctype_table
<LI><a href="#[97]">&gt;&gt;</a>&nbsp;&nbsp;&nbsp;_printf_fp_dec_real
<LI><a href="#[6a]">&gt;&gt;</a>&nbsp;&nbsp;&nbsp;__rt_lib_init_lc_common
</UL>

<P><STRONG><a name="[99]"></a>_printf_fp_infnan</STRONG> (Thumb, 112 bytes, Stack size 24 bytes, _printf_fp_infnan.o(.text))
<BR><BR>[Stack]<UL><LI>Max Depth = 40<LI>Call Chain = _printf_fp_infnan &rArr; _printf_post_padding
</UL>
<BR>[Calls]<UL><LI><a href="#[84]">&gt;&gt;</a>&nbsp;&nbsp;&nbsp;_printf_post_padding
<LI><a href="#[83]">&gt;&gt;</a>&nbsp;&nbsp;&nbsp;_printf_pre_padding
</UL>
<BR>[Called By]<UL><LI><a href="#[9a]">&gt;&gt;</a>&nbsp;&nbsp;&nbsp;_printf_fp_hex_real
<LI><a href="#[97]">&gt;&gt;</a>&nbsp;&nbsp;&nbsp;_printf_fp_dec_real
</UL>

<P><STRONG><a name="[93]"></a>_btod_etento</STRONG> (Thumb, 224 bytes, Stack size 72 bytes, bigflt0.o(.text))
<BR><BR>[Stack]<UL><LI>Max Depth = 124<LI>Call Chain = _btod_etento &rArr; _btod_emul &rArr; _e2e
</UL>
<BR>[Calls]<UL><LI><a href="#[96]">&gt;&gt;</a>&nbsp;&nbsp;&nbsp;_btod_emul
<LI><a href="#[95]">&gt;&gt;</a>&nbsp;&nbsp;&nbsp;_btod_ediv
</UL>
<BR>[Called By]<UL><LI><a href="#[92]">&gt;&gt;</a>&nbsp;&nbsp;&nbsp;_fp_digits
</UL>

<P><STRONG><a name="[75]"></a>exit</STRONG> (Thumb, 18 bytes, Stack size 8 bytes, exit.o(.text))
<BR><BR>[Stack]<UL><LI>Max Depth = 8 + Unknown Stack Size
<LI>Call Chain = exit
</UL>
<BR>[Calls]<UL><LI><a href="#[9f]">&gt;&gt;</a>&nbsp;&nbsp;&nbsp;__rt_exit
</UL>
<BR>[Called By]<UL><LI><a href="#[73]">&gt;&gt;</a>&nbsp;&nbsp;&nbsp;__rt_entry_main
</UL>

<P><STRONG><a name="[134]"></a>__user_libspace</STRONG> (Thumb, 8 bytes, Stack size 0 bytes, libspace.o(.text), UNUSED)

<P><STRONG><a name="[9d]"></a>__user_perproc_libspace</STRONG> (Thumb, 0 bytes, Stack size 0 bytes, libspace.o(.text))
<BR><BR>[Called By]<UL><LI><a href="#[70]">&gt;&gt;</a>&nbsp;&nbsp;&nbsp;__user_setup_stackheap
</UL>

<P><STRONG><a name="[135]"></a>__user_perthread_libspace</STRONG> (Thumb, 0 bytes, Stack size 0 bytes, libspace.o(.text), UNUSED)

<P><STRONG><a name="[102]"></a>strcmp</STRONG> (Thumb, 128 bytes, Stack size 0 bytes, strcmpv7m.o(.text))
<BR><BR>[Called By]<UL><LI><a href="#[42]">&gt;&gt;</a>&nbsp;&nbsp;&nbsp;_get_lc_ctype
<LI><a href="#[6e]">&gt;&gt;</a>&nbsp;&nbsp;&nbsp;_get_lc_numeric
</UL>

<P><STRONG><a name="[79]"></a>_sys_exit</STRONG> (Thumb, 8 bytes, Stack size 0 bytes, sys_exit.o(.text))
<BR><BR>[Called By]<UL><LI><a href="#[78]">&gt;&gt;</a>&nbsp;&nbsp;&nbsp;__rt_exit_exit
</UL>

<P><STRONG><a name="[136]"></a>__I$use$semihosting</STRONG> (Thumb, 0 bytes, Stack size 0 bytes, use_no_semi.o(.text), UNUSED)

<P><STRONG><a name="[137]"></a>__use_no_semihosting_swi</STRONG> (Thumb, 2 bytes, Stack size 0 bytes, use_no_semi.o(.text), UNUSED)

<P><STRONG><a name="[138]"></a>__semihosting_library_function</STRONG> (Thumb, 0 bytes, Stack size 0 bytes, indicate_semi.o(.text), UNUSED)

<P><STRONG><a name="[94]"></a>_btod_d2e</STRONG> (Thumb, 62 bytes, Stack size 0 bytes, btod.o(CL$$btod_d2e))
<BR><BR>[Calls]<UL><LI><a href="#[a0]">&gt;&gt;</a>&nbsp;&nbsp;&nbsp;_d2e_norm_op1
</UL>
<BR>[Called By]<UL><LI><a href="#[92]">&gt;&gt;</a>&nbsp;&nbsp;&nbsp;_fp_digits
</UL>

<P><STRONG><a name="[a1]"></a>_d2e_denorm_low</STRONG> (Thumb, 70 bytes, Stack size 0 bytes, btod.o(CL$$btod_d2e_denorm_low))
<BR><BR>[Called By]<UL><LI><a href="#[a0]">&gt;&gt;</a>&nbsp;&nbsp;&nbsp;_d2e_norm_op1
</UL>

<P><STRONG><a name="[a0]"></a>_d2e_norm_op1</STRONG> (Thumb, 96 bytes, Stack size 0 bytes, btod.o(CL$$btod_d2e_norm_op1))
<BR><BR>[Calls]<UL><LI><a href="#[a1]">&gt;&gt;</a>&nbsp;&nbsp;&nbsp;_d2e_denorm_low
</UL>
<BR>[Called By]<UL><LI><a href="#[94]">&gt;&gt;</a>&nbsp;&nbsp;&nbsp;_btod_d2e
</UL>

<P><STRONG><a name="[a2]"></a>__btod_div_common</STRONG> (Thumb, 696 bytes, Stack size 24 bytes, btod.o(CL$$btod_div_common))
<BR><BR>[Stack]<UL><LI>Max Depth = 24<LI>Call Chain = __btod_div_common
</UL>
<BR>[Called By]<UL><LI><a href="#[95]">&gt;&gt;</a>&nbsp;&nbsp;&nbsp;_btod_ediv
</UL>

<P><STRONG><a name="[a3]"></a>_e2e</STRONG> (Thumb, 220 bytes, Stack size 24 bytes, btod.o(CL$$btod_e2e))
<BR><BR>[Stack]<UL><LI>Max Depth = 24<LI>Call Chain = _e2e
</UL>
<BR>[Called By]<UL><LI><a href="#[96]">&gt;&gt;</a>&nbsp;&nbsp;&nbsp;_btod_emul
<LI><a href="#[95]">&gt;&gt;</a>&nbsp;&nbsp;&nbsp;_btod_ediv
</UL>

<P><STRONG><a name="[95]"></a>_btod_ediv</STRONG> (Thumb, 42 bytes, Stack size 28 bytes, btod.o(CL$$btod_ediv))
<BR><BR>[Stack]<UL><LI>Max Depth = 52<LI>Call Chain = _btod_ediv &rArr; _e2e
</UL>
<BR>[Calls]<UL><LI><a href="#[a3]">&gt;&gt;</a>&nbsp;&nbsp;&nbsp;_e2e
<LI><a href="#[a2]">&gt;&gt;</a>&nbsp;&nbsp;&nbsp;__btod_div_common
</UL>
<BR>[Called By]<UL><LI><a href="#[93]">&gt;&gt;</a>&nbsp;&nbsp;&nbsp;_btod_etento
<LI><a href="#[92]">&gt;&gt;</a>&nbsp;&nbsp;&nbsp;_fp_digits
</UL>

<P><STRONG><a name="[96]"></a>_btod_emul</STRONG> (Thumb, 42 bytes, Stack size 28 bytes, btod.o(CL$$btod_emul))
<BR><BR>[Stack]<UL><LI>Max Depth = 52<LI>Call Chain = _btod_emul &rArr; _e2e
</UL>
<BR>[Calls]<UL><LI><a href="#[a4]">&gt;&gt;</a>&nbsp;&nbsp;&nbsp;__btod_mult_common
<LI><a href="#[a3]">&gt;&gt;</a>&nbsp;&nbsp;&nbsp;_e2e
</UL>
<BR>[Called By]<UL><LI><a href="#[93]">&gt;&gt;</a>&nbsp;&nbsp;&nbsp;_btod_etento
<LI><a href="#[92]">&gt;&gt;</a>&nbsp;&nbsp;&nbsp;_fp_digits
</UL>

<P><STRONG><a name="[a4]"></a>__btod_mult_common</STRONG> (Thumb, 580 bytes, Stack size 16 bytes, btod.o(CL$$btod_mult_common))
<BR><BR>[Stack]<UL><LI>Max Depth = 16<LI>Call Chain = __btod_mult_common
</UL>
<BR>[Called By]<UL><LI><a href="#[96]">&gt;&gt;</a>&nbsp;&nbsp;&nbsp;_btod_emul
</UL>

<P><STRONG><a name="[a5]"></a>BootLoader_Brance</STRONG> (Thumb, 72 bytes, Stack size 8 bytes, boot.o(i.BootLoader_Brance))
<BR><BR>[Stack]<UL><LI>Max Depth = 168 + Unknown Stack Size
<LI>Call Chain = BootLoader_Brance &rArr; LOAD_A &rArr; u0_printf &rArr; vsprintf &rArr; _printf_char_common &rArr; __printf
</UL>
<BR>[Calls]<UL><LI><a href="#[a8]">&gt;&gt;</a>&nbsp;&nbsp;&nbsp;LOAD_A
<LI><a href="#[a9]">&gt;&gt;</a>&nbsp;&nbsp;&nbsp;BootLoader_Info
<LI><a href="#[a6]">&gt;&gt;</a>&nbsp;&nbsp;&nbsp;BootLoader_Enter
<LI><a href="#[a7]">&gt;&gt;</a>&nbsp;&nbsp;&nbsp;u0_printf
</UL>
<BR>[Called By]<UL><LI><a href="#[74]">&gt;&gt;</a>&nbsp;&nbsp;&nbsp;main
</UL>

<P><STRONG><a name="[aa]"></a>BootLoader_Clear</STRONG> (Thumb, 22 bytes, Stack size 8 bytes, boot.o(i.BootLoader_Clear))
<BR><BR>[Stack]<UL><LI>Max Depth = 16<LI>Call Chain = BootLoader_Clear &rArr; gpio_deinit
</UL>
<BR>[Calls]<UL><LI><a href="#[ac]">&gt;&gt;</a>&nbsp;&nbsp;&nbsp;gpio_deinit
<LI><a href="#[ab]">&gt;&gt;</a>&nbsp;&nbsp;&nbsp;usart_deinit
</UL>
<BR>[Called By]<UL><LI><a href="#[a8]">&gt;&gt;</a>&nbsp;&nbsp;&nbsp;LOAD_A
</UL>

<P><STRONG><a name="[a6]"></a>BootLoader_Enter</STRONG> (Thumb, 50 bytes, Stack size 8 bytes, boot.o(i.BootLoader_Enter))
<BR><BR>[Stack]<UL><LI>Max Depth = 160 + Unknown Stack Size
<LI>Call Chain = BootLoader_Enter &rArr; u0_printf &rArr; vsprintf &rArr; _printf_char_common &rArr; __printf
</UL>
<BR>[Calls]<UL><LI><a href="#[a7]">&gt;&gt;</a>&nbsp;&nbsp;&nbsp;u0_printf
<LI><a href="#[ad]">&gt;&gt;</a>&nbsp;&nbsp;&nbsp;Delay_Ms
</UL>
<BR>[Called By]<UL><LI><a href="#[a5]">&gt;&gt;</a>&nbsp;&nbsp;&nbsp;BootLoader_Brance
</UL>

<P><STRONG><a name="[ae]"></a>BootLoader_Event</STRONG> (Thumb, 976 bytes, Stack size 48 bytes, boot.o(i.BootLoader_Event))
<BR><BR>[Stack]<UL><LI>Max Depth = 272 + Unknown Stack Size
<LI>Call Chain = BootLoader_Event &rArr; __0sscanf &rArr; __vfscanf_char &rArr; __vfscanf &rArr; _scanf_int
</UL>
<BR>[Calls]<UL><LI><a href="#[b2]">&gt;&gt;</a>&nbsp;&nbsp;&nbsp;Xmodem_CRC16
<LI><a href="#[a9]">&gt;&gt;</a>&nbsp;&nbsp;&nbsp;BootLoader_Info
<LI><a href="#[b1]">&gt;&gt;</a>&nbsp;&nbsp;&nbsp;NVIC_SystemReset
<LI><a href="#[b4]">&gt;&gt;</a>&nbsp;&nbsp;&nbsp;W25Q64_PageWrite
<LI><a href="#[b8]">&gt;&gt;</a>&nbsp;&nbsp;&nbsp;W25Q64_Erase64K
<LI><a href="#[a7]">&gt;&gt;</a>&nbsp;&nbsp;&nbsp;u0_printf
<LI><a href="#[b6]">&gt;&gt;</a>&nbsp;&nbsp;&nbsp;M24C02_WriteOTAInfo
<LI><a href="#[b0]">&gt;&gt;</a>&nbsp;&nbsp;&nbsp;M24C02_ReadOTAInfo
<LI><a href="#[b5]">&gt;&gt;</a>&nbsp;&nbsp;&nbsp;GD32_WriteFlash
<LI><a href="#[af]">&gt;&gt;</a>&nbsp;&nbsp;&nbsp;GD32_EraseFlash
<LI><a href="#[ad]">&gt;&gt;</a>&nbsp;&nbsp;&nbsp;Delay_Ms
<LI><a href="#[b7]">&gt;&gt;</a>&nbsp;&nbsp;&nbsp;__aeabi_memclr4
<LI><a href="#[b3]">&gt;&gt;</a>&nbsp;&nbsp;&nbsp;__aeabi_memcpy
<LI><a href="#[7c]">&gt;&gt;</a>&nbsp;&nbsp;&nbsp;__0sscanf
</UL>
<BR>[Called By]<UL><LI><a href="#[74]">&gt;&gt;</a>&nbsp;&nbsp;&nbsp;main
</UL>

<P><STRONG><a name="[a9]"></a>BootLoader_Info</STRONG> (Thumb, 52 bytes, Stack size 8 bytes, boot.o(i.BootLoader_Info))
<BR><BR>[Stack]<UL><LI>Max Depth = 160 + Unknown Stack Size
<LI>Call Chain = BootLoader_Info &rArr; u0_printf &rArr; vsprintf &rArr; _printf_char_common &rArr; __printf
</UL>
<BR>[Calls]<UL><LI><a href="#[a7]">&gt;&gt;</a>&nbsp;&nbsp;&nbsp;u0_printf
</UL>
<BR>[Called By]<UL><LI><a href="#[ae]">&gt;&gt;</a>&nbsp;&nbsp;&nbsp;BootLoader_Event
<LI><a href="#[a5]">&gt;&gt;</a>&nbsp;&nbsp;&nbsp;BootLoader_Brance
</UL>

<P><STRONG><a name="[8]"></a>BusFault_Handler</STRONG> (Thumb, 4 bytes, Stack size 0 bytes, gd32f10x_it.o(i.BusFault_Handler))
<BR>[Address Reference Count : 1]<UL><LI> startup_gd32f10x_md.o(RESET)
</UL>
<P><STRONG><a name="[b9]"></a>DMA_Init</STRONG> (Thumb, 96 bytes, Stack size 32 bytes, usart.o(i.DMA_Init))
<BR><BR>[Stack]<UL><LI>Max Depth = 56<LI>Call Chain = DMA_Init &rArr; dma_init
</UL>
<BR>[Calls]<UL><LI><a href="#[ba]">&gt;&gt;</a>&nbsp;&nbsp;&nbsp;rcu_periph_clock_enable
<LI><a href="#[bc]">&gt;&gt;</a>&nbsp;&nbsp;&nbsp;dma_init
<LI><a href="#[bb]">&gt;&gt;</a>&nbsp;&nbsp;&nbsp;dma_deinit
<LI><a href="#[bd]">&gt;&gt;</a>&nbsp;&nbsp;&nbsp;dma_circulation_disable
<LI><a href="#[be]">&gt;&gt;</a>&nbsp;&nbsp;&nbsp;dma_channel_enable
</UL>
<BR>[Called By]<UL><LI><a href="#[e6]">&gt;&gt;</a>&nbsp;&nbsp;&nbsp;Usart0_Init
</UL>

<P><STRONG><a name="[b]"></a>DebugMon_Handler</STRONG> (Thumb, 2 bytes, Stack size 0 bytes, gd32f10x_it.o(i.DebugMon_Handler))
<BR>[Address Reference Count : 1]<UL><LI> startup_gd32f10x_md.o(RESET)
</UL>
<P><STRONG><a name="[bf]"></a>Delay_Init</STRONG> (Thumb, 10 bytes, Stack size 8 bytes, delay.o(i.Delay_Init))
<BR><BR>[Stack]<UL><LI>Max Depth = 8<LI>Call Chain = Delay_Init
</UL>
<BR>[Calls]<UL><LI><a href="#[c0]">&gt;&gt;</a>&nbsp;&nbsp;&nbsp;systick_clksource_set
</UL>
<BR>[Called By]<UL><LI><a href="#[74]">&gt;&gt;</a>&nbsp;&nbsp;&nbsp;main
</UL>

<P><STRONG><a name="[ad]"></a>Delay_Ms</STRONG> (Thumb, 26 bytes, Stack size 4 bytes, delay.o(i.Delay_Ms))
<BR><BR>[Stack]<UL><LI>Max Depth = 4<LI>Call Chain = Delay_Ms
</UL>
<BR>[Calls]<UL><LI><a href="#[c1]">&gt;&gt;</a>&nbsp;&nbsp;&nbsp;Delay_Us
</UL>
<BR>[Called By]<UL><LI><a href="#[a6]">&gt;&gt;</a>&nbsp;&nbsp;&nbsp;BootLoader_Enter
<LI><a href="#[b6]">&gt;&gt;</a>&nbsp;&nbsp;&nbsp;M24C02_WriteOTAInfo
<LI><a href="#[ae]">&gt;&gt;</a>&nbsp;&nbsp;&nbsp;BootLoader_Event
<LI><a href="#[74]">&gt;&gt;</a>&nbsp;&nbsp;&nbsp;main
</UL>

<P><STRONG><a name="[c1]"></a>Delay_Us</STRONG> (Thumb, 58 bytes, Stack size 0 bytes, delay.o(i.Delay_Us))
<BR><BR>[Called By]<UL><LI><a href="#[cf]">&gt;&gt;</a>&nbsp;&nbsp;&nbsp;IIC_Wait_Ack
<LI><a href="#[ce]">&gt;&gt;</a>&nbsp;&nbsp;&nbsp;IIC_Stop
<LI><a href="#[cd]">&gt;&gt;</a>&nbsp;&nbsp;&nbsp;IIC_Start
<LI><a href="#[cc]">&gt;&gt;</a>&nbsp;&nbsp;&nbsp;IIC_Send_Byte
<LI><a href="#[c9]">&gt;&gt;</a>&nbsp;&nbsp;&nbsp;IIC_Read_Byte
<LI><a href="#[ad]">&gt;&gt;</a>&nbsp;&nbsp;&nbsp;Delay_Ms
</UL>

<P><STRONG><a name="[af]"></a>GD32_EraseFlash</STRONG> (Thumb, 48 bytes, Stack size 16 bytes, fmc.o(i.GD32_EraseFlash))
<BR><BR>[Stack]<UL><LI>Max Depth = 32<LI>Call Chain = GD32_EraseFlash &rArr; fmc_page_erase &rArr; fmc_bank1_ready_wait
</UL>
<BR>[Calls]<UL><LI><a href="#[c2]">&gt;&gt;</a>&nbsp;&nbsp;&nbsp;fmc_unlock
<LI><a href="#[c3]">&gt;&gt;</a>&nbsp;&nbsp;&nbsp;fmc_page_erase
<LI><a href="#[c4]">&gt;&gt;</a>&nbsp;&nbsp;&nbsp;fmc_lock
</UL>
<BR>[Called By]<UL><LI><a href="#[ae]">&gt;&gt;</a>&nbsp;&nbsp;&nbsp;BootLoader_Event
<LI><a href="#[74]">&gt;&gt;</a>&nbsp;&nbsp;&nbsp;main
</UL>

<P><STRONG><a name="[b5]"></a>GD32_WriteFlash</STRONG> (Thumb, 38 bytes, Stack size 16 bytes, fmc.o(i.GD32_WriteFlash))
<BR><BR>[Stack]<UL><LI>Max Depth = 36<LI>Call Chain = GD32_WriteFlash &rArr; fmc_word_program &rArr; fmc_bank1_ready_wait
</UL>
<BR>[Calls]<UL><LI><a href="#[c5]">&gt;&gt;</a>&nbsp;&nbsp;&nbsp;fmc_word_program
<LI><a href="#[c2]">&gt;&gt;</a>&nbsp;&nbsp;&nbsp;fmc_unlock
<LI><a href="#[c4]">&gt;&gt;</a>&nbsp;&nbsp;&nbsp;fmc_lock
</UL>
<BR>[Called By]<UL><LI><a href="#[ae]">&gt;&gt;</a>&nbsp;&nbsp;&nbsp;BootLoader_Event
<LI><a href="#[74]">&gt;&gt;</a>&nbsp;&nbsp;&nbsp;main
</UL>

<P><STRONG><a name="[6]"></a>HardFault_Handler</STRONG> (Thumb, 4 bytes, Stack size 0 bytes, gd32f10x_it.o(i.HardFault_Handler))
<BR>[Address Reference Count : 1]<UL><LI> startup_gd32f10x_md.o(RESET)
</UL>
<P><STRONG><a name="[c6]"></a>IIC_Init</STRONG> (Thumb, 52 bytes, Stack size 8 bytes, iic.o(i.IIC_Init))
<BR><BR>[Stack]<UL><LI>Max Depth = 28<LI>Call Chain = IIC_Init &rArr; gpio_init
</UL>
<BR>[Calls]<UL><LI><a href="#[c8]">&gt;&gt;</a>&nbsp;&nbsp;&nbsp;gpio_bit_set
<LI><a href="#[ba]">&gt;&gt;</a>&nbsp;&nbsp;&nbsp;rcu_periph_clock_enable
<LI><a href="#[c7]">&gt;&gt;</a>&nbsp;&nbsp;&nbsp;gpio_init
</UL>
<BR>[Called By]<UL><LI><a href="#[74]">&gt;&gt;</a>&nbsp;&nbsp;&nbsp;main
</UL>

<P><STRONG><a name="[c9]"></a>IIC_Read_Byte</STRONG> (Thumb, 166 bytes, Stack size 16 bytes, iic.o(i.IIC_Read_Byte))
<BR><BR>[Stack]<UL><LI>Max Depth = 16<LI>Call Chain = IIC_Read_Byte
</UL>
<BR>[Calls]<UL><LI><a href="#[cb]">&gt;&gt;</a>&nbsp;&nbsp;&nbsp;gpio_input_bit_get
<LI><a href="#[c8]">&gt;&gt;</a>&nbsp;&nbsp;&nbsp;gpio_bit_set
<LI><a href="#[ca]">&gt;&gt;</a>&nbsp;&nbsp;&nbsp;gpio_bit_reset
<LI><a href="#[c1]">&gt;&gt;</a>&nbsp;&nbsp;&nbsp;Delay_Us
</UL>
<BR>[Called By]<UL><LI><a href="#[d1]">&gt;&gt;</a>&nbsp;&nbsp;&nbsp;M24C02_ReadData
</UL>

<P><STRONG><a name="[cc]"></a>IIC_Send_Byte</STRONG> (Thumb, 88 bytes, Stack size 16 bytes, iic.o(i.IIC_Send_Byte))
<BR><BR>[Stack]<UL><LI>Max Depth = 16<LI>Call Chain = IIC_Send_Byte
</UL>
<BR>[Calls]<UL><LI><a href="#[c8]">&gt;&gt;</a>&nbsp;&nbsp;&nbsp;gpio_bit_set
<LI><a href="#[ca]">&gt;&gt;</a>&nbsp;&nbsp;&nbsp;gpio_bit_reset
<LI><a href="#[c1]">&gt;&gt;</a>&nbsp;&nbsp;&nbsp;Delay_Us
</UL>
<BR>[Called By]<UL><LI><a href="#[d2]">&gt;&gt;</a>&nbsp;&nbsp;&nbsp;M24C02_WritePage
<LI><a href="#[d1]">&gt;&gt;</a>&nbsp;&nbsp;&nbsp;M24C02_ReadData
</UL>

<P><STRONG><a name="[cd]"></a>IIC_Start</STRONG> (Thumb, 48 bytes, Stack size 8 bytes, iic.o(i.IIC_Start))
<BR><BR>[Stack]<UL><LI>Max Depth = 8<LI>Call Chain = IIC_Start
</UL>
<BR>[Calls]<UL><LI><a href="#[c8]">&gt;&gt;</a>&nbsp;&nbsp;&nbsp;gpio_bit_set
<LI><a href="#[ca]">&gt;&gt;</a>&nbsp;&nbsp;&nbsp;gpio_bit_reset
<LI><a href="#[c1]">&gt;&gt;</a>&nbsp;&nbsp;&nbsp;Delay_Us
</UL>
<BR>[Called By]<UL><LI><a href="#[d2]">&gt;&gt;</a>&nbsp;&nbsp;&nbsp;M24C02_WritePage
<LI><a href="#[d1]">&gt;&gt;</a>&nbsp;&nbsp;&nbsp;M24C02_ReadData
</UL>

<P><STRONG><a name="[ce]"></a>IIC_Stop</STRONG> (Thumb, 34 bytes, Stack size 8 bytes, iic.o(i.IIC_Stop))
<BR><BR>[Stack]<UL><LI>Max Depth = 8<LI>Call Chain = IIC_Stop
</UL>
<BR>[Calls]<UL><LI><a href="#[c8]">&gt;&gt;</a>&nbsp;&nbsp;&nbsp;gpio_bit_set
<LI><a href="#[ca]">&gt;&gt;</a>&nbsp;&nbsp;&nbsp;gpio_bit_reset
<LI><a href="#[c1]">&gt;&gt;</a>&nbsp;&nbsp;&nbsp;Delay_Us
</UL>
<BR>[Called By]<UL><LI><a href="#[d2]">&gt;&gt;</a>&nbsp;&nbsp;&nbsp;M24C02_WritePage
<LI><a href="#[d1]">&gt;&gt;</a>&nbsp;&nbsp;&nbsp;M24C02_ReadData
</UL>

<P><STRONG><a name="[cf]"></a>IIC_Wait_Ack</STRONG> (Thumb, 84 bytes, Stack size 8 bytes, iic.o(i.IIC_Wait_Ack))
<BR><BR>[Stack]<UL><LI>Max Depth = 8<LI>Call Chain = IIC_Wait_Ack
</UL>
<BR>[Calls]<UL><LI><a href="#[cb]">&gt;&gt;</a>&nbsp;&nbsp;&nbsp;gpio_input_bit_get
<LI><a href="#[c8]">&gt;&gt;</a>&nbsp;&nbsp;&nbsp;gpio_bit_set
<LI><a href="#[ca]">&gt;&gt;</a>&nbsp;&nbsp;&nbsp;gpio_bit_reset
<LI><a href="#[c1]">&gt;&gt;</a>&nbsp;&nbsp;&nbsp;Delay_Us
</UL>
<BR>[Called By]<UL><LI><a href="#[d2]">&gt;&gt;</a>&nbsp;&nbsp;&nbsp;M24C02_WritePage
<LI><a href="#[d1]">&gt;&gt;</a>&nbsp;&nbsp;&nbsp;M24C02_ReadData
</UL>

<P><STRONG><a name="[a8]"></a>LOAD_A</STRONG> (Thumb, 52 bytes, Stack size 8 bytes, boot.o(i.LOAD_A))
<BR><BR>[Stack]<UL><LI>Max Depth = 160 + Unknown Stack Size
<LI>Call Chain = LOAD_A &rArr; u0_printf &rArr; vsprintf &rArr; _printf_char_common &rArr; __printf
</UL>
<BR>[Calls]<UL><LI><a href="#[aa]">&gt;&gt;</a>&nbsp;&nbsp;&nbsp;BootLoader_Clear
<LI><a href="#[d0]">&gt;&gt;</a>&nbsp;&nbsp;&nbsp;MSR_SP
<LI><a href="#[a7]">&gt;&gt;</a>&nbsp;&nbsp;&nbsp;u0_printf
</UL>
<BR>[Called By]<UL><LI><a href="#[a5]">&gt;&gt;</a>&nbsp;&nbsp;&nbsp;BootLoader_Brance
</UL>

<P><STRONG><a name="[d1]"></a>M24C02_ReadData</STRONG> (Thumb, 114 bytes, Stack size 24 bytes, m24c02.o(i.M24C02_ReadData))
<BR><BR>[Stack]<UL><LI>Max Depth = 40<LI>Call Chain = M24C02_ReadData &rArr; IIC_Send_Byte
</UL>
<BR>[Calls]<UL><LI><a href="#[cf]">&gt;&gt;</a>&nbsp;&nbsp;&nbsp;IIC_Wait_Ack
<LI><a href="#[ce]">&gt;&gt;</a>&nbsp;&nbsp;&nbsp;IIC_Stop
<LI><a href="#[cd]">&gt;&gt;</a>&nbsp;&nbsp;&nbsp;IIC_Start
<LI><a href="#[cc]">&gt;&gt;</a>&nbsp;&nbsp;&nbsp;IIC_Send_Byte
<LI><a href="#[c9]">&gt;&gt;</a>&nbsp;&nbsp;&nbsp;IIC_Read_Byte
</UL>
<BR>[Called By]<UL><LI><a href="#[b0]">&gt;&gt;</a>&nbsp;&nbsp;&nbsp;M24C02_ReadOTAInfo
</UL>

<P><STRONG><a name="[b0]"></a>M24C02_ReadOTAInfo</STRONG> (Thumb, 22 bytes, Stack size 8 bytes, m24c02.o(i.M24C02_ReadOTAInfo))
<BR><BR>[Stack]<UL><LI>Max Depth = 48<LI>Call Chain = M24C02_ReadOTAInfo &rArr; M24C02_ReadData &rArr; IIC_Send_Byte
</UL>
<BR>[Calls]<UL><LI><a href="#[d1]">&gt;&gt;</a>&nbsp;&nbsp;&nbsp;M24C02_ReadData
<LI><a href="#[b7]">&gt;&gt;</a>&nbsp;&nbsp;&nbsp;__aeabi_memclr4
</UL>
<BR>[Called By]<UL><LI><a href="#[ae]">&gt;&gt;</a>&nbsp;&nbsp;&nbsp;BootLoader_Event
<LI><a href="#[74]">&gt;&gt;</a>&nbsp;&nbsp;&nbsp;main
</UL>

<P><STRONG><a name="[b6]"></a>M24C02_WriteOTAInfo</STRONG> (Thumb, 36 bytes, Stack size 16 bytes, m24c02.o(i.M24C02_WriteOTAInfo))
<BR><BR>[Stack]<UL><LI>Max Depth = 48<LI>Call Chain = M24C02_WriteOTAInfo &rArr; M24C02_WritePage &rArr; IIC_Send_Byte
</UL>
<BR>[Calls]<UL><LI><a href="#[d2]">&gt;&gt;</a>&nbsp;&nbsp;&nbsp;M24C02_WritePage
<LI><a href="#[ad]">&gt;&gt;</a>&nbsp;&nbsp;&nbsp;Delay_Ms
</UL>
<BR>[Called By]<UL><LI><a href="#[ae]">&gt;&gt;</a>&nbsp;&nbsp;&nbsp;BootLoader_Event
<LI><a href="#[74]">&gt;&gt;</a>&nbsp;&nbsp;&nbsp;main
</UL>

<P><STRONG><a name="[d2]"></a>M24C02_WritePage</STRONG> (Thumb, 86 bytes, Stack size 16 bytes, m24c02.o(i.M24C02_WritePage))
<BR><BR>[Stack]<UL><LI>Max Depth = 32<LI>Call Chain = M24C02_WritePage &rArr; IIC_Send_Byte
</UL>
<BR>[Calls]<UL><LI><a href="#[cf]">&gt;&gt;</a>&nbsp;&nbsp;&nbsp;IIC_Wait_Ack
<LI><a href="#[ce]">&gt;&gt;</a>&nbsp;&nbsp;&nbsp;IIC_Stop
<LI><a href="#[cd]">&gt;&gt;</a>&nbsp;&nbsp;&nbsp;IIC_Start
<LI><a href="#[cc]">&gt;&gt;</a>&nbsp;&nbsp;&nbsp;IIC_Send_Byte
</UL>
<BR>[Called By]<UL><LI><a href="#[b6]">&gt;&gt;</a>&nbsp;&nbsp;&nbsp;M24C02_WriteOTAInfo
</UL>

<P><STRONG><a name="[7]"></a>MemManage_Handler</STRONG> (Thumb, 4 bytes, Stack size 0 bytes, gd32f10x_it.o(i.MemManage_Handler))
<BR>[Address Reference Count : 1]<UL><LI> startup_gd32f10x_md.o(RESET)
</UL>
<P><STRONG><a name="[5]"></a>NMI_Handler</STRONG> (Thumb, 2 bytes, Stack size 0 bytes, gd32f10x_it.o(i.NMI_Handler))
<BR>[Address Reference Count : 1]<UL><LI> startup_gd32f10x_md.o(RESET)
</UL>
<P><STRONG><a name="[c]"></a>PendSV_Handler</STRONG> (Thumb, 2 bytes, Stack size 0 bytes, gd32f10x_it.o(i.PendSV_Handler))
<BR>[Address Reference Count : 1]<UL><LI> startup_gd32f10x_md.o(RESET)
</UL>
<P><STRONG><a name="[d3]"></a>SPI0_Init</STRONG> (Thumb, 94 bytes, Stack size 32 bytes, spi.o(i.SPI0_Init))
<BR><BR>[Stack]<UL><LI>Max Depth = 52<LI>Call Chain = SPI0_Init &rArr; gpio_init
</UL>
<BR>[Calls]<UL><LI><a href="#[d5]">&gt;&gt;</a>&nbsp;&nbsp;&nbsp;spi_init
<LI><a href="#[d4]">&gt;&gt;</a>&nbsp;&nbsp;&nbsp;spi_i2s_deinit
<LI><a href="#[d6]">&gt;&gt;</a>&nbsp;&nbsp;&nbsp;spi_enable
<LI><a href="#[ba]">&gt;&gt;</a>&nbsp;&nbsp;&nbsp;rcu_periph_clock_enable
<LI><a href="#[c7]">&gt;&gt;</a>&nbsp;&nbsp;&nbsp;gpio_init
</UL>
<BR>[Called By]<UL><LI><a href="#[f5]">&gt;&gt;</a>&nbsp;&nbsp;&nbsp;W25Q64_Init
</UL>

<P><STRONG><a name="[d7]"></a>SPI0_Read</STRONG> (Thumb, 28 bytes, Stack size 16 bytes, spi.o(i.SPI0_Read))
<BR><BR>[Stack]<UL><LI>Max Depth = 24<LI>Call Chain = SPI0_Read &rArr; SPI0_ReadWriteByte
</UL>
<BR>[Calls]<UL><LI><a href="#[d8]">&gt;&gt;</a>&nbsp;&nbsp;&nbsp;SPI0_ReadWriteByte
</UL>
<BR>[Called By]<UL><LI><a href="#[f6]">&gt;&gt;</a>&nbsp;&nbsp;&nbsp;W25Q64_Read
</UL>

<P><STRONG><a name="[d8]"></a>SPI0_ReadWriteByte</STRONG> (Thumb, 50 bytes, Stack size 8 bytes, spi.o(i.SPI0_ReadWriteByte))
<BR><BR>[Stack]<UL><LI>Max Depth = 8<LI>Call Chain = SPI0_ReadWriteByte
</UL>
<BR>[Calls]<UL><LI><a href="#[d9]">&gt;&gt;</a>&nbsp;&nbsp;&nbsp;spi_i2s_flag_get
<LI><a href="#[da]">&gt;&gt;</a>&nbsp;&nbsp;&nbsp;spi_i2s_data_transmit
<LI><a href="#[db]">&gt;&gt;</a>&nbsp;&nbsp;&nbsp;spi_i2s_data_receive
</UL>
<BR>[Called By]<UL><LI><a href="#[f4]">&gt;&gt;</a>&nbsp;&nbsp;&nbsp;W25Q64_WaitBusy
<LI><a href="#[f3]">&gt;&gt;</a>&nbsp;&nbsp;&nbsp;W25Q64_Enable
<LI><a href="#[dc]">&gt;&gt;</a>&nbsp;&nbsp;&nbsp;SPI0_Write
<LI><a href="#[d7]">&gt;&gt;</a>&nbsp;&nbsp;&nbsp;SPI0_Read
</UL>

<P><STRONG><a name="[dc]"></a>SPI0_Write</STRONG> (Thumb, 26 bytes, Stack size 16 bytes, spi.o(i.SPI0_Write))
<BR><BR>[Stack]<UL><LI>Max Depth = 24<LI>Call Chain = SPI0_Write &rArr; SPI0_ReadWriteByte
</UL>
<BR>[Calls]<UL><LI><a href="#[d8]">&gt;&gt;</a>&nbsp;&nbsp;&nbsp;SPI0_ReadWriteByte
</UL>
[...]
</UL>
<BR>[Calls]<UL><LI><a href="#[fb]">&gt;&gt;</a>&nbsp;&nbsp;&nbsp;fmc_bank1_state_get
</UL>
<BR>[Called By]<UL><LI><a href="#[c5]">&gt;&gt;</a>&nbsp;&nbsp;&nbsp;fmc_word_program
<LI><a href="#[c3]">&gt;&gt;</a>&nbsp;&nbsp;&nbsp;fmc_page_erase
</UL>

<P><STRONG><a name="[fb]"></a>fmc_bank1_state_get</STRONG> (Thumb, 44 bytes, Stack size 0 bytes, gd32f10x_fmc.o(i.fmc_bank1_state_get))
<BR><BR>[Called By]<UL><LI><a href="#[fa]">&gt;&gt;</a>&nbsp;&nbsp;&nbsp;fmc_bank1_ready_wait
</UL>

<P><STRONG><a name="[c4]"></a>fmc_lock</STRONG> (Thumb, 34 bytes, Stack size 0 bytes, gd32f10x_fmc.o(i.fmc_lock))
<BR><BR>[Called By]<UL><LI><a href="#[b5]">&gt;&gt;</a>&nbsp;&nbsp;&nbsp;GD32_WriteFlash
<LI><a href="#[af]">&gt;&gt;</a>&nbsp;&nbsp;&nbsp;GD32_EraseFlash
</UL>

<P><STRONG><a name="[c3]"></a>fmc_page_erase</STRONG> (Thumb, 222 bytes, Stack size 12 bytes, gd32f10x_fmc.o(i.fmc_page_erase))
<BR><BR>[Stack]<UL><LI>Max Depth = 16<LI>Call Chain = fmc_page_erase &rArr; fmc_bank1_ready_wait
</UL>
<BR>[Calls]<UL><LI><a href="#[fa]">&gt;&gt;</a>&nbsp;&nbsp;&nbsp;fmc_bank1_ready_wait
<LI><a href="#[f8]">&gt;&gt;</a>&nbsp;&nbsp;&nbsp;fmc_bank0_ready_wait
</UL>
<BR>[Called By]<UL><LI><a href="#[af]">&gt;&gt;</a>&nbsp;&nbsp;&nbsp;GD32_EraseFlash
</UL>

<P><STRONG><a name="[c2]"></a>fmc_unlock</STRONG> (Thumb, 52 bytes, Stack size 0 bytes, gd32f10x_fmc.o(i.fmc_unlock))
<BR><BR>[Called By]<UL><LI><a href="#[b5]">&gt;&gt;</a>&nbsp;&nbsp;&nbsp;GD32_WriteFlash
<LI><a href="#[af]">&gt;&gt;</a>&nbsp;&nbsp;&nbsp;GD32_EraseFlash
</UL>

<P><STRONG><a name="[c5]"></a>fmc_word_program</STRONG> (Thumb, 178 bytes, Stack size 16 bytes, gd32f10x_fmc.o(i.fmc_word_program))
<BR><BR>[Stack]<UL><LI>Max Depth = 20<LI>Call Chain = fmc_word_program &rArr; fmc_bank1_ready_wait
</UL>
<BR>[Calls]<UL><LI><a href="#[fa]">&gt;&gt;</a>&nbsp;&nbsp;&nbsp;fmc_bank1_ready_wait
<LI><a href="#[f8]">&gt;&gt;</a>&nbsp;&nbsp;&nbsp;fmc_bank0_ready_wait
</UL>
<BR>[Called By]<UL><LI><a href="#[b5]">&gt;&gt;</a>&nbsp;&nbsp;&nbsp;GD32_WriteFlash
</UL>

<P><STRONG><a name="[ca]"></a>gpio_bit_reset</STRONG> (Thumb, 4 bytes, Stack size 0 bytes, gd32f10x_gpio.o(i.gpio_bit_reset))
<BR><BR>[Called By]<UL><LI><a href="#[f4]">&gt;&gt;</a>&nbsp;&nbsp;&nbsp;W25Q64_WaitBusy
<LI><a href="#[b4]">&gt;&gt;</a>&nbsp;&nbsp;&nbsp;W25Q64_PageWrite
<LI><a href="#[b8]">&gt;&gt;</a>&nbsp;&nbsp;&nbsp;W25Q64_Erase64K
<LI><a href="#[f3]">&gt;&gt;</a>&nbsp;&nbsp;&nbsp;W25Q64_Enable
<LI><a href="#[cf]">&gt;&gt;</a>&nbsp;&nbsp;&nbsp;IIC_Wait_Ack
<LI><a href="#[ce]">&gt;&gt;</a>&nbsp;&nbsp;&nbsp;IIC_Stop
<LI><a href="#[cd]">&gt;&gt;</a>&nbsp;&nbsp;&nbsp;IIC_Start
<LI><a href="#[cc]">&gt;&gt;</a>&nbsp;&nbsp;&nbsp;IIC_Send_Byte
<LI><a href="#[c9]">&gt;&gt;</a>&nbsp;&nbsp;&nbsp;IIC_Read_Byte
<LI><a href="#[f6]">&gt;&gt;</a>&nbsp;&nbsp;&nbsp;W25Q64_Read
</UL>

<P><STRONG><a name="[c8]"></a>gpio_bit_set</STRONG> (Thumb, 4 bytes, Stack size 0 bytes, gd32f10x_gpio.o(i.gpio_bit_set))
<BR><BR>[Called By]<UL><LI><a href="#[f4]">&gt;&gt;</a>&nbsp;&nbsp;&nbsp;W25Q64_WaitBusy
<LI><a href="#[b4]">&gt;&gt;</a>&nbsp;&nbsp;&nbsp;W25Q64_PageWrite
<LI><a href="#[b8]">&gt;&gt;</a>&nbsp;&nbsp;&nbsp;W25Q64_Erase64K
<LI><a href="#[f3]">&gt;&gt;</a>&nbsp;&nbsp;&nbsp;W25Q64_Enable
<LI><a href="#[cf]">&gt;&gt;</a>&nbsp;&nbsp;&nbsp;IIC_Wait_Ack
<LI><a href="#[ce]">&gt;&gt;</a>&nbsp;&nbsp;&nbsp;IIC_Stop
<LI><a href="#[cd]">&gt;&gt;</a>&nbsp;&nbsp;&nbsp;IIC_Start
<LI><a href="#[cc]">&gt;&gt;</a>&nbsp;&nbsp;&nbsp;IIC_Send_Byte
<LI><a href="#[c9]">&gt;&gt;</a>&nbsp;&nbsp;&nbsp;IIC_Read_Byte
<LI><a href="#[f6]">&gt;&gt;</a>&nbsp;&nbsp;&nbsp;W25Q64_Read
<LI><a href="#[f5]">&gt;&gt;</a>&nbsp;&nbsp;&nbsp;W25Q64_Init
<LI><a href="#[c6]">&gt;&gt;</a>&nbsp;&nbsp;&nbsp;IIC_Init
</UL>

<P><STRONG><a name="[ac]"></a>gpio_deinit</STRONG> (Thumb, 186 bytes, Stack size 8 bytes, gd32f10x_gpio.o(i.gpio_deinit))
<BR><BR>[Stack]<UL><LI>Max Depth = 8<LI>Call Chain = gpio_deinit
</UL>
<BR>[Calls]<UL><LI><a href="#[fc]">&gt;&gt;</a>&nbsp;&nbsp;&nbsp;rcu_periph_reset_enable
<LI><a href="#[fd]">&gt;&gt;</a>&nbsp;&nbsp;&nbsp;rcu_periph_reset_disable
</UL>
<BR>[Called By]<UL><LI><a href="#[aa]">&gt;&gt;</a>&nbsp;&nbsp;&nbsp;BootLoader_Clear
</UL>

<P><STRONG><a name="[c7]"></a>gpio_init</STRONG> (Thumb, 172 bytes, Stack size 20 bytes, gd32f10x_gpio.o(i.gpio_init))
<BR><BR>[Stack]<UL><LI>Max Depth = 20<LI>Call Chain = gpio_init
</UL>
<BR>[Called By]<UL><LI><a href="#[d3]">&gt;&gt;</a>&nbsp;&nbsp;&nbsp;SPI0_Init
<LI><a href="#[f5]">&gt;&gt;</a>&nbsp;&nbsp;&nbsp;W25Q64_Init
<LI><a href="#[e6]">&gt;&gt;</a>&nbsp;&nbsp;&nbsp;Usart0_Init
<LI><a href="#[c6]">&gt;&gt;</a>&nbsp;&nbsp;&nbsp;IIC_Init
</UL>

<P><STRONG><a name="[cb]"></a>gpio_input_bit_get</STRONG> (Thumb, 16 bytes, Stack size 0 bytes, gd32f10x_gpio.o(i.gpio_input_bit_get))
<BR><BR>[Called By]<UL><LI><a href="#[cf]">&gt;&gt;</a>&nbsp;&nbsp;&nbsp;IIC_Wait_Ack
<LI><a href="#[c9]">&gt;&gt;</a>&nbsp;&nbsp;&nbsp;IIC_Read_Byte
</UL>

<P><STRONG><a name="[74]"></a>main</STRONG> (Thumb, 432 bytes, Stack size 0 bytes, main.o(i.main))
<BR><BR>[Stack]<UL><LI>Max Depth = 272 + Unknown Stack Size
<LI>Call Chain = main &rArr; BootLoader_Event &rArr; __0sscanf &rArr; __vfscanf_char &rArr; __vfscanf &rArr; _scanf_int
</UL>
<BR>[Calls]<UL><LI><a href="#[a7]">&gt;&gt;</a>&nbsp;&nbsp;&nbsp;u0_printf
<LI><a href="#[f6]">&gt;&gt;</a>&nbsp;&nbsp;&nbsp;W25Q64_Read
<LI><a href="#[f5]">&gt;&gt;</a>&nbsp;&nbsp;&nbsp;W25Q64_Init
<LI><a href="#[e6]">&gt;&gt;</a>&nbsp;&nbsp;&nbsp;Usart0_Init
<LI><a href="#[b6]">&gt;&gt;</a>&nbsp;&nbsp;&nbsp;M24C02_WriteOTAInfo
<LI><a href="#[b0]">&gt;&gt;</a>&nbsp;&nbsp;&nbsp;M24C02_ReadOTAInfo
<LI><a href="#[c6]">&gt;&gt;</a>&nbsp;&nbsp;&nbsp;IIC_Init
<LI><a href="#[b5]">&gt;&gt;</a>&nbsp;&nbsp;&nbsp;GD32_WriteFlash
<LI><a href="#[af]">&gt;&gt;</a>&nbsp;&nbsp;&nbsp;GD32_EraseFlash
<LI><a href="#[ad]">&gt;&gt;</a>&nbsp;&nbsp;&nbsp;Delay_Ms
<LI><a href="#[bf]">&gt;&gt;</a>&nbsp;&nbsp;&nbsp;Delay_Init
<LI><a href="#[ae]">&gt;&gt;</a>&nbsp;&nbsp;&nbsp;BootLoader_Event
<LI><a href="#[a5]">&gt;&gt;</a>&nbsp;&nbsp;&nbsp;BootLoader_Brance
</UL>
<BR>[Called By]<UL><LI><a href="#[73]">&gt;&gt;</a>&nbsp;&nbsp;&nbsp;__rt_entry_main
</UL>

<P><STRONG><a name="[ef]"></a>nvic_irq_enable</STRONG> (Thumb, 162 bytes, Stack size 24 bytes, gd32f10x_misc.o(i.nvic_irq_enable))
<BR><BR>[Stack]<UL><LI>Max Depth = 24<LI>Call Chain = nvic_irq_enable
</UL>
<BR>[Calls]<UL><LI><a href="#[ee]">&gt;&gt;</a>&nbsp;&nbsp;&nbsp;nvic_priority_group_set
</UL>
<BR>[Called By]<UL><LI><a href="#[e6]">&gt;&gt;</a>&nbsp;&nbsp;&nbsp;Usart0_Init
</UL>

<P><STRONG><a name="[ee]"></a>nvic_priority_group_set</STRONG> (Thumb, 10 bytes, Stack size 0 bytes, gd32f10x_misc.o(i.nvic_priority_group_set))
<BR><BR>[Called By]<UL><LI><a href="#[ef]">&gt;&gt;</a>&nbsp;&nbsp;&nbsp;nvic_irq_enable
<LI><a href="#[e6]">&gt;&gt;</a>&nbsp;&nbsp;&nbsp;Usart0_Init
</UL>

<P><STRONG><a name="[de]"></a>nvic_vector_table_set</STRONG> (Thumb, 16 bytes, Stack size 0 bytes, gd32f10x_misc.o(i.nvic_vector_table_set))
<BR><BR>[Called By]<UL><LI><a href="#[3a]">&gt;&gt;</a>&nbsp;&nbsp;&nbsp;SystemInit
</UL>

<P><STRONG><a name="[101]"></a>rcu_clock_freq_get</STRONG> (Thumb, 264 bytes, Stack size 80 bytes, gd32f10x_rcu.o(i.rcu_clock_freq_get))
<BR><BR>[Stack]<UL><LI>Max Depth = 80<LI>Call Chain = rcu_clock_freq_get
</UL>
<BR>[Called By]<UL><LI><a href="#[e7]">&gt;&gt;</a>&nbsp;&nbsp;&nbsp;usart_baudrate_set
</UL>

<P><STRONG><a name="[ba]"></a>rcu_periph_clock_enable</STRONG> (Thumb, 28 bytes, Stack size 0 bytes, gd32f10x_rcu.o(i.rcu_periph_clock_enable))
<BR><BR>[Called By]<UL><LI><a href="#[d3]">&gt;&gt;</a>&nbsp;&nbsp;&nbsp;SPI0_Init
<LI><a href="#[b9]">&gt;&gt;</a>&nbsp;&nbsp;&nbsp;DMA_Init
<LI><a href="#[f5]">&gt;&gt;</a>&nbsp;&nbsp;&nbsp;W25Q64_Init
<LI><a href="#[e6]">&gt;&gt;</a>&nbsp;&nbsp;&nbsp;Usart0_Init
<LI><a href="#[c6]">&gt;&gt;</a>&nbsp;&nbsp;&nbsp;IIC_Init
</UL>

<P><STRONG><a name="[fd]"></a>rcu_periph_reset_disable</STRONG> (Thumb, 28 bytes, Stack size 0 bytes, gd32f10x_rcu.o(i.rcu_periph_reset_disable))
<BR><BR>[Called By]<UL><LI><a href="#[ac]">&gt;&gt;</a>&nbsp;&nbsp;&nbsp;gpio_deinit
<LI><a href="#[d4]">&gt;&gt;</a>&nbsp;&nbsp;&nbsp;spi_i2s_deinit
<LI><a href="#[ab]">&gt;&gt;</a>&nbsp;&nbsp;&nbsp;usart_deinit
</UL>

<P><STRONG><a name="[fc]"></a>rcu_periph_reset_enable</STRONG> (Thumb, 28 bytes, Stack size 0 bytes, gd32f10x_rcu.o(i.rcu_periph_reset_enable))
<BR><BR>[Called By]<UL><LI><a href="#[ac]">&gt;&gt;</a>&nbsp;&nbsp;&nbsp;gpio_deinit
<LI><a href="#[d4]">&gt;&gt;</a>&nbsp;&nbsp;&nbsp;spi_i2s_deinit
<LI><a href="#[ab]">&gt;&gt;</a>&nbsp;&nbsp;&nbsp;usart_deinit
</UL>

<P><STRONG><a name="[d6]"></a>spi_enable</STRONG> (Thumb, 10 bytes, Stack size 0 bytes, gd32f10x_spi.o(i.spi_enable))
<BR><BR>[Called By]<UL><LI><a href="#[d3]">&gt;&gt;</a>&nbsp;&nbsp;&nbsp;SPI0_Init
</UL>

<P><STRONG><a name="[db]"></a>spi_i2s_data_receive</STRONG> (Thumb, 8 bytes, Stack size 0 bytes, gd32f10x_spi.o(i.spi_i2s_data_receive))
<BR><BR>[Called By]<UL><LI><a href="#[d8]">&gt;&gt;</a>&nbsp;&nbsp;&nbsp;SPI0_ReadWriteByte
</UL>

<P><STRONG><a name="[da]"></a>spi_i2s_data_transmit</STRONG> (Thumb, 4 bytes, Stack size 0 bytes, gd32f10x_spi.o(i.spi_i2s_data_transmit))
<BR><BR>[Called By]<UL><LI><a href="#[d8]">&gt;&gt;</a>&nbsp;&nbsp;&nbsp;SPI0_ReadWriteByte
</UL>

<P><STRONG><a name="[d4]"></a>spi_i2s_deinit</STRONG> (Thumb, 82 bytes, Stack size 8 bytes, gd32f10x_spi.o(i.spi_i2s_deinit))
<BR><BR>[Stack]<UL><LI>Max Depth = 8<LI>Call Chain = spi_i2s_deinit
</UL>
<BR>[Calls]<UL><LI><a href="#[fc]">&gt;&gt;</a>&nbsp;&nbsp;&nbsp;rcu_periph_reset_enable
<LI><a href="#[fd]">&gt;&gt;</a>&nbsp;&nbsp;&nbsp;rcu_periph_reset_disable
</UL>
<BR>[Called By]<UL><LI><a href="#[d3]">&gt;&gt;</a>&nbsp;&nbsp;&nbsp;SPI0_Init
</UL>

<P><STRONG><a name="[d9]"></a>spi_i2s_flag_get</STRONG> (Thumb, 16 bytes, Stack size 0 bytes, gd32f10x_spi.o(i.spi_i2s_flag_get))
<BR><BR>[Called By]<UL><LI><a href="#[d8]">&gt;&gt;</a>&nbsp;&nbsp;&nbsp;SPI0_ReadWriteByte
</UL>

<P><STRONG><a name="[d5]"></a>spi_init</STRONG> (Thumb, 50 bytes, Stack size 0 bytes, gd32f10x_spi.o(i.spi_init))
<BR><BR>[Called By]<UL><LI><a href="#[d3]">&gt;&gt;</a>&nbsp;&nbsp;&nbsp;SPI0_Init
</UL>

<P><STRONG><a name="[c0]"></a>systick_clksource_set</STRONG> (Thumb, 40 bytes, Stack size 0 bytes, gd32f10x_misc.o(i.systick_clksource_set))
<BR><BR>[Called By]<UL><LI><a href="#[bf]">&gt;&gt;</a>&nbsp;&nbsp;&nbsp;Delay_Init
</UL>

<P><STRONG><a name="[a7]"></a>u0_printf</STRONG> (Thumb, 84 bytes, Stack size 32 bytes, usart.o(i.u0_printf))
<BR><BR>[Stack]<UL><LI>Max Depth = 152 + Unknown Stack Size
<LI>Call Chain = u0_printf &rArr; vsprintf &rArr; _printf_char_common &rArr; __printf
</UL>
<BR>[Calls]<UL><LI><a href="#[ff]">&gt;&gt;</a>&nbsp;&nbsp;&nbsp;usart_data_transmit
<LI><a href="#[e0]">&gt;&gt;</a>&nbsp;&nbsp;&nbsp;usart_flag_get
<LI><a href="#[100]">&gt;&gt;</a>&nbsp;&nbsp;&nbsp;strlen
<LI><a href="#[7a]">&gt;&gt;</a>&nbsp;&nbsp;&nbsp;vsprintf
</UL>
<BR>[Called By]<UL><LI><a href="#[a8]">&gt;&gt;</a>&nbsp;&nbsp;&nbsp;LOAD_A
<LI><a href="#[a9]">&gt;&gt;</a>&nbsp;&nbsp;&nbsp;BootLoader_Info
<LI><a href="#[a6]">&gt;&gt;</a>&nbsp;&nbsp;&nbsp;BootLoader_Enter
<LI><a href="#[ae]">&gt;&gt;</a>&nbsp;&nbsp;&nbsp;BootLoader_Event
<LI><a href="#[a5]">&gt;&gt;</a>&nbsp;&nbsp;&nbsp;BootLoader_Brance
<LI><a href="#[74]">&gt;&gt;</a>&nbsp;&nbsp;&nbsp;main
</UL>

<P><STRONG><a name="[e7]"></a>usart_baudrate_set</STRONG> (Thumb, 136 bytes, Stack size 32 bytes, gd32f10x_usart.o(i.usart_baudrate_set))
<BR><BR>[Stack]<UL><LI>Max Depth = 112<LI>Call Chain = usart_baudrate_set &rArr; rcu_clock_freq_get
</UL>
<BR>[Calls]<UL><LI><a href="#[101]">&gt;&gt;</a>&nbsp;&nbsp;&nbsp;rcu_clock_freq_get
</UL>
<BR>[Called By]<UL><LI><a href="#[e6]">&gt;&gt;</a>&nbsp;&nbsp;&nbsp;Usart0_Init
</UL>

<P><STRONG><a name="[e1]"></a>usart_data_receive</STRONG> (Thumb, 10 bytes, Stack size 0 bytes, gd32f10x_usart.o(i.usart_data_receive))
<BR><BR>[Called By]<UL><LI><a href="#[33]">&gt;&gt;</a>&nbsp;&nbsp;&nbsp;USART0_IRQHandler
</UL>

<P><STRONG><a name="[ff]"></a>usart_data_transmit</STRONG> (Thumb, 8 bytes, Stack size 0 bytes, gd32f10x_usart.o(i.usart_data_transmit))
<BR><BR>[Called By]<UL><LI><a href="#[a7]">&gt;&gt;</a>&nbsp;&nbsp;&nbsp;u0_printf
</UL>

<P><STRONG><a name="[ab]"></a>usart_deinit</STRONG> (Thumb, 136 bytes, Stack size 8 bytes, gd32f10x_usart.o(i.usart_deinit))
<BR><BR>[Stack]<UL><LI>Max Depth = 8<LI>Call Chain = usart_deinit
</UL>
<BR>[Calls]<UL><LI><a href="#[fc]">&gt;&gt;</a>&nbsp;&nbsp;&nbsp;rcu_periph_reset_enable
<LI><a href="#[fd]">&gt;&gt;</a>&nbsp;&nbsp;&nbsp;rcu_periph_reset_disable
</UL>
<BR>[Called By]<UL><LI><a href="#[aa]">&gt;&gt;</a>&nbsp;&nbsp;&nbsp;BootLoader_Clear
<LI><a href="#[e6]">&gt;&gt;</a>&nbsp;&nbsp;&nbsp;Usart0_Init
</UL>

<P><STRONG><a name="[ed]"></a>usart_dma_receive_config</STRONG> (Thumb, 16 bytes, Stack size 0 bytes, gd32f10x_usart.o(i.usart_dma_receive_config))
<BR><BR>[Called By]<UL><LI><a href="#[e6]">&gt;&gt;</a>&nbsp;&nbsp;&nbsp;Usart0_Init
</UL>

<P><STRONG><a name="[f2]"></a>usart_enable</STRONG> (Thumb, 10 bytes, Stack size 0 bytes, gd32f10x_usart.o(i.usart_enable))
<BR><BR>[Called By]<UL><LI><a href="#[e6]">&gt;&gt;</a>&nbsp;&nbsp;&nbsp;Usart0_Init
</UL>

<P><STRONG><a name="[e0]"></a>usart_flag_get</STRONG> (Thumb, 30 bytes, Stack size 8 bytes, gd32f10x_usart.o(i.usart_flag_get))
<BR><BR>[Stack]<UL><LI>Max Depth = 8<LI>Call Chain = usart_flag_get
</UL>
<BR>[Called By]<UL><LI><a href="#[33]">&gt;&gt;</a>&nbsp;&nbsp;&nbsp;USART0_IRQHandler
<LI><a href="#[a7]">&gt;&gt;</a>&nbsp;&nbsp;&nbsp;u0_printf
</UL>

<P><STRONG><a name="[f0]"></a>usart_interrupt_enable</STRONG> (Thumb, 26 bytes, Stack size 8 bytes, gd32f10x_usart.o(i.usart_interrupt_enable))
<BR><BR>[Stack]<UL><LI>Max Depth = 8<LI>Call Chain = usart_interrupt_enable
</UL>
<BR>[Called By]<UL><LI><a href="#[e6]">&gt;&gt;</a>&nbsp;&nbsp;&nbsp;Usart0_Init
</UL>

<P><STRONG><a name="[df]"></a>usart_interrupt_flag_get</STRONG> (Thumb, 56 bytes, Stack size 16 bytes, gd32f10x_usart.o(i.usart_interrupt_flag_get))
<BR><BR>[Stack]<UL><LI>Max Depth = 16<LI>Call Chain = usart_interrupt_flag_get
</UL>
<BR>[Called By]<UL><LI><a href="#[33]">&gt;&gt;</a>&nbsp;&nbsp;&nbsp;USART0_IRQHandler
</UL>

<P><STRONG><a name="[e8]"></a>usart_parity_config</STRONG> (Thumb, 16 bytes, Stack size 0 bytes, gd32f10x_usart.o(i.usart_parity_config))
<BR><BR>[Called By]<UL><LI><a href="#[e6]">&gt;&gt;</a>&nbsp;&nbsp;&nbsp;Usart0_Init
</UL>

<P><STRONG><a name="[ec]"></a>usart_receive_config</STRONG> (Thumb, 16 bytes, Stack size 0 bytes, gd32f10x_usart.o(i.usart_receive_config))
<BR><BR>[Called By]<UL><LI><a href="#[e6]">&gt;&gt;</a>&nbsp;&nbsp;&nbsp;Usart0_Init
</UL>

<P><STRONG><a name="[ea]"></a>usart_stop_bit_set</STRONG> (Thumb, 16 bytes, Stack size 0 bytes, gd32f10x_usart.o(i.usart_stop_bit_set))
<BR><BR>[Called By]<UL><LI><a href="#[e6]">&gt;&gt;</a>&nbsp;&nbsp;&nbsp;Usart0_Init
</UL>

<P><STRONG><a name="[eb]"></a>usart_transmit_config</STRONG> (Thumb, 16 bytes, Stack size 0 bytes, gd32f10x_usart.o(i.usart_transmit_config))
<BR><BR>[Called By]<UL><LI><a href="#[e6]">&gt;&gt;</a>&nbsp;&nbsp;&nbsp;Usart0_Init
</UL>

<P><STRONG><a name="[e9]"></a>usart_word_length_set</STRONG> (Thumb, 16 bytes, Stack size 0 bytes, gd32f10x_usart.o(i.usart_word_length_set))
<BR><BR>[Called By]<UL><LI><a href="#[e6]">&gt;&gt;</a>&nbsp;&nbsp;&nbsp;Usart0_Init
</UL>

<P><STRONG><a name="[6e]"></a>_get_lc_numeric</STRONG> (Thumb, 44 bytes, Stack size 8 bytes, lc_numeric_c.o(locale$$code))
<BR><BR>[Stack]<UL><LI>Max Depth = 8<LI>Call Chain = _get_lc_numeric
</UL>
<BR>[Calls]<UL><LI><a href="#[102]">&gt;&gt;</a>&nbsp;&nbsp;&nbsp;strcmp
</UL>
<BR>[Called By]<UL><LI><a href="#[6d]">&gt;&gt;</a>&nbsp;&nbsp;&nbsp;__rt_lib_init_lc_numeric_2
</UL>

<P><STRONG><a name="[42]"></a>_get_lc_ctype</STRONG> (Thumb, 44 bytes, Stack size 8 bytes, lc_ctype_c.o(locale$$code))
<BR><BR>[Stack]<UL><LI>Max Depth = 8<LI>Call Chain = _get_lc_ctype
</UL>
<BR>[Calls]<UL><LI><a href="#[102]">&gt;&gt;</a>&nbsp;&nbsp;&nbsp;strcmp
</UL>
<BR>[Called By]<UL><LI><a href="#[6c]">&gt;&gt;</a>&nbsp;&nbsp;&nbsp;__rt_lib_init_lc_ctype_2
</UL>
<BR>[Address Reference Count : 1]<UL><LI> rt_ctype_table.o(.text)
</UL>
<P><STRONG><a name="[4d]"></a>_printf_fp_dec</STRONG> (Thumb, 4 bytes, Stack size 0 bytes, printf1.o(x$fpl$printf1))
<BR><BR>[Stack]<UL><LI>Max Depth = 324<LI>Call Chain = _printf_fp_dec &rArr; _printf_fp_dec_real &rArr; _fp_digits &rArr; _btod_etento &rArr; _btod_emul &rArr; _e2e
</UL>
<BR>[Calls]<UL><LI><a href="#[97]">&gt;&gt;</a>&nbsp;&nbsp;&nbsp;_printf_fp_dec_real
</UL>
<BR>[Called By]<UL><LI><a href="#[4f]">&gt;&gt;</a>&nbsp;&nbsp;&nbsp;_printf_g
<LI><a href="#[4e]">&gt;&gt;</a>&nbsp;&nbsp;&nbsp;_printf_e
<LI><a href="#[4c]">&gt;&gt;</a>&nbsp;&nbsp;&nbsp;_printf_f
</UL>

<P><STRONG><a name="[51]"></a>_printf_fp_hex</STRONG> (Thumb, 4 bytes, Stack size 0 bytes, printf2.o(x$fpl$printf2))
<BR><BR>[Stack]<UL><LI>Max Depth = 112<LI>Call Chain = _printf_fp_hex &rArr; _printf_fp_hex_real &rArr; _printf_fp_infnan &rArr; _printf_post_padding
</UL>
<BR>[Calls]<UL><LI><a href="#[9a]">&gt;&gt;</a>&nbsp;&nbsp;&nbsp;_printf_fp_hex_real
</UL>
<BR>[Called By]<UL><LI><a href="#[50]">&gt;&gt;</a>&nbsp;&nbsp;&nbsp;_printf_a
</UL>
<P>
<H3>
Local Symbols
</H3>
<P><STRONG><a name="[fe]"></a>system_clock_108m_hxtal</STRONG> (Thumb, 182 bytes, Stack size 0 bytes, system_gd32f10x.o(i.system_clock_108m_hxtal))
<BR><BR>[Called By]<UL><LI><a href="#[dd]">&gt;&gt;</a>&nbsp;&nbsp;&nbsp;system_clock_config
</UL>

<P><STRONG><a name="[dd]"></a>system_clock_config</STRONG> (Thumb, 8 bytes, Stack size 8 bytes, system_gd32f10x.o(i.system_clock_config))
<BR><BR>[Stack]<UL><LI>Max Depth = 8<LI>Call Chain = system_clock_config
</UL>
<BR>[Calls]<UL><LI><a href="#[fe]">&gt;&gt;</a>&nbsp;&nbsp;&nbsp;system_clock_108m_hxtal
</UL>
<BR>[Called By]<UL><LI><a href="#[3a]">&gt;&gt;</a>&nbsp;&nbsp;&nbsp;SystemInit
</UL>

<P><STRONG><a name="[b1]"></a>NVIC_SystemReset</STRONG> (Thumb, 30 bytes, Stack size 0 bytes, boot.o(i.NVIC_SystemReset))
<BR><BR>[Called By]<UL><LI><a href="#[ae]">&gt;&gt;</a>&nbsp;&nbsp;&nbsp;BootLoader_Event
</UL>

<P><STRONG><a name="[f7]"></a>dma_periph_and_channel_check</STRONG> (Thumb, 18 bytes, Stack size 0 bytes, gd32f10x_dma.o(i.dma_periph_and_channel_check))
<BR><BR>[Called By]<UL><LI><a href="#[bc]">&gt;&gt;</a>&nbsp;&nbsp;&nbsp;dma_init
<LI><a href="#[bb]">&gt;&gt;</a>&nbsp;&nbsp;&nbsp;dma_deinit
<LI><a href="#[bd]">&gt;&gt;</a>&nbsp;&nbsp;&nbsp;dma_circulation_disable
<LI><a href="#[e2]">&gt;&gt;</a>&nbsp;&nbsp;&nbsp;dma_transfer_number_get
<LI><a href="#[e4]">&gt;&gt;</a>&nbsp;&nbsp;&nbsp;dma_transfer_number_config
<LI><a href="#[e5]">&gt;&gt;</a>&nbsp;&nbsp;&nbsp;dma_memory_address_config
<LI><a href="#[be]">&gt;&gt;</a>&nbsp;&nbsp;&nbsp;dma_channel_enable
<LI><a href="#[e3]">&gt;&gt;</a>&nbsp;&nbsp;&nbsp;dma_channel_disable
</UL>

<P><STRONG><a name="[3f]"></a>_printf_input_char</STRONG> (Thumb, 10 bytes, Stack size 0 bytes, _printf_char_common.o(.text))
<BR>[Address Reference Count : 1]<UL><LI> _printf_char_common.o(.text)
</UL>
<P><STRONG><a name="[40]"></a>_scanf_char_input</STRONG> (Thumb, 12 bytes, Stack size 0 bytes, scanf_char.o(.text))
<BR>[Address Reference Count : 1]<UL><LI> scanf_char.o(.text)
</UL>
<P><STRONG><a name="[92]"></a>_fp_digits</STRONG> (Thumb, 432 bytes, Stack size 96 bytes, _printf_fp_dec.o(.text))
<BR><BR>[Stack]<UL><LI>Max Depth = 220<LI>Call Chain = _fp_digits &rArr; _btod_etento &rArr; _btod_emul &rArr; _e2e
</UL>
<BR>[Calls]<UL><LI><a href="#[96]">&gt;&gt;</a>&nbsp;&nbsp;&nbsp;_btod_emul
<LI><a href="#[95]">&gt;&gt;</a>&nbsp;&nbsp;&nbsp;_btod_ediv
<LI><a href="#[94]">&gt;&gt;</a>&nbsp;&nbsp;&nbsp;_btod_d2e
<LI><a href="#[93]">&gt;&gt;</a>&nbsp;&nbsp;&nbsp;_btod_etento
<LI><a href="#[8b]">&gt;&gt;</a>&nbsp;&nbsp;&nbsp;_ll_udiv10
</UL>
<BR>[Called By]<UL><LI><a href="#[97]">&gt;&gt;</a>&nbsp;&nbsp;&nbsp;_printf_fp_dec_real
</UL>
<P>
<H3>
Undefined Global Symbols
</H3><HR></body></html>
