Component: ARM Compiler 5.06 update 6 (build 750) Tool: armlink [4d35ed]

==============================================================================

Section Cross References

    main.o(i.main) refers to delay.o(i.Delay_Init) for Delay_Init
    main.o(i.main) refers to usart.o(i.Usart0_Init) for Usart0_Init
    main.o(i.main) refers to iic.o(i.IIC_Init) for IIC_Init
    main.o(i.main) refers to m24c02.o(i.M24C02_ReadOTAInfo) for M24C02_ReadOTAInfo
    main.o(i.main) refers to w25q64.o(i.W25Q64_Init) for W25Q64_Init
    main.o(i.main) refers to boot.o(i.BootLoader_Brance) for BootLoader_Brance
    main.o(i.main) refers to delay.o(i.Delay_Ms) for Delay_Ms
    main.o(i.main) refers to boot.o(i.BootLoader_Event) for BootLoader_Event
    main.o(i.main) refers to usart.o(i.u0_printf) for u0_printf
    main.o(i.main) refers to fmc.o(i.GD32_EraseFlash) for GD32_EraseFlash
    main.o(i.main) refers to w25q64.o(i.W25Q64_Read) for W25Q64_Read
    main.o(i.main) refers to fmc.o(i.GD32_WriteFlash) for GD32_WriteFlash
    main.o(i.main) refers to m24c02.o(i.M24C02_WriteOTAInfo) for M24C02_WriteOTAInfo
    main.o(i.main) refers to usart.o(.bss) for U0CB
    main.o(i.main) refers to main.o(.data) for BootStaFlag
    main.o(i.main) refers to main.o(.bss) for UpDataA
    system_gd32f10x.o(i.SystemInit) refers to system_gd32f10x.o(i.system_clock_config) for system_clock_config
    system_gd32f10x.o(i.SystemInit) refers to gd32f10x_misc.o(i.nvic_vector_table_set) for nvic_vector_table_set
    system_gd32f10x.o(i.system_clock_config) refers to system_gd32f10x.o(i.system_clock_108m_hxtal) for system_clock_108m_hxtal
    startup_gd32f10x_md.o(STACK) refers (Special) to heapauxi.o(.text) for __use_two_region_memory
    startup_gd32f10x_md.o(HEAP) refers (Special) to heapauxi.o(.text) for __use_two_region_memory
    startup_gd32f10x_md.o(RESET) refers (Special) to heapauxi.o(.text) for __use_two_region_memory
    startup_gd32f10x_md.o(RESET) refers to startup_gd32f10x_md.o(STACK) for __initial_sp
    startup_gd32f10x_md.o(RESET) refers to startup_gd32f10x_md.o(.text) for Reset_Handler
    startup_gd32f10x_md.o(RESET) refers to gd32f10x_it.o(i.NMI_Handler) for NMI_Handler
    startup_gd32f10x_md.o(RESET) refers to gd32f10x_it.o(i.HardFault_Handler) for HardFault_Handler
    startup_gd32f10x_md.o(RESET) refers to gd32f10x_it.o(i.MemManage_Handler) for MemManage_Handler
    startup_gd32f10x_md.o(RESET) refers to gd32f10x_it.o(i.BusFault_Handler) for BusFault_Handler
    startup_gd32f10x_md.o(RESET) refers to gd32f10x_it.o(i.UsageFault_Handler) for UsageFault_Handler
    startup_gd32f10x_md.o(RESET) refers to gd32f10x_it.o(i.SVC_Handler) for SVC_Handler
    startup_gd32f10x_md.o(RESET) refers to gd32f10x_it.o(i.DebugMon_Handler) for DebugMon_Handler
    startup_gd32f10x_md.o(RESET) refers to gd32f10x_it.o(i.PendSV_Handler) for PendSV_Handler
    startup_gd32f10x_md.o(RESET) refers to gd32f10x_it.o(i.SysTick_Handler) for SysTick_Handler
    startup_gd32f10x_md.o(RESET) refers to gd32f10x_it.o(i.USART0_IRQHandler) for USART0_IRQHandler
    startup_gd32f10x_md.o(.text) refers (Special) to heapauxi.o(.text) for __use_two_region_memory
    startup_gd32f10x_md.o(.text) refers to system_gd32f10x.o(i.SystemInit) for SystemInit
    startup_gd32f10x_md.o(.text) refers to __main.o(!!!main) for __main
    startup_gd32f10x_md.o(.text) refers to startup_gd32f10x_md.o(HEAP) for Heap_Mem
    startup_gd32f10x_md.o(.text) refers to startup_gd32f10x_md.o(STACK) for Stack_Mem
    gd32f10x_it.o(i.USART0_IRQHandler) refers to gd32f10x_usart.o(i.usart_interrupt_flag_get) for usart_interrupt_flag_get
    gd32f10x_it.o(i.USART0_IRQHandler) refers to gd32f10x_usart.o(i.usart_flag_get) for usart_flag_get
    gd32f10x_it.o(i.USART0_IRQHandler) refers to gd32f10x_usart.o(i.usart_data_receive) for usart_data_receive
    gd32f10x_it.o(i.USART0_IRQHandler) refers to gd32f10x_dma.o(i.dma_transfer_number_get) for dma_transfer_number_get
    gd32f10x_it.o(i.USART0_IRQHandler) refers to gd32f10x_dma.o(i.dma_channel_disable) for dma_channel_disable
    gd32f10x_it.o(i.USART0_IRQHandler) refers to gd32f10x_dma.o(i.dma_transfer_number_config) for dma_transfer_number_config
    gd32f10x_it.o(i.USART0_IRQHandler) refers to gd32f10x_dma.o(i.dma_memory_address_config) for dma_memory_address_config
    gd32f10x_it.o(i.USART0_IRQHandler) refers to gd32f10x_dma.o(i.dma_channel_enable) for dma_channel_enable
    gd32f10x_it.o(i.USART0_IRQHandler) refers to usart.o(.bss) for U0CB
    usart.o(i.DMA_Init) refers to gd32f10x_rcu.o(i.rcu_periph_clock_enable) for rcu_periph_clock_enable
    usart.o(i.DMA_Init) refers to gd32f10x_dma.o(i.dma_deinit) for dma_deinit
    usart.o(i.DMA_Init) refers to gd32f10x_dma.o(i.dma_init) for dma_init
    usart.o(i.DMA_Init) refers to gd32f10x_dma.o(i.dma_circulation_disable) for dma_circulation_disable
    usart.o(i.DMA_Init) refers to gd32f10x_dma.o(i.dma_channel_enable) for dma_channel_enable
[...]
    .text                                    0x08001904   Section        0  bigflt0.o(.text)
    .text                                    0x080019e8   Section        0  exit.o(.text)
    .text                                    0x080019fc   Section        8  libspace.o(.text)
    .text                                    0x08001a04   Section      128  strcmpv7m.o(.text)
    .text                                    0x08001a84   Section        0  sys_exit.o(.text)
    .text                                    0x08001a90   Section        2  use_no_semi.o(.text)
    .text                                    0x08001a92   Section        0  indicate_semi.o(.text)
    CL$$btod_d2e                             0x08001a92   Section       62  btod.o(CL$$btod_d2e)
    CL$$btod_d2e_denorm_low                  0x08001ad0   Section       70  btod.o(CL$$btod_d2e_denorm_low)
    CL$$btod_d2e_norm_op1                    0x08001b16   Section       96  btod.o(CL$$btod_d2e_norm_op1)
    CL$$btod_div_common                      0x08001b76   Section      824  btod.o(CL$$btod_div_common)
    CL$$btod_e2e                             0x08001eae   Section      220  btod.o(CL$$btod_e2e)
    CL$$btod_ediv                            0x08001f8a   Section       42  btod.o(CL$$btod_ediv)
    CL$$btod_emul                            0x08001fb4   Section       42  btod.o(CL$$btod_emul)
    CL$$btod_mult_common                     0x08001fde   Section      580  btod.o(CL$$btod_mult_common)
    i.BootLoader_Brance                      0x08002224   Section        0  boot.o(i.BootLoader_Brance)
    i.BootLoader_Clear                       0x080022b0   Section        0  boot.o(i.BootLoader_Clear)
    i.BootLoader_Enter                       0x080022d4   Section        0  boot.o(i.BootLoader_Enter)
    i.BootLoader_Event                       0x0800233c   Section        0  boot.o(i.BootLoader_Event)
    i.BootLoader_Info                        0x08002878   Section        0  boot.o(i.BootLoader_Info)
    i.BusFault_Handler                       0x08002944   Section        0  gd32f10x_it.o(i.BusFault_Handler)
    i.DMA_Init                               0x08002948   Section        0  usart.o(i.DMA_Init)
    i.DebugMon_Handler                       0x080029b4   Section        0  gd32f10x_it.o(i.DebugMon_Handler)
    i.Delay_Init                             0x080029b6   Section        0  delay.o(i.Delay_Init)
    i.Delay_Ms                               0x080029c0   Section        0  delay.o(i.Delay_Ms)
    i.Delay_Us                               0x080029da   Section        0  delay.o(i.Delay_Us)
    i.GD32_EraseFlash                        0x08002a14   Section        0  fmc.o(i.GD32_EraseFlash)
    i.GD32_WriteFlash                        0x08002a44   Section        0  fmc.o(i.GD32_WriteFlash)
    i.HardFault_Handler                      0x08002a6a   Section        0  gd32f10x_it.o(i.HardFault_Handler)
    i.IIC_Init                               0x08002a70   Section        0  iic.o(i.IIC_Init)
    i.IIC_Read_Byte                          0x08002aa8   Section        0  iic.o(i.IIC_Read_Byte)
    i.IIC_Send_Byte                          0x08002b54   Section        0  iic.o(i.IIC_Send_Byte)
    i.IIC_Start                              0x08002bb0   Section        0  iic.o(i.IIC_Start)
    i.IIC_Stop                               0x08002be4   Section        0  iic.o(i.IIC_Stop)
    i.IIC_Wait_Ack                           0x08002c0c   Section        0  iic.o(i.IIC_Wait_Ack)
    i.LOAD_A                                 0x08002c64   Section        0  boot.o(i.LOAD_A)
    i.M24C02_ReadData                        0x08002cb0   Section        0  m24c02.o(i.M24C02_ReadData)
    i.M24C02_ReadOTAInfo                     0x08002d24   Section        0  m24c02.o(i.M24C02_ReadOTAInfo)
    i.M24C02_WriteOTAInfo                    0x08002d40   Section        0  m24c02.o(i.M24C02_WriteOTAInfo)
    i.M24C02_WritePage                       0x08002d68   Section        0  m24c02.o(i.M24C02_WritePage)
    i.MemManage_Handler                      0x08002dbe   Section        0  gd32f10x_it.o(i.MemManage_Handler)
    i.NMI_Handler                            0x08002dc2   Section        0  gd32f10x_it.o(i.NMI_Handler)
    i.NVIC_SystemReset                       0x08002dc4   Section        0  boot.o(i.NVIC_SystemReset)
    NVIC_SystemReset                         0x08002dc5   Thumb Code    30  boot.o(i.NVIC_SystemReset)
    i.PendSV_Handler                         0x08002dec   Section        0  gd32f10x_it.o(i.PendSV_Handler)
    i.SPI0_Init                              0x08002df0   Section        0  spi.o(i.SPI0_Init)
    i.SPI0_Read                              0x08002e58   Section        0  spi.o(i.SPI0_Read)
    i.SPI0_ReadWriteByte                     0x08002e74   Section        0  spi.o(i.SPI0_ReadWriteByte)
    i.SPI0_Write                             0x08002eac   Section        0  spi.o(i.SPI0_Write)
    i.SVC_Handler                            0x08002ec6   Section        0  gd32f10x_it.o(i.SVC_Handler)
    i.SysTick_Handler                        0x08002ec8   Section        0  gd32f10x_it.o(i.SysTick_Handler)
    i.SystemInit                             0x08002ecc   Section        0  system_gd32f10x.o(i.SystemInit)
    i.U0Rx_PtrInit                           0x08002fa0   Section        0  usart.o(i.U0Rx_PtrInit)
    i.USART0_IRQHandler                      0x08002fc4   Section        0  gd32f10x_it.o(i.USART0_IRQHandler)
    i.UsageFault_Handler                     0x08003090   Section        0  gd32f10x_it.o(i.UsageFault_Handler)
    i.Usart0_Init                            0x08003094   Section        0  usart.o(i.Usart0_Init)
    i.W25Q64_Enable                          0x08003138   Section        0  w25q64.o(i.W25Q64_Enable)
    i.W25Q64_Erase64K                        0x0800315c   Section        0  w25q64.o(i.W25Q64_Erase64K)
    i.W25Q64_Init                            0x080031a8   Section        0  w25q64.o(i.W25Q64_Init)
    i.W25Q64_PageWrite                       0x080031d0   Section        0  w25q64.o(i.W25Q64_PageWrite)
    i.W25Q64_Read                            0x08003224   Section        0  w25q64.o(i.W25Q64_Read)
    i.W25Q64_WaitBusy                        0x08003270   Section        0  w25q64.o(i.W25Q64_WaitBusy)
    i.Xmodem_CRC16                           0x080032a0   Section        0  boot.o(i.Xmodem_CRC16)
    i.__ARM_fpclassify                       0x080032e4   Section        0  fpclassify.o(i.__ARM_fpclassify)
    i._is_digit                              0x0800330c   Section        0  __printf_wp.o(i._is_digit)
    i.dma_channel_disable                    0x0800331a   Section        0  gd32f10x_dma.o(i.dma_channel_disable)
    i.dma_channel_enable                     0x0800334c   Section        0  gd32f10x_dma.o(i.dma_channel_enable)
    i.dma_circulation_disable                0x0800337e   Section        0  gd32f10x_dma.o(i.dma_circulation_disable)
    i.dma_deinit                             0x080033b0   Section        0  gd32f10x_dma.o(i.dma_deinit)
    i.dma_init                               0x08003420   Section        0  gd32f10x_dma.o(i.dma_init)
    i.dma_memory_address_config              0x0800354e   Section        0  gd32f10x_dma.o(i.dma_memory_address_config)
    i.dma_periph_and_channel_check           0x08003574   Section        0  gd32f10x_dma.o(i.dma_periph_and_channel_check)
    dma_periph_and_channel_check             0x08003575   Thumb Code    18  gd32f10x_dma.o(i.dma_periph_and_channel_check)
    i.dma_transfer_number_config             0x0800358c   Section        0  gd32f10x_dma.o(i.dma_transfer_number_config)
    i.dma_transfer_number_get                0x080035b2   Section        0  gd32f10x_dma.o(i.dma_transfer_number_get)
    i.fmc_bank0_ready_wait                   0x080035d4   Section        0  gd32f10x_fmc.o(i.fmc_bank0_ready_wait)
    i.fmc_bank0_state_get                    0x080035f8   Section        0  gd32f10x_fmc.o(i.fmc_bank0_state_get)
    i.fmc_bank1_ready_wait                   0x08003628   Section        0  gd32f10x_fmc.o(i.fmc_bank1_ready_wait)
    i.fmc_bank1_state_get                    0x0800364c   Section        0  gd32f10x_fmc.o(i.fmc_bank1_state_get)
    i.fmc_lock                               0x0800367c   Section        0  gd32f10x_fmc.o(i.fmc_lock)
    i.fmc_page_erase                         0x080036a8   Section        0  gd32f10x_fmc.o(i.fmc_page_erase)
    i.fmc_unlock                             0x08003794   Section        0  gd32f10x_fmc.o(i.fmc_unlock)
    i.fmc_word_program                       0x080037d8   Section        0  gd32f10x_fmc.o(i.fmc_word_program)
    i.gpio_bit_reset                         0x08003898   Section        0  gd32f10x_gpio.o(i.gpio_bit_reset)
    i.gpio_bit_set                           0x0800389c   Section        0  gd32f10x_gpio.o(i.gpio_bit_set)
    i.gpio_deinit                            0x080038a0   Section        0  gd32f10x_gpio.o(i.gpio_deinit)
    i.gpio_init                              0x08003964   Section        0  gd32f10x_gpio.o(i.gpio_init)
    i.gpio_input_bit_get                     0x08003a10   Section        0  gd32f10x_gpio.o(i.gpio_input_bit_get)
    i.main                                   0x08003a20   Section        0  main.o(i.main)
    i.nvic_irq_enable                        0x08003c1c   Section        0  gd32f10x_misc.o(i.nvic_irq_enable)
    i.nvic_priority_group_set                0x08003cc8   Section        0  gd32f10x_misc.o(i.nvic_priority_group_set)
    i.nvic_vector_table_set                  0x08003cdc   Section        0  gd32f10x_misc.o(i.nvic_vector_table_set)
    i.rcu_clock_freq_get                     0x08003cf4   Section        0  gd32f10x_rcu.o(i.rcu_clock_freq_get)
    i.rcu_periph_clock_enable                0x08003e18   Section        0  gd32f10x_rcu.o(i.rcu_periph_clock_enable)
    i.rcu_periph_reset_disable               0x08003e38   Section        0  gd32f10x_rcu.o(i.rcu_periph_reset_disable)
    i.rcu_periph_reset_enable                0x08003e58   Section        0  gd32f10x_rcu.o(i.rcu_periph_reset_enable)
    i.spi_enable                             0x08003e78   Section        0  gd32f10x_spi.o(i.spi_enable)
    i.spi_i2s_data_receive                   0x08003e82   Section        0  gd32f10x_spi.o(i.spi_i2s_data_receive)
    i.spi_i2s_data_transmit                  0x08003e8a   Section        0  gd32f10x_spi.o(i.spi_i2s_data_transmit)
    i.spi_i2s_deinit                         0x08003e90   Section        0  gd32f10x_spi.o(i.spi_i2s_deinit)
    i.spi_i2s_flag_get                       0x08003ee8   Section        0  gd32f10x_spi.o(i.spi_i2s_flag_get)
    i.spi_init                               0x08003ef8   Section        0  gd32f10x_spi.o(i.spi_init)
    i.system_clock_108m_hxtal                0x08003f2c   Section        0  system_gd32f10x.o(i.system_clock_108m_hxtal)
    system_clock_108m_hxtal                  0x08003f2d   Thumb Code   182  system_gd32f10x.o(i.system_clock_108m_hxtal)
    i.system_clock_config                    0x08003ff0   Section        0  system_gd32f10x.o(i.system_clock_config)
    system_clock_config                      0x08003ff1   Thumb Code     8  system_gd32f10x.o(i.system_clock_config)
    i.systick_clksource_set                  0x08003ff8   Section        0  gd32f10x_misc.o(i.systick_clksource_set)
    i.u0_printf                              0x08004020   Section        0  usart.o(i.u0_printf)
    i.usart_baudrate_set                     0x0800407c   Section        0  gd32f10x_usart.o(i.usart_baudrate_set)
    i.usart_data_receive                     0x0800410c   Section        0  gd32f10x_usart.o(i.usart_data_receive)
    i.usart_data_transmit                    0x08004116   Section        0  gd32f10x_usart.o(i.usart_data_transmit)
    i.usart_deinit                           0x08004120   Section        0  gd32f10x_usart.o(i.usart_deinit)
    i.usart_dma_receive_config               0x080041b0   Section        0  gd32f10x_usart.o(i.usart_dma_receive_config)
    i.usart_enable                           0x080041c0   Section        0  gd32f10x_usart.o(i.usart_enable)
    i.usart_flag_get                         0x080041ca   Section        0  gd32f10x_usart.o(i.usart_flag_get)
    i.usart_interrupt_enable                 0x080041e8   Section        0  gd32f10x_usart.o(i.usart_interrupt_enable)
    i.usart_interrupt_flag_get               0x08004202   Section        0  gd32f10x_usart.o(i.usart_interrupt_flag_get)
    i.usart_parity_config                    0x0800423a   Section        0  gd32f10x_usart.o(i.usart_parity_config)
    i.usart_receive_config                   0x0800424a   Section        0  gd32f10x_usart.o(i.usart_receive_config)
    i.usart_stop_bit_set                     0x0800425a   Section        0  gd32f10x_usart.o(i.usart_stop_bit_set)
    i.usart_transmit_config                  0x0800426a   Section        0  gd32f10x_usart.o(i.usart_transmit_config)
    i.usart_word_length_set                  0x0800427a   Section        0  gd32f10x_usart.o(i.usart_word_length_set)
    locale$$code                             0x0800428c   Section       44  lc_numeric_c.o(locale$$code)
    locale$$code                             0x080042b8   Section       44  lc_ctype_c.o(locale$$code)
    x$fpl$printf1                            0x080042e4   Section        4  printf1.o(x$fpl$printf1)
    x$fpl$printf2                            0x080042e8   Section        4  printf2.o(x$fpl$printf2)
    .constdata                               0x080042ec   Section        8  _printf_wctomb.o(.constdata)
    x$fpl$usenofp                            0x080042ec   Section        0  usenofp.o(x$fpl$usenofp)
    initial_mbstate                          0x080042ec   Data           8  _printf_wctomb.o(.constdata)
    .constdata                               0x080042f4   Section       40  _printf_hex_int_ll_ptr.o(.constdata)
    uc_hextab                                0x080042f4   Data          20  _printf_hex_int_ll_ptr.o(.constdata)
    lc_hextab                                0x08004308   Data          20  _printf_hex_int_ll_ptr.o(.constdata)
    .constdata                               0x0800431c   Section       17  __printf_flags_ss_wp.o(.constdata)
    maptable                                 0x0800431c   Data          17  __printf_flags_ss_wp.o(.constdata)
    .constdata                               0x0800432d   Section       38  _printf_fp_hex.o(.constdata)
    lc_hextab                                0x0800432d   Data          19  _printf_fp_hex.o(.constdata)
    uc_hextab                                0x08004340   Data          19  _printf_fp_hex.o(.constdata)
    .constdata                               0x08004354   Section      148  bigflt0.o(.constdata)
    tenpwrs_x                                0x08004354   Data          60  bigflt0.o(.constdata)
    tenpwrs_i                                0x08004390   Data          64  bigflt0.o(.constdata)
    .conststring                             0x080043e8   Section       65  boot.o(.conststring)
    locale$$data                             0x0800444c   Section       28  lc_numeric_c.o(locale$$data)
    __lcnum_c_name                           0x08004450   Data           2  lc_numeric_c.o(locale$$data)
    __lcnum_c_start                          0x08004458   Data           0  lc_numeric_c.o(locale$$data)
    __lcnum_c_point                          0x08004464   Data           0  lc_numeric_c.o(locale$$data)
    __lcnum_c_thousands                      0x08004466   Data           0  lc_numeric_c.o(locale$$data)
    __lcnum_c_grouping                       0x08004467   Data           0  lc_numeric_c.o(locale$$data)
    locale$$data                             0x08004468   Section      272  lc_ctype_c.o(locale$$data)
    __lcnum_c_end                            0x08004468   Data           0  lc_numeric_c.o(locale$$data)
    __lcctype_c_name                         0x0800446c   Data           2  lc_ctype_c.o(locale$$data)
    __lcctype_c_start                        0x08004474   Data           0  lc_ctype_c.o(locale$$data)
    __lcctype_c_end                          0x08004578   Data           0  lc_ctype_c.o(locale$$data)
    .data                                    0x20000000   Section        4  main.o(.data)
    .data                                    0x20000004   Section        4  boot.o(.data)
    .bss                                     0x20000008   Section     1120  main.o(.bss)
    .bss                                     0x20000468   Section     4192  usart.o(.bss)
    .bss                                     0x200014c8   Section       96  libspace.o(.bss)
    HEAP                                     0x20001528   Section      512  startup_gd32f10x_md.o(HEAP)
    Heap_Mem                                 0x20001528   Data         512  startup_gd32f10x_md.o(HEAP)
    STACK                                    0x20001728   Section     1024  startup_gd32f10x_md.o(STACK)
    Stack_Mem                                0x20001728   Data        1024  startup_gd32f10x_md.o(STACK)
    __initial_sp                             0x20001b28   Data           0  startup_gd32f10x_md.o(STACK)

    Global Symbols

    Symbol Name                              Value     Ov Type        Size  Object(Section)

    BuildAttributes$$THM_ISAv4$P$D$K$B$S$PE$A:L22UL41UL21$X:L11$S22US41US21$IEEE1$IW$USESV6$~STKCKD$USESV7$~SHL$OTIME$ROPI$IEEEJ$EBA8$UX$STANDARDLIB$REQ8$PRES8$EABIv2 0x00000000   Number         0  anon$$obj.o ABSOLUTE
    __ARM_use_no_argv                        0x00000000   Number         0  main.o ABSOLUTE
    _printf_flags                            0x00000000   Number         0  printf_stubs.o ABSOLUTE
    _printf_return_value                     0x00000000   Number         0  printf_stubs.o ABSOLUTE
    _printf_sizespec                         0x00000000   Number         0  printf_stubs.o ABSOLUTE
    _printf_widthprec                        0x00000000   Number         0  printf_stubs.o ABSOLUTE
    __ARM_exceptions_init                     - Undefined Weak Reference
    __alloca_initialize                       - Undefined Weak Reference
    __arm_preinit_                            - Undefined Weak Reference
    __cpp_initialize__aeabi_                  - Undefined Weak Reference
    __cxa_finalize                            - Undefined Weak Reference
    __sigvec_lookup                           - Undefined Weak Reference
    _atexit_init                              - Undefined Weak Reference
    _call_atexit_fns                          - Undefined Weak Reference
    _clock_init                               - Undefined Weak Reference
    _fp_trap_init                             - Undefined Weak Reference
    _fp_trap_shutdown                         - Undefined Weak Reference
    _get_lc_collate                           - Undefined Weak Reference
    _get_lc_monetary                          - Undefined Weak Reference
    _get_lc_time                              - Undefined Weak Reference
    _getenv_init                              - Undefined Weak Reference
    _handle_redirection                       - Undefined Weak Reference
    _init_alloc                               - Undefined Weak Reference
    _init_user_alloc                          - Undefined Weak Reference
    _initio                                   - Undefined Weak Reference
    _printf_mbtowc                            - Undefined Weak Reference
    _printf_wc                                - Undefined Weak Reference
    _rand_init                                - Undefined Weak Reference
    _scanf_longlong                           - Undefined Weak Reference
    _scanf_mbtowc                             - Undefined Weak Reference
    _scanf_real                               - Undefined Weak Reference
    _scanf_string                             - Undefined Weak Reference
    _scanf_wctomb                             - Undefined Weak Reference
    _scanf_wstring                            - Undefined Weak Reference
    _signal_finish                            - Undefined Weak Reference
    _signal_init                              - Undefined Weak Reference
    _terminate_alloc                          - Undefined Weak Reference
    _terminate_user_alloc                     - Undefined Weak Reference
    _terminateio                              - Undefined Weak Reference
    __Vectors_Size                           0x00000104   Number         0  startup_gd32f10x_md.o ABSOLUTE
    __Vectors                                0x08000000   Data           4  startup_gd32f10x_md.o(RESET)
    __Vectors_End                            0x08000104   Data           0  startup_gd32f10x_md.o(RESET)
    __main                                   0x08000105   Thumb Code     8  __main.o(!!!main)
    __scatterload                            0x0800010d   Thumb Code     0  __scatter.o(!!!scatter)
    __scatterload_rt2                        0x0800010d   Thumb Code    44  __scatter.o(!!!scatter)
    __scatterload_rt2_thumb_only             0x0800010d   Thumb Code     0  __scatter.o(!!!scatter)
    __scatterload_null                       0x0800011b   Thumb Code     0  __scatter.o(!!!scatter)
    __scatterload_copy                       0x08000141   Thumb Code    26  __scatter_copy.o(!!handler_copy)
    __scatterload_zeroinit                   0x0800015d   Thumb Code    28  __scatter_zi.o(!!handler_zi)
    _printf_n                                0x08000179   Thumb Code     0  _printf_n.o(.ARM.Collect$$_printf_percent$$00000001)
    _printf_percent                          0x08000179   Thumb Code     0  _printf_percent.o(.ARM.Collect$$_printf_percent$$00000000)
    _printf_p                                0x0800017f   Thumb Code     0  _printf_p.o(.ARM.Collect$$_printf_percent$$00000002)
    _printf_f                                0x08000185   Thumb Code     0  _printf_f.o(.ARM.Collect$$_printf_percent$$00000003)
    _printf_e                                0x0800018b   Thumb Code     0  _printf_e.o(.ARM.Collect$$_printf_percent$$00000004)
    _printf_g                                0x08000191   Thumb Code     0  _printf_g.o(.ARM.Collect$$_printf_percent$$00000005)
    _printf_a                                0x08000197   Thumb Code     0  _printf_a.o(.ARM.Collect$$_printf_percent$$00000006)
    _printf_ll                               0x0800019d   Thumb Code     0  _printf_ll.o(.ARM.Collect$$_printf_percent$$00000007)
    _printf_i                                0x080001a7   Thumb Code     0  _printf_i.o(.ARM.Collect$$_printf_percent$$00000008)
    _printf_d                                0x080001ad   Thumb Code     0  _printf_d.o(.ARM.Collect$$_printf_percent$$00000009)
    _printf_u                                0x080001b3   Thumb Code     0  _printf_u.o(.ARM.Collect$$_printf_percent$$0000000A)
    _printf_o                                0x080001b9   Thumb Code     0  _printf_o.o(.ARM.Collect$$_printf_percent$$0000000B)
    _printf_x                                0x080001bf   Thumb Code     0  _printf_x.o(.ARM.Collect$$_printf_percent$$0000000C)
    _printf_lli                              0x080001c5   Thumb Code     0  _printf_lli.o(.ARM.Collect$$_printf_percent$$0000000D)
    _printf_lld                              0x080001cb   Thumb Code     0  _printf_lld.o(.ARM.Collect$$_printf_percent$$0000000E)
    _printf_llu                              0x080001d1   Thumb Code     0  _printf_llu.o(.ARM.Collect$$_printf_percent$$0000000F)
    _printf_llo                              0x080001d7   Thumb Code     0  _printf_llo.o(.ARM.Collect$$_printf_percent$$00000010)
    _printf_llx                              0x080001dd   Thumb Code     0  _printf_llx.o(.ARM.Collect$$_printf_percent$$00000011)
    _printf_l                                0x080001e3   Thumb Code     0  _printf_l.o(.ARM.Collect$$_printf_percent$$00000012)
    _printf_c                                0x080001ed   Thumb Code     0  _printf_c.o(.ARM.Collect$$_printf_percent$$00000013)
    _printf_s                                0x080001f3   Thumb Code     0  _printf_s.o(.ARM.Collect$$_printf_percent$$00000014)
    _printf_lc                               0x080001f9   Thumb Code     0  _printf_lc.o(.ARM.Collect$$_printf_percent$$00000015)
    _printf_ls                               0x080001ff   Thumb Code     0  _printf_ls.o(.ARM.Collect$$_printf_percent$$00000016)
    _printf_percent_end                      0x08000205   Thumb Code     0  _printf_percent_end.o(.ARM.Collect$$_printf_percent$$00000017)
    __rt_lib_init                            0x08000209   Thumb Code     0  libinit.o(.ARM.Collect$$libinit$$00000000)
    __rt_lib_init_fp_1                       0x0800020b   Thumb Code     0  libinit2.o(.ARM.Collect$$libinit$$00000002)
    __rt_lib_init_heap_1                     0x0800020b   Thumb Code     0  libinit2.o(.ARM.Collect$$libinit$$0000000A)
    __rt_lib_init_lc_common                  0x0800020b   Thumb Code     0  libinit2.o(.ARM.Collect$$libinit$$0000000F)
    __rt_lib_init_preinit_1                  0x0800020b   Thumb Code     0  libinit2.o(.ARM.Collect$$libinit$$00000004)
    __rt_lib_init_rand_1                     0x0800020b   Thumb Code     0  libinit2.o(.ARM.Collect$$libinit$$0000000E)
    __rt_lib_init_user_alloc_1               0x0800020b   Thumb Code     0  libinit2.o(.ARM.Collect$$libinit$$0000000C)
    __rt_lib_init_lc_collate_1               0x08000211   Thumb Code     0  libinit2.o(.ARM.Collect$$libinit$$00000011)
    __rt_lib_init_lc_ctype_2                 0x08000211   Thumb Code     0  libinit2.o(.ARM.Collect$$libinit$$00000012)
    __rt_lib_init_lc_ctype_1                 0x0800021d   Thumb Code     0  libinit2.o(.ARM.Collect$$libinit$$00000013)
    __rt_lib_init_lc_monetary_1              0x0800021d   Thumb Code     0  libinit2.o(.ARM.Collect$$libinit$$00000015)
    __rt_lib_init_lc_numeric_2               0x0800021d   Thumb Code     0  libinit2.o(.ARM.Collect$$libinit$$00000016)
    __rt_lib_init_alloca_1                   0x08000227   Thumb Code     0  libinit2.o(.ARM.Collect$$libinit$$0000002E)
    __rt_lib_init_argv_1                     0x08000227   Thumb Code     0  libinit2.o(.ARM.Collect$$libinit$$0000002C)
    __rt_lib_init_atexit_1                   0x08000227   Thumb Code     0  libinit2.o(.ARM.Collect$$libinit$$0000001B)
    __rt_lib_init_clock_1                    0x08000227   Thumb Code     0  libinit2.o(.ARM.Collect$$libinit$$00000021)
    __rt_lib_init_cpp_1                      0x08000227   Thumb Code     0  libinit2.o(.ARM.Collect$$libinit$$00000032)
    __rt_lib_init_exceptions_1               0x08000227   Thumb Code     0  libinit2.o(.ARM.Collect$$libinit$$00000030)
    __rt_lib_init_fp_trap_1                  0x08000227   Thumb Code     0  libinit2.o(.ARM.Collect$$libinit$$0000001F)
    __rt_lib_init_getenv_1                   0x08000227   Thumb Code     0  libinit2.o(.ARM.Collect$$libinit$$00000023)
    __rt_lib_init_lc_numeric_1               0x08000227   Thumb Code     0  libinit2.o(.ARM.Collect$$libinit$$00000017)
    __rt_lib_init_lc_time_1                  0x08000227   Thumb Code     0  libinit2.o(.ARM.Collect$$libinit$$00000019)
    __rt_lib_init_return                     0x08000227   Thumb Code     0  libinit2.o(.ARM.Collect$$libinit$$00000033)
    __rt_lib_init_signal_1                   0x08000227   Thumb Code     0  libinit2.o(.ARM.Collect$$libinit$$0000001D)
    __rt_lib_init_stdio_1                    0x08000227   Thumb Code     0  libinit2.o(.ARM.Collect$$libinit$$00000025)
    __rt_lib_shutdown                        0x08000229   Thumb Code     0  libshutdown.o(.ARM.Collect$$libshutdown$$00000000)
    __rt_lib_shutdown_cpp_1                  0x0800022b   Thumb Code     0  libshutdown2.o(.ARM.Collect$$libshutdown$$00000002)
    __rt_lib_shutdown_fp_trap_1              0x0800022b   Thumb Code     0  libshutdown2.o(.ARM.Collect$$libshutdown$$00000007)
    __rt_lib_shutdown_heap_1                 0x0800022b   Thumb Code     0  libshutdown2.o(.ARM.Collect$$libshutdown$$0000000F)
    __rt_lib_shutdown_return                 0x0800022b   Thumb Code     0  libshutdown2.o(.ARM.Collect$$libshutdown$$00000010)
    __rt_lib_shutdown_signal_1               0x0800022b   Thumb Code     0  libshutdown2.o(.ARM.Collect$$libshutdown$$0000000A)
    __rt_lib_shutdown_stdio_1                0x0800022b   Thumb Code     0  libshutdown2.o(.ARM.Collect$$libshutdown$$00000004)
    __rt_lib_shutdown_user_alloc_1           0x0800022b   Thumb Code     0  libshutdown2.o(.ARM.Collect$$libshutdown$$0000000C)
    __rt_entry                               0x0800022d   Thumb Code     0  __rtentry.o(.ARM.Collect$$rtentry$$00000000)
    __rt_entry_presh_1                       0x0800022d   Thumb Code     0  __rtentry2.o(.ARM.Collect$$rtentry$$00000002)
    __rt_entry_sh                            0x0800022d   Thumb Code     0  __rtentry4.o(.ARM.Collect$$rtentry$$00000004)
    __rt_entry_li                            0x08000233   Thumb Code     0  __rtentry2.o(.ARM.Collect$$rtentry$$0000000A)
    __rt_entry_postsh_1                      0x08000233   Thumb Code     0  __rtentry2.o(.ARM.Collect$$rtentry$$00000009)
    __rt_entry_main                          0x08000237   Thumb Code     0  __rtentry2.o(.ARM.Collect$$rtentry$$0000000D)
    __rt_entry_postli_1                      0x08000237   Thumb Code     0  __rtentry2.o(.ARM.Collect$$rtentry$$0000000C)
    __rt_exit                                0x0800023f   Thumb Code     0  rtexit.o(.ARM.Collect$$rtexit$$00000000)
    __rt_exit_ls                             0x08000241   Thumb Code     0  rtexit2.o(.ARM.Collect$$rtexit$$00000003)
    __rt_exit_prels_1                        0x08000241   Thumb Code     0  rtexit2.o(.ARM.Collect$$rtexit$$00000002)
    __rt_exit_exit                           0x08000245   Thumb Code     0  rtexit2.o(.ARM.Collect$$rtexit$$00000004)
    MSR_SP                                   0x0800024d   Thumb Code     6  boot.o(.emb_text)
    Reset_Handler                            0x08000255   Thumb Code     8  startup_gd32f10x_md.o(.text)
    ADC0_1_IRQHandler                        0x0800026f   Thumb Code     0  startup_gd32f10x_md.o(.text)
    CAN0_EWMC_IRQHandler                     0x0800026f   Thumb Code     0  startup_gd32f10x_md.o(.text)
    CAN0_RX1_IRQHandler                      0x0800026f   Thumb Code     0  startup_gd32f10x_md.o(.text)
    DMA0_Channel0_IRQHandler                 0x0800026f   Thumb Code     0  startup_gd32f10x_md.o(.text)
    DMA0_Channel1_IRQHandler                 0x0800026f   Thumb Code     0  startup_gd32f10x_md.o(.text)
    DMA0_Channel2_IRQHandler                 0x0800026f   Thumb Code     0  startup_gd32f10x_md.o(.text)
    DMA0_Channel3_IRQHandler                 0x0800026f   Thumb Code     0  startup_gd32f10x_md.o(.text)
    DMA0_Channel4_IRQHandler                 0x0800026f   Thumb Code     0  startup_gd32f10x_md.o(.text)
    DMA0_Channel5_IRQHandler                 0x0800026f   Thumb Code     0  startup_gd32f10x_md.o(.text)
    DMA0_Channel6_IRQHandler                 0x0800026f   Thumb Code     0  startup_gd32f10x_md.o(.text)
    EXMC_IRQHandler                          0x0800026f   Thumb Code     0  startup_gd32f10x_md.o(.text)
    EXTI0_IRQHandler                         0x0800026f   Thumb Code     0  startup_gd32f10x_md.o(.text)
    EXTI10_15_IRQHandler                     0x0800026f   Thumb Code     0  startup_gd32f10x_md.o(.text)
    EXTI1_IRQHandler                         0x0800026f   Thumb Code     0  startup_gd32f10x_md.o(.text)
    EXTI2_IRQHandler                         0x0800026f   Thumb Code     0  startup_gd32f10x_md.o(.text)
    EXTI3_IRQHandler                         0x0800026f   Thumb Code     0  startup_gd32f10x_md.o(.text)
    EXTI4_IRQHandler                         0x0800026f   Thumb Code     0  startup_gd32f10x_md.o(.text)
    EXTI5_9_IRQHandler                       0x0800026f   Thumb Code     0  startup_gd32f10x_md.o(.text)
    FMC_IRQHandler                           0x0800026f   Thumb Code     0  startup_gd32f10x_md.o(.text)
    I2C0_ER_IRQHandler                       0x0800026f   Thumb Code     0  startup_gd32f10x_md.o(.text)
    I2C0_EV_IRQHandler                       0x0800026f   Thumb Code     0  startup_gd32f10x_md.o(.text)
    I2C1_ER_IRQHandler                       0x0800026f   Thumb Code     0  startup_gd32f10x_md.o(.text)
    I2C1_EV_IRQHandler                       0x0800026f   Thumb Code     0  startup_gd32f10x_md.o(.text)
    LVD_IRQHandler                           0x0800026f   Thumb Code     0  startup_gd32f10x_md.o(.text)
    RCU_IRQHandler                           0x0800026f   Thumb Code     0  startup_gd32f10x_md.o(.text)
    RTC_Alarm_IRQHandler                     0x0800026f   Thumb Code     0  startup_gd32f10x_md.o(.text)
    RTC_IRQHandler                           0x0800026f   Thumb Code     0  startup_gd32f10x_md.o(.text)
    SPI0_IRQHandler                          0x0800026f   Thumb Code     0  startup_gd32f10x_md.o(.text)
    SPI1_IRQHandler                          0x0800026f   Thumb Code     0  startup_gd32f10x_md.o(.text)
    TAMPER_IRQHandler                        0x0800026f   Thumb Code     0  startup_gd32f10x_md.o(.text)
    TIMER0_BRK_IRQHandler                    0x0800026f   Thumb Code     0  startup_gd32f10x_md.o(.text)
    TIMER0_Channel_IRQHandler                0x0800026f   Thumb Code     0  startup_gd32f10x_md.o(.text)
    TIMER0_TRG_CMT_IRQHandler                0x0800026f   Thumb Code     0  startup_gd32f10x_md.o(.text)
    TIMER0_UP_IRQHandler                     0x0800026f   Thumb Code     0  startup_gd32f10x_md.o(.text)
    TIMER1_IRQHandler                        0x0800026f   Thumb Code     0  startup_gd32f10x_md.o(.text)
    TIMER2_IRQHandler                        0x0800026f   Thumb Code     0  startup_gd32f10x_md.o(.text)
    TIMER3_IRQHandler                        0x0800026f   Thumb Code     0  startup_gd32f10x_md.o(.text)
    USART1_IRQHandler                        0x0800026f   Thumb Code     0  startup_gd32f10x_md.o(.text)
    USART2_IRQHandler                        0x0800026f   Thumb Code     0  startup_gd32f10x_md.o(.text)
    USBD_HP_CAN0_TX_IRQHandler               0x0800026f   Thumb Code     0  startup_gd32f10x_md.o(.text)
    USBD_LP_CAN0_RX0_IRQHandler              0x0800026f   Thumb Code     0  startup_gd32f10x_md.o(.text)
    USBD_WKUP_IRQHandler                     0x0800026f   Thumb Code     0  startup_gd32f10x_md.o(.text)
    WWDGT_IRQHandler                         0x0800026f   Thumb Code     0  startup_gd32f10x_md.o(.text)
    __user_initial_stackheap                 0x08000271   Thumb Code    10  startup_gd32f10x_md.o(.text)
    vsprintf                                 0x08000295   Thumb Code    32  vsprintf.o(.text)
    __0sscanf                                0x080002b9   Thumb Code    52  __0sscanf.o(.text)
    _scanf_int                               0x080002f5   Thumb Code   332  _scanf_int.o(.text)
    strlen                                   0x08000441   Thumb Code    62  strlen.o(.text)
    __aeabi_memcpy                           0x0800047f   Thumb Code     0  rt_memcpy_v6.o(.text)
    __rt_memcpy                              0x0800047f   Thumb Code   138  rt_memcpy_v6.o(.text)
    _memcpy_lastbytes                        0x080004e5   Thumb Code     0  rt_memcpy_v6.o(.text)
    __aeabi_memclr4                          0x08000509   Thumb Code     0  rt_memclr_w.o(.text)
    __aeabi_memclr8                          0x08000509   Thumb Code     0  rt_memclr_w.o(.text)
    __rt_memclr_w                            0x08000509   Thumb Code    78  rt_memclr_w.o(.text)
    _memset_w                                0x0800050d   Thumb Code     0  rt_memclr_w.o(.text)
    __use_two_region_memory                  0x08000557   Thumb Code     2  heapauxi.o(.text)
    __rt_heap_escrow$2region                 0x08000559   Thumb Code     2  heapauxi.o(.text)
    __rt_heap_expand$2region                 0x0800055b   Thumb Code     2  heapauxi.o(.text)
    _printf_pre_padding                      0x0800055d   Thumb Code    44  _printf_pad.o(.text)
    _printf_post_padding                     0x08000589   Thumb Code    34  _printf_pad.o(.text)
    _printf_truncate_signed                  0x080005ab   Thumb Code    18  _printf_truncate.o(.text)
    _printf_truncate_unsigned                0x080005bd   Thumb Code    18  _printf_truncate.o(.text)
    _printf_str                              0x080005cf   Thumb Code    82  _printf_str.o(.text)
    _printf_int_dec                          0x08000621   Thumb Code   104  _printf_dec.o(.text)
    _printf_charcount                        0x08000699   Thumb Code    40  _printf_charcount.o(.text)
    _printf_char_common                      0x080006cb   Thumb Code    32  _printf_char_common.o(.text)
    _sputc                                   0x080006f1   Thumb Code    10  _sputc.o(.text)
    _printf_wctomb                           0x080006fd   Thumb Code   182  _printf_wctomb.o(.text)
    _printf_longlong_dec                     0x080007b9   Thumb Code   108  _printf_longlong_dec.o(.text)
    _printf_longlong_oct                     0x08000835   Thumb Code    66  _printf_oct_int_ll.o(.text)
    _printf_int_oct                          0x08000877   Thumb Code    24  _printf_oct_int_ll.o(.text)
    _printf_ll_oct                           0x0800088f   Thumb Code    12  _printf_oct_int_ll.o(.text)
    _printf_longlong_hex                     0x080008a5   Thumb Code    86  _printf_hex_int_ll_ptr.o(.text)
    _printf_int_hex                          0x080008fb   Thumb Code    28  _printf_hex_int_ll_ptr.o(.text)
    _printf_ll_hex                           0x08000917   Thumb Code    12  _printf_hex_int_ll_ptr.o(.text)
    _printf_hex_ptr                          0x08000923   Thumb Code    18  _printf_hex_int_ll_ptr.o(.text)
    __printf                                 0x08000939   Thumb Code   388  __printf_flags_ss_wp.o(.text)
    _chval                                   0x08000ac1   Thumb Code    28  _chval.o(.text)
    __vfscanf_char                           0x08000ae9   Thumb Code    24  scanf_char.o(.text)
    _sgetc                                   0x08000b09   Thumb Code    30  _sgetc.o(.text)
    _sbackspace                              0x08000b27   Thumb Code    34  _sgetc.o(.text)
    __aeabi_memcpy4                          0x08000b49   Thumb Code     0  rt_memcpy_w.o(.text)
    __aeabi_memcpy8                          0x08000b49   Thumb Code     0  rt_memcpy_w.o(.text)
    __rt_memcpy_w                            0x08000b49   Thumb Code   100  rt_memcpy_w.o(.text)
    _memcpy_lastbytes_aligned                0x08000b91   Thumb Code     0  rt_memcpy_w.o(.text)
    _ll_udiv10                               0x08000bad   Thumb Code   138  lludiv10.o(.text)
    isspace                                  0x08000c37   Thumb Code    18  isspace.o(.text)
    _printf_int_common                       0x08000c49   Thumb Code   178  _printf_intcommon.o(.text)
    __lib_sel_fp_printf                      0x08000cfb   Thumb Code     2  _printf_fp_dec.o(.text)
    _printf_fp_dec_real                      0x08000ead   Thumb Code   620  _printf_fp_dec.o(.text)
    _printf_fp_hex_real                      0x08001119   Thumb Code   756  _printf_fp_hex.o(.text)
    _printf_cs_common                        0x08001415   Thumb Code    20  _printf_char.o(.text)
    _printf_char                             0x08001429   Thumb Code    16  _printf_char.o(.text)
    _printf_string                           0x08001439   Thumb Code     8  _printf_char.o(.text)
    _printf_lcs_common                       0x08001441   Thumb Code    20  _printf_wchar.o(.text)
    _printf_wchar                            0x08001455   Thumb Code    16  _printf_wchar.o(.text)
    _printf_wstring                          0x08001465   Thumb Code     8  _printf_wchar.o(.text)
    __vfscanf                                0x0800146d   Thumb Code   878  _scanf.o(.text)
    _wcrtomb                                 0x080017e1   Thumb Code    64  _wcrtomb.o(.text)
    __user_setup_stackheap                   0x08001821   Thumb Code    74  sys_stackheap_outer.o(.text)
    __rt_ctype_table                         0x0800186d   Thumb Code    16  rt_ctype_table.o(.text)
    __rt_locale                              0x0800187d   Thumb Code     8  rt_locale_intlibspace.o(.text)
    _printf_fp_infnan                        0x08001885   Thumb Code   112  _printf_fp_infnan.o(.text)
    _btod_etento                             0x08001905   Thumb Code   224  bigflt0.o(.text)
    exit                                     0x080019e9   Thumb Code    18  exit.o(.text)
    __user_libspace                          0x080019fd   Thumb Code     8  libspace.o(.text)
    __user_perproc_libspace                  0x080019fd   Thumb Code     0  libspace.o(.text)
    __user_perthread_libspace                0x080019fd   Thumb Code     0  libspace.o(.text)
    strcmp                                   0x08001a05   Thumb Code   128  strcmpv7m.o(.text)
    _sys_exit                                0x08001a85   Thumb Code     8  sys_exit.o(.text)
    __I$use$semihosting                      0x08001a91   Thumb Code     0  use_no_semi.o(.text)
    __use_no_semihosting_swi                 0x08001a91   Thumb Code     2  use_no_semi.o(.text)
    __semihosting_library_function           0x08001a93   Thumb Code     0  indicate_semi.o(.text)
    _btod_d2e                                0x08001a93   Thumb Code    62  btod.o(CL$$btod_d2e)
    _d2e_denorm_low                          0x08001ad1   Thumb Code    70  btod.o(CL$$btod_d2e_denorm_low)
    _d2e_norm_op1                            0x08001b17   Thumb Code    96  btod.o(CL$$btod_d2e_norm_op1)
    __btod_div_common                        0x08001b77   Thumb Code   696  btod.o(CL$$btod_div_common)
    _e2e                                     0x08001eaf   Thumb Code   220  btod.o(CL$$btod_e2e)
    _btod_ediv                               0x08001f8b   Thumb Code    42  btod.o(CL$$btod_ediv)
    _btod_emul                               0x08001fb5   Thumb Code    42  btod.o(CL$$btod_emul)
    __btod_mult_common                       0x08001fdf   Thumb Code   580  btod.o(CL$$btod_mult_common)
    BootLoader_Brance                        0x08002225   Thumb Code    72  boot.o(i.BootLoader_Brance)
    BootLoader_Clear                         0x080022b1   Thumb Code    22  boot.o(i.BootLoader_Clear)
    BootLoader_Enter                         0x080022d5   Thumb Code    50  boot.o(i.BootLoader_Enter)
    BootLoader_Event                         0x0800233d   Thumb Code   976  boot.o(i.BootLoader_Event)
    BootLoader_Info                          0x08002879   Thumb Code    52  boot.o(i.BootLoader_Info)
    BusFault_Handler                         0x08002945   Thumb Code     4  gd32f10x_it.o(i.BusFault_Handler)
    DMA_Init                                 0x08002949   Thumb Code    96  usart.o(i.DMA_Init)
    DebugMon_Handler                         0x080029b5   Thumb Code     2  gd32f10x_it.o(i.DebugMon_Handler)
    Delay_Init                               0x080029b7   Thumb Code    10  delay.o(i.Delay_Init)
    Delay_Ms                                 0x080029c1   Thumb Code    26  delay.o(i.Delay_Ms)
    Delay_Us                                 0x080029db   Thumb Code    58  delay.o(i.Delay_Us)
    GD32_EraseFlash                          0x08002a15   Thumb Code    48  fmc.o(i.GD32_EraseFlash)
    GD32_WriteFlash                          0x08002a45   Thumb Code    38  fmc.o(i.GD32_WriteFlash)
    HardFault_Handler                        0x08002a6b   Thumb Code     4  gd32f10x_it.o(i.HardFault_Handler)
    IIC_Init                                 0x08002a71   Thumb Code    52  iic.o(i.IIC_Init)
    IIC_Read_Byte                            0x08002aa9   Thumb Code   166  iic.o(i.IIC_Read_Byte)
    IIC_Send_Byte                            0x08002b55   Thumb Code    88  iic.o(i.IIC_Send_Byte)
    IIC_Start                                0x08002bb1   Thumb Code    48  iic.o(i.IIC_Start)
    IIC_Stop                                 0x08002be5   Thumb Code    34  iic.o(i.IIC_Stop)
    IIC_Wait_Ack                             0x08002c0d   Thumb Code    84  iic.o(i.IIC_Wait_Ack)
    LOAD_A                                   0x08002c65   Thumb Code    52  boot.o(i.LOAD_A)
    M24C02_ReadData                          0x08002cb1   Thumb Code   114  m24c02.o(i.M24C02_ReadData)
    M24C02_ReadOTAInfo                       0x08002d25   Thumb Code    22  m24c02.o(i.M24C02_ReadOTAInfo)
    M24C02_WriteOTAInfo                      0x08002d41   Thumb Code    36  m24c02.o(i.M24C02_WriteOTAInfo)
    M24C02_WritePage                         0x08002d69   Thumb Code    86  m24c02.o(i.M24C02_WritePage)
    MemManage_Handler                        0x08002dbf   Thumb Code     4  gd32f10x_it.o(i.MemManage_Handler)
    NMI_Handler                              0x08002dc3   Thumb Code     2  gd32f10x_it.o(i.NMI_Handler)
    PendSV_Handler                           0x08002ded   Thumb Code     2  gd32f10x_it.o(i.PendSV_Handler)
    SPI0_Init                                0x08002df1   Thumb Code    94  spi.o(i.SPI0_Init)
    SPI0_Read                                0x08002e59   Thumb Code    28  spi.o(i.SPI0_Read)
    SPI0_ReadWriteByte                       0x08002e75   Thumb Code    50  spi.o(i.SPI0_ReadWriteByte)
    SPI0_Write                               0x08002ead   Thumb Code    26  spi.o(i.SPI0_Write)
    SVC_Handler                              0x08002ec7   Thumb Code     2  gd32f10x_it.o(i.SVC_Handler)
    SysTick_Handler                          0x08002ec9   Thumb Code     2  gd32f10x_it.o(i.SysTick_Handler)
    SystemInit                               0x08002ecd   Thumb Code   196  system_gd32f10x.o(i.SystemInit)
    U0Rx_PtrInit                             0x08002fa1   Thumb Code    28  usart.o(i.U0Rx_PtrInit)
    USART0_IRQHandler                        0x08002fc5   Thumb Code   182  gd32f10x_it.o(i.USART0_IRQHandler)
    UsageFault_Handler                       0x08003091   Thumb Code     4  gd32f10x_it.o(i.UsageFault_Handler)
    Usart0_Init                              0x08003095   Thumb Code   154  usart.o(i.Usart0_Init)
    W25Q64_Enable                            0x08003139   Thumb Code    30  w25q64.o(i.W25Q64_Enable)
    W25Q64_Erase64K                          0x0800315d   Thumb Code    70  w25q64.o(i.W25Q64_Erase64K)
    W25Q64_Init                              0x080031a9   Thumb Code    36  w25q64.o(i.W25Q64_Init)
    W25Q64_PageWrite                         0x080031d1   Thumb Code    80  w25q64.o(i.W25Q64_PageWrite)
    W25Q64_Read                              0x08003225   Thumb Code    70  w25q64.o(i.W25Q64_Read)
    W25Q64_WaitBusy                          0x08003271   Thumb Code    44  w25q64.o(i.W25Q64_WaitBusy)
    Xmodem_CRC16                             0x080032a1   Thumb Code    68  boot.o(i.Xmodem_CRC16)
    __ARM_fpclassify                         0x080032e5   Thumb Code    40  fpclassify.o(i.__ARM_fpclassify)
    _is_digit                                0x0800330d   Thumb Code    14  __printf_wp.o(i._is_digit)
    dma_channel_disable                      0x0800331b   Thumb Code    50  gd32f10x_dma.o(i.dma_channel_disable)
    dma_channel_enable                       0x0800334d   Thumb Code    50  gd32f10x_dma.o(i.dma_channel_enable)
    dma_circulation_disable                  0x0800337f   Thumb Code    50  gd32f10x_dma.o(i.dma_circulation_disable)
    dma_deinit                               0x080033b1   Thumb Code   112  gd32f10x_dma.o(i.dma_deinit)
    dma_init                                 0x08003421   Thumb Code   302  gd32f10x_dma.o(i.dma_init)
    dma_memory_address_config                0x0800354f   Thumb Code    36  gd32f10x_dma.o(i.dma_memory_address_config)
    dma_transfer_number_config               0x0800358d   Thumb Code    38  gd32f10x_dma.o(i.dma_transfer_number_config)
    dma_transfer_number_get                  0x080035b3   Thumb Code    34  gd32f10x_dma.o(i.dma_transfer_number_get)
    fmc_bank0_ready_wait                     0x080035d5   Thumb Code    34  gd32f10x_fmc.o(i.fmc_bank0_ready_wait)
    fmc_bank0_state_get                      0x080035f9   Thumb Code    44  gd32f10x_fmc.o(i.fmc_bank0_state_get)
    fmc_bank1_ready_wait                     0x08003629   Thumb Code    34  gd32f10x_fmc.o(i.fmc_bank1_ready_wait)
    fmc_bank1_state_get                      0x0800364d   Thumb Code    44  gd32f10x_fmc.o(i.fmc_bank1_state_get)
    fmc_lock                                 0x0800367d   Thumb Code    34  gd32f10x_fmc.o(i.fmc_lock)
    fmc_page_erase                           0x080036a9   Thumb Code   222  gd32f10x_fmc.o(i.fmc_page_erase)
    fmc_unlock                               0x08003795   Thumb Code    52  gd32f10x_fmc.o(i.fmc_unlock)
    fmc_word_program                         0x080037d9   Thumb Code   178  gd32f10x_fmc.o(i.fmc_word_program)
    gpio_bit_reset                           0x08003899   Thumb Code     4  gd32f10x_gpio.o(i.gpio_bit_reset)
    gpio_bit_set                             0x0800389d   Thumb Code     4  gd32f10x_gpio.o(i.gpio_bit_set)
    gpio_deinit                              0x080038a1   Thumb Code   186  gd32f10x_gpio.o(i.gpio_deinit)
    gpio_init                                0x08003965   Thumb Code   172  gd32f10x_gpio.o(i.gpio_init)
    gpio_input_bit_get                       0x08003a11   Thumb Code    16  gd32f10x_gpio.o(i.gpio_input_bit_get)
    main                                     0x08003a21   Thumb Code   432  main.o(i.main)
    nvic_irq_enable                          0x08003c1d   Thumb Code   162  gd32f10x_misc.o(i.nvic_irq_enable)
    nvic_priority_group_set                  0x08003cc9   Thumb Code    10  gd32f10x_misc.o(i.nvic_priority_group_set)
    nvic_vector_table_set                    0x08003cdd   Thumb Code    16  gd32f10x_misc.o(i.nvic_vector_table_set)
    rcu_clock_freq_get                       0x08003cf5   Thumb Code   264  gd32f10x_rcu.o(i.rcu_clock_freq_get)
    rcu_periph_clock_enable                  0x08003e19   Thumb Code    28  gd32f10x_rcu.o(i.rcu_periph_clock_enable)
    rcu_periph_reset_disable                 0x08003e39   Thumb Code    28  gd32f10x_rcu.o(i.rcu_periph_reset_disable)
    rcu_periph_reset_enable                  0x08003e59   Thumb Code    28  gd32f10x_rcu.o(i.rcu_periph_reset_enable)
    spi_enable                               0x08003e79   Thumb Code    10  gd32f10x_spi.o(i.spi_enable)
    spi_i2s_data_receive                     0x08003e83   Thumb Code     8  gd32f10x_spi.o(i.spi_i2s_data_receive)
    spi_i2s_data_transmit                    0x08003e8b   Thumb Code     4  gd32f10x_spi.o(i.spi_i2s_data_transmit)
    spi_i2s_deinit                           0x08003e91   Thumb Code    82  gd32f10x_spi.o(i.spi_i2s_deinit)
    spi_i2s_flag_get                         0x08003ee9   Thumb Code    16  gd32f10x_spi.o(i.spi_i2s_flag_get)
    spi_init                                 0x08003ef9   Thumb Code    50  gd32f10x_spi.o(i.spi_init)
    systick_clksource_set                    0x08003ff9   Thumb Code    40  gd32f10x_misc.o(i.systick_clksource_set)
    u0_printf                                0x08004021   Thumb Code    84  usart.o(i.u0_printf)
    usart_baudrate_set                       0x0800407d   Thumb Code   136  gd32f10x_usart.o(i.usart_baudrate_set)
    usart_data_receive                       0x0800410d   Thumb Code    10  gd32f10x_usart.o(i.usart_data_receive)
    usart_data_transmit                      0x08004117   Thumb Code     8  gd32f10x_usart.o(i.usart_data_transmit)
    usart_deinit                             0x08004121   Thumb Code   136  gd32f10x_usart.o(i.usart_deinit)
    usart_dma_receive_config                 0x080041b1   Thumb Code    16  gd32f10x_usart.o(i.usart_dma_receive_config)
    usart_enable                             0x080041c1   Thumb Code    10  gd32f10x_usart.o(i.usart_enable)
    usart_flag_get                           0x080041cb   Thumb Code    30  gd32f10x_usart.o(i.usart_flag_get)
    usart_interrupt_enable                   0x080041e9   Thumb Code    26  gd32f10x_usart.o(i.usart_interrupt_enable)
    usart_interrupt_flag_get                 0x08004203   Thumb Code    56  gd32f10x_usart.o(i.usart_interrupt_flag_get)
    usart_parity_config                      0x0800423b   Thumb Code    16  gd32f10x_usart.o(i.usart_parity_config)
    usart_receive_config                     0x0800424b   Thumb Code    16  gd32f10x_usart.o(i.usart_receive_config)
    usart_stop_bit_set                       0x0800425b   Thumb Code    16  gd32f10x_usart.o(i.usart_stop_bit_set)
    usart_transmit_config                    0x0800426b   Thumb Code    16  gd32f10x_usart.o(i.usart_transmit_config)
    usart_word_length_set                    0x0800427b   Thumb Code    16  gd32f10x_usart.o(i.usart_word_length_set)
    _get_lc_numeric                          0x0800428d   Thumb Code    44  lc_numeric_c.o(locale$$code)
    _get_lc_ctype                            0x080042b9   Thumb Code    44  lc_ctype_c.o(locale$$code)
    _printf_fp_dec                           0x080042e5   Thumb Code     4  printf1.o(x$fpl$printf1)
    _printf_fp_hex                           0x080042e9   Thumb Code     4  printf2.o(x$fpl$printf2)
    __I$use$fp                               0x080042ec   Number         0  usenofp.o(x$fpl$usenofp)
    Region$$Table$$Base                      0x0800442c   Number         0  anon$$obj.o(Region$$Table)
    Region$$Table$$Limit                     0x0800444c   Number         0  anon$$obj.o(Region$$Table)
    __ctype                                  0x08004475   Data           0  lc_ctype_c.o(locale$$data)
    BootStaFlag                              0x20000000   Data           4  main.o(.data)
    load_A                                   0x20000004   Data           4  boot.o(.data)
    OTA_Info                                 0x20000008   Data          80  main.o(.bss)
    UpDataA                                  0x20000058   Data        1040  main.o(.bss)
    U0_RxBuff                                0x20000468   Data        2048  usart.o(.bss)
    U0_TxBuff                                0x20000c68   Data        2048  usart.o(.bss)
    U0CB                                     0x20001468   Data          96  usart.o(.bss)
    __libspace_start                         0x200014c8   Data          96  libspace.o(.bss)
    __temporary_stack_top$libspace           0x20001528   Data           0  libspace.o(.bss)



==============================================================================

Memory Map of the image

  Image Entry point : 0x08000105

  Load Region LR_IROM1 (Base: 0x08000000, Size: 0x00004580, Max: 0x00010000, ABSOLUTE)

    Execution Region ER_IROM1 (Exec base: 0x08000000, Load base: 0x08000000, Size: 0x00004578, Max: 0x00010000, ABSOLUTE)

    Exec Addr    Load Addr    Size         Type   Attr      Idx    E Section Name        Object

    0x08000000   0x08000000   0x00000104   Data   RO          152    RESET               startup_gd32f10x_md.o
    0x08000104   0x08000104   0x00000008   Code   RO         1880  * !!!main             c_w.l(__main.o)
    0x0800010c   0x0800010c   0x00000034   Code   RO         2213    !!!scatter          c_w.l(__scatter.o)
    0x08000140   0x08000140   0x0000001a   Code   RO         2215    !!handler_copy      c_w.l(__scatter_copy.o)
    0x0800015a   0x0800015a   0x00000002   PAD
    0x0800015c   0x0800015c   0x0000001c   Code   RO         2217    !!handler_zi        c_w.l(__scatter_zi.o)
    0x08000178   0x08000178   0x00000000   Code   RO         1964    .ARM.Collect$$_printf_percent$$00000000  c_w.l(_printf_percent.o)
    0x08000178   0x08000178   0x00000006   Code   RO         1953    .ARM.Collect$$_printf_percent$$00000001  c_w.l(_printf_n.o)
    0x0800017e   0x0800017e   0x00000006   Code   RO         1955    .ARM.Collect$$_printf_percent$$00000002  c_w.l(_printf_p.o)
    0x08000184   0x08000184   0x00000006   Code   RO         1960    .ARM.Collect$$_printf_percent$$00000003  c_w.l(_printf_f.o)
    0x0800018a   0x0800018a   0x00000006   Code   RO         1961    .ARM.Collect$$_printf_percent$$00000004  c_w.l(_printf_e.o)
    0x08000190   0x08000190   0x00000006   Code   RO         1962    .ARM.Collect$$_printf_percent$$00000005  c_w.l(_printf_g.o)
    0x08000196   0x08000196   0x00000006   Code   RO         1963    .ARM.Collect$$_printf_percent$$00000006  c_w.l(_printf_a.o)
    0x0800019c   0x0800019c   0x0000000a   Code   RO         1968    .ARM.Collect$$_printf_percent$$00000007  c_w.l(_printf_ll.o)
    0x080001a6   0x080001a6   0x00000006   Code   RO         1957    .ARM.Collect$$_printf_percent$$00000008  c_w.l(_printf_i.o)
    0x080001ac   0x080001ac   0x00000006   Code   RO         1958    .ARM.Collect$$_printf_percent$$00000009  c_w.l(_printf_d.o)
    0x080001b2   0x080001b2   0x00000006   Code   RO         1959    .ARM.Collect$$_printf_percent$$0000000A  c_w.l(_printf_u.o)
    0x080001b8   0x080001b8   0x00000006   Code   RO         1956    .ARM.Collect$$_printf_percent$$0000000B  c_w.l(_printf_o.o)
    0x080001be   0x080001be   0x00000006   Code   RO         1954    .ARM.Collect$$_printf_percent$$0000000C  c_w.l(_printf_x.o)
    0x080001c4   0x080001c4   0x00000006   Code   RO         1965    .ARM.Collect$$_printf_percent$$0000000D  c_w.l(_printf_lli.o)
    0x080001ca   0x080001ca   0x00000006   Code   RO         1966    .ARM.Collect$$_printf_percent$$0000000E  c_w.l(_printf_lld.o)
    0x080001d0   0x080001d0   0x00000006   Code   RO         1967    .ARM.Collect$$_printf_percent$$0000000F  c_w.l(_printf_llu.o)
    0x080001d6   0x080001d6   0x00000006   Code   RO         1972    .ARM.Collect$$_printf_percent$$00000010  c_w.l(_printf_llo.o)
    0x080001dc   0x080001dc   0x00000006   Code   RO         1973    .ARM.Collect$$_printf_percent$$00000011  c_w.l(_printf_llx.o)
    0x080001e2   0x080001e2   0x0000000a   Code   RO         1969    .ARM.Collect$$_printf_percent$$00000012  c_w.l(_printf_l.o)
    0x080001ec   0x080001ec   0x00000006   Code   RO         1951    .ARM.Collect$$_printf_percent$$00000013  c_w.l(_printf_c.o)
    0x080001f2   0x080001f2   0x00000006   Code   RO         1952    .ARM.Collect$$_printf_percent$$00000014  c_w.l(_printf_s.o)
    0x080001f8   0x080001f8   0x00000006   Code   RO         1970    .ARM.Collect$$_printf_percent$$00000015  c_w.l(_printf_lc.o)
    0x080001fe   0x080001fe   0x00000006   Code   RO         1971    .ARM.Collect$$_printf_percent$$00000016  c_w.l(_printf_ls.o)
    0x08000204   0x08000204   0x00000004   Code   RO         2022    .ARM.Collect$$_printf_percent$$00000017  c_w.l(_printf_percent_end.o)
    0x08000208   0x08000208   0x00000002   Code   RO         2073    .ARM.Collect$$libinit$$00000000  c_w.l(libinit.o)
    0x0800020a   0x0800020a   0x00000000   Code   RO         2090    .ARM.Collect$$libinit$$00000002  c_w.l(libinit2.o)
    0x0800020a   0x0800020a   0x00000000   Code   RO         2092    .ARM.Collect$$libinit$$00000004  c_w.l(libinit2.o)
    0x0800020a   0x0800020a   0x00000000   Code   RO         2095    .ARM.Collect$$libinit$$0000000A  c_w.l(libinit2.o)
    0x0800020a   0x0800020a   0x00000000   Code   RO         2097    .ARM.Collect$$libinit$$0000000C  c_w.l(libinit2.o)
    0x0800020a   0x0800020a   0x00000000   Code   RO         2099    .ARM.Collect$$libinit$$0000000E  c_w.l(libinit2.o)
    0x0800020a   0x0800020a   0x00000006   Code   RO         2100    .ARM.Collect$$libinit$$0000000F  c_w.l(libinit2.o)
    0x08000210   0x08000210   0x00000000   Code   RO         2102    .ARM.Collect$$libinit$$00000011  c_w.l(libinit2.o)
    0x08000210   0x08000210   0x0000000c   Code   RO         2103    .ARM.Collect$$libinit$$00000012  c_w.l(libinit2.o)
    0x0800021c   0x0800021c   0x00000000   Code   RO         2104    .ARM.Collect$$libinit$$00000013  c_w.l(libinit2.o)
    0x0800021c   0x0800021c   0x00000000   Code   RO         2106    .ARM.Collect$$libinit$$00000015  c_w.l(libinit2.o)
    0x0800021c   0x0800021c   0x0000000a   Code   RO         2107    .ARM.Collect$$libinit$$00000016  c_w.l(libinit2.o)
    0x08000226   0x08000226   0x00000000   Code   RO         2108    .ARM.Collect$$libinit$$00000017  c_w.l(libinit2.o)
    0x08000226   0x08000226   0x00000000   Code   RO         2110    .ARM.Collect$$libinit$$00000019  c_w.l(libinit2.o)
    0x08000226   0x08000226   0x00000000   Code   RO         2112    .ARM.Collect$$libinit$$0000001B  c_w.l(libinit2.o)
    0x08000226   0x08000226   0x00000000   Code   RO         2114    .ARM.Collect$$libinit$$0000001D  c_w.l(libinit2.o)
    0x08000226   0x08000226   0x00000000   Code   RO         2116    .ARM.Collect$$libinit$$0000001F  c_w.l(libinit2.o)
    0x08000226   0x08000226   0x00000000   Code   RO         2118    .ARM.Collect$$libinit$$00000021  c_w.l(libinit2.o)
    0x08000226   0x08000226   0x00000000   Code   RO         2120    .ARM.Collect$$libinit$$00000023  c_w.l(libinit2.o)
    0x08000226   0x08000226   0x00000000   Code   RO         2122    .ARM.Collect$$libinit$$00000025  c_w.l(libinit2.o)
    0x08000226   0x08000226   0x00000000   Code   RO         2126    .ARM.Collect$$libinit$$0000002C  c_w.l(libinit2.o)
    0x08000226   0x08000226   0x00000000   Code   RO         2128    .ARM.Collect$$libinit$$0000002E  c_w.l(libinit2.o)
    0x08000226   0x08000226   0x00000000   Code   RO         2130    .ARM.Collect$$libinit$$00000030  c_w.l(libinit2.o)
    0x08000226   0x08000226   0x00000000   Code   RO         2132    .ARM.Collect$$libinit$$00000032  c_w.l(libinit2.o)
    0x08000226   0x08000226   0x00000002   Code   RO         2133    .ARM.Collect$$libinit$$00000033  c_w.l(libinit2.o)
    0x08000228   0x08000228   0x00000002   Code   RO         2153    .ARM.Collect$$libshutdown$$00000000  c_w.l(libshutdown.o)
    0x0800022a   0x0800022a   0x00000000   Code   RO         2166    .ARM.Collect$$libshutdown$$00000002  c_w.l(libshutdown2.o)
    0x0800022a   0x0800022a   0x00000000   Code   RO         2168    .ARM.Collect$$libshutdown$$00000004  c_w.l(libshutdown2.o)
    0x0800022a   0x0800022a   0x00000000   Code   RO         2171    .ARM.Collect$$libshutdown$$00000007  c_w.l(libshutdown2.o)
    0x0800022a   0x0800022a   0x00000000   Code   RO         2174    .ARM.Collect$$libshutdown$$0000000A  c_w.l(libshutdown2.o)
    0x0800022a   0x0800022a   0x00000000   Code   RO         2176    .ARM.Collect$$libshutdown$$0000000C  c_w.l(libshutdown2.o)
    0x0800022a   0x0800022a   0x00000000   Code   RO         2179    .ARM.Collect$$libshutdown$$0000000F  c_w.l(libshutdown2.o)
    0x0800022a   0x0800022a   0x00000002   Code   RO         2180    .ARM.Collect$$libshutdown$$00000010  c_w.l(libshutdown2.o)
    0x0800022c   0x0800022c   0x00000000   Code   RO         1882    .ARM.Collect$$rtentry$$00000000  c_w.l(__rtentry.o)
    0x0800022c   0x0800022c   0x00000000   Code   RO         1991    .ARM.Collect$$rtentry$$00000002  c_w.l(__rtentry2.o)
    0x0800022c   0x0800022c   0x00000006   Code   RO         2003    .ARM.Collect$$rtentry$$00000004  c_w.l(__rtentry4.o)
    0x08000232   0x08000232   0x00000000   Code   RO         1993    .ARM.Collect$$rtentry$$00000009  c_w.l(__rtentry2.o)
    0x08000232   0x08000232   0x00000004   Code   RO         1994    .ARM.Collect$$rtentry$$0000000A  c_w.l(__rtentry2.o)
    0x08000236   0x08000236   0x00000000   Code   RO         1996    .ARM.Collect$$rtentry$$0000000C  c_w.l(__rtentry2.o)
    0x08000236   0x08000236   0x00000008   Code   RO         1997    .ARM.Collect$$rtentry$$0000000D  c_w.l(__rtentry2.o)
    0x0800023e   0x0800023e   0x00000002   Code   RO         2082    .ARM.Collect$$rtexit$$00000000  c_w.l(rtexit.o)
    0x08000240   0x08000240   0x00000000   Code   RO         2135    .ARM.Collect$$rtexit$$00000002  c_w.l(rtexit2.o)
    0x08000240   0x08000240   0x00000004   Code   RO         2136    .ARM.Collect$$rtexit$$00000003  c_w.l(rtexit2.o)
    0x08000244   0x08000244   0x00000006   Code   RO         2137    .ARM.Collect$$rtexit$$00000004  c_w.l(rtexit2.o)
    0x0800024a   0x0800024a   0x00000002   PAD
    0x0800024c   0x0800024c   0x00000006   Code   RO          530    .emb_text           boot.o
    0x08000252   0x08000252   0x00000002   PAD
    0x08000254   0x08000254   0x00000040   Code   RO          153    .text               startup_gd32f10x_md.o
    0x08000294   0x08000294   0x00000024   Code   RO         1866    .text               c_w.l(vsprintf.o)
    0x080002b8   0x080002b8   0x0000003c   Code   RO         1868    .text               c_w.l(__0sscanf.o)
    0x080002f4   0x080002f4   0x0000014c   Code   RO         1870    .text               c_w.l(_scanf_int.o)
    0x08000440   0x08000440   0x0000003e   Code   RO         1872    .text               c_w.l(strlen.o)
    0x0800047e   0x0800047e   0x0000008a   Code   RO         1874    .text               c_w.l(rt_memcpy_v6.o)
    0x08000508   0x08000508   0x0000004e   Code   RO         1876    .text               c_w.l(rt_memclr_w.o)
    0x08000556   0x08000556   0x00000006   Code   RO         1878    .text               c_w.l(heapauxi.o)
    0x0800055c   0x0800055c   0x0000004e   Code   RO         1885    .text               c_w.l(_printf_pad.o)
    0x080005aa   0x080005aa   0x00000024   Code   RO         1887    .text               c_w.l(_printf_truncate.o)
    0x080005ce   0x080005ce   0x00000052   Code   RO         1889    .text               c_w.l(_printf_str.o)
    0x08000620   0x08000620   0x00000078   Code   RO         1891    .text               c_w.l(_printf_dec.o)
    0x08000698   0x08000698   0x00000028   Code   RO         1893    .text               c_w.l(_printf_charcount.o)
    0x080006c0   0x080006c0   0x00000030   Code   RO         1895    .text               c_w.l(_printf_char_common.o)
    0x080006f0   0x080006f0   0x0000000a   Code   RO         1897    .text               c_w.l(_sputc.o)
    0x080006fa   0x080006fa   0x00000002   PAD
    0x080006fc   0x080006fc   0x000000bc   Code   RO         1899    .text               c_w.l(_printf_wctomb.o)
    0x080007b8   0x080007b8   0x0000007c   Code   RO         1902    .text               c_w.l(_printf_longlong_dec.o)
    0x08000834   0x08000834   0x00000070   Code   RO         1908    .text               c_w.l(_printf_oct_int_ll.o)
    0x080008a4   0x080008a4   0x00000094   Code   RO         1928    .text               c_w.l(_printf_hex_int_ll_ptr.o)
    0x08000938   0x08000938   0x00000188   Code   RO         1948    .text               c_w.l(__printf_flags_ss_wp.o)
    0x08000ac0   0x08000ac0   0x0000001c   Code   RO         1974    .text               c_w.l(_chval.o)
    0x08000adc   0x08000adc   0x0000002c   Code   RO         1976    .text               c_w.l(scanf_char.o)
    0x08000b08   0x08000b08   0x00000040   Code   RO         1978    .text               c_w.l(_sgetc.o)
    0x08000b48   0x08000b48   0x00000064   Code   RO         1980    .text               c_w.l(rt_memcpy_w.o)
    0x08000bac   0x08000bac   0x0000008a   Code   RO         2005    .text               c_w.l(lludiv10.o)
    0x08000c36   0x08000c36   0x00000012   Code   RO         2007    .text               c_w.l(isspace.o)
    0x08000c48   0x08000c48   0x000000b2   Code   RO         2009    .text               c_w.l(_printf_intcommon.o)
    0x08000cfa   0x08000cfa   0x0000041e   Code   RO         2011    .text               c_w.l(_printf_fp_dec.o)
    0x08001118   0x08001118   0x000002fc   Code   RO         2013    .text               c_w.l(_printf_fp_hex.o)
    0x08001414   0x08001414   0x0000002c   Code   RO         2018    .text               c_w.l(_printf_char.o)
    0x08001440   0x08001440   0x0000002c   Code   RO         2020    .text               c_w.l(_printf_wchar.o)
    0x0800146c   0x0800146c   0x00000374   Code   RO         2023    .text               c_w.l(_scanf.o)
    0x080017e0   0x080017e0   0x00000040   Code   RO         2025    .text               c_w.l(_wcrtomb.o)
    0x08001820   0x08001820   0x0000004a   Code   RO         2027    .text               c_w.l(sys_stackheap_outer.o)
    0x0800186a   0x0800186a   0x00000002   PAD
    0x0800186c   0x0800186c   0x00000010   Code   RO         2029    .text               c_w.l(rt_ctype_table.o)
    0x0800187c   0x0800187c   0x00000008   Code   RO         2034    .text               c_w.l(rt_locale_intlibspace.o)
    0x08001884   0x08001884   0x00000080   Code   RO         2036    .text               c_w.l(_printf_fp_infnan.o)
    0x08001904   0x08001904   0x000000e4   Code   RO         2038    .text               c_w.l(bigflt0.o)
    0x080019e8   0x080019e8   0x00000012   Code   RO         2066    .text               c_w.l(exit.o)
    0x080019fa   0x080019fa   0x00000002   PAD
    0x080019fc   0x080019fc   0x00000008   Code   RO         2079    .text               c_w.l(libspace.o)
    0x08001a04   0x08001a04   0x00000080   Code   RO         2087    .text               c_w.l(strcmpv7m.o)
    0x08001a84   0x08001a84   0x0000000c   Code   RO         2145    .text               c_w.l(sys_exit.o)
    0x08001a90   0x08001a90   0x00000002   Code   RO         2156    .text               c_w.l(use_no_semi.o)
    0x08001a92   0x08001a92   0x00000000   Code   RO         2158    .text               c_w.l(indicate_semi.o)
    0x08001a92   0x08001a92   0x0000003e   Code   RO         2041    CL$$btod_d2e        c_w.l(btod.o)
    0x08001ad0   0x08001ad0   0x00000046   Code   RO         2043    CL$$btod_d2e_denorm_low  c_w.l(btod.o)
    0x08001b16   0x08001b16   0x00000060   Code   RO         2042    CL$$btod_d2e_norm_op1  c_w.l(btod.o)
    0x08001b76   0x08001b76   0x00000338   Code   RO         2051    CL$$btod_div_common  c_w.l(btod.o)
    0x08001eae   0x08001eae   0x000000dc   Code   RO         2048    CL$$btod_e2e        c_w.l(btod.o)
    0x08001f8a   0x08001f8a   0x0000002a   Code   RO         2045    CL$$btod_ediv       c_w.l(btod.o)
    0x08001fb4   0x08001fb4   0x0000002a   Code   RO         2044    CL$$btod_emul       c_w.l(btod.o)
    0x08001fde   0x08001fde   0x00000244   Code   RO         2050    CL$$btod_mult_common  c_w.l(btod.o)
    0x08002222   0x08002222   0x00000002   PAD
    0x08002224   0x08002224   0x0000008c   Code   RO          531    i.BootLoader_Brance  boot.o
    0x080022b0   0x080022b0   0x00000024   Code   RO          532    i.BootLoader_Clear  boot.o
    0x080022d4   0x080022d4   0x00000068   Code   RO          533    i.BootLoader_Enter  boot.o
    0x0800233c   0x0800233c   0x0000053c   Code   RO          534    i.BootLoader_Event  boot.o
    0x08002878   0x08002878   0x000000cc   Code   RO          535    i.BootLoader_Info   boot.o
    0x08002944   0x08002944   0x00000004   Code   RO          159    i.BusFault_Handler  gd32f10x_it.o
    0x08002948   0x08002948   0x0000006c   Code   RO          236    i.DMA_Init          usart.o
    0x080029b4   0x080029b4   0x00000002   Code   RO          160    i.DebugMon_Handler  gd32f10x_it.o
    0x080029b6   0x080029b6   0x0000000a   Code   RO          280    i.Delay_Init        delay.o
    0x080029c0   0x080029c0   0x0000001a   Code   RO          281    i.Delay_Ms          delay.o
    0x080029da   0x080029da   0x0000003a   Code   RO          282    i.Delay_Us          delay.o
    0x08002a14   0x08002a14   0x00000030   Code   RO          504    i.GD32_EraseFlash   fmc.o
    0x08002a44   0x08002a44   0x00000026   Code   RO          505    i.GD32_WriteFlash   fmc.o
    0x08002a6a   0x08002a6a   0x00000004   Code   RO          161    i.HardFault_Handler  gd32f10x_it.o
    0x08002a6e   0x08002a6e   0x00000002   PAD
    0x08002a70   0x08002a70   0x00000038   Code   RO          312    i.IIC_Init          iic.o
    0x08002aa8   0x08002aa8   0x000000ac   Code   RO          313    i.IIC_Read_Byte     iic.o
    0x08002b54   0x08002b54   0x0000005c   Code   RO          314    i.IIC_Send_Byte     iic.o
    0x08002bb0   0x08002bb0   0x00000034   Code   RO          315    i.IIC_Start         iic.o
    0x08002be4   0x08002be4   0x00000028   Code   RO          316    i.IIC_Stop          iic.o
    0x08002c0c   0x08002c0c   0x00000058   Code   RO          317    i.IIC_Wait_Ack      iic.o
    0x08002c64   0x08002c64   0x0000004c   Code   RO          536    i.LOAD_A            boot.o
    0x08002cb0   0x08002cb0   0x00000072   Code   RO          362    i.M24C02_ReadData   m24c02.o
    0x08002d22   0x08002d22   0x00000002   PAD
    0x08002d24   0x08002d24   0x0000001c   Code   RO          363    i.M24C02_ReadOTAInfo  m24c02.o
    0x08002d40   0x08002d40   0x00000028   Code   RO          365    i.M24C02_WriteOTAInfo  m24c02.o
    0x08002d68   0x08002d68   0x00000056   Code   RO          366    i.M24C02_WritePage  m24c02.o
    0x08002dbe   0x08002dbe   0x00000004   Code   RO          162    i.MemManage_Handler  gd32f10x_it.o
    0x08002dc2   0x08002dc2   0x00000002   Code   RO          163    i.NMI_Handler       gd32f10x_it.o
    0x08002dc4   0x08002dc4   0x00000028   Code   RO          537    i.NVIC_SystemReset  boot.o
    0x08002dec   0x08002dec   0x00000002   Code   RO          164    i.PendSV_Handler    gd32f10x_it.o
    0x08002dee   0x08002dee   0x00000002   PAD
    0x08002df0   0x08002df0   0x00000068   Code   RO          413    i.SPI0_Init         spi.o
    0x08002e58   0x08002e58   0x0000001c   Code   RO          414    i.SPI0_Read         spi.o
    0x08002e74   0x08002e74   0x00000038   Code   RO          415    i.SPI0_ReadWriteByte  spi.o
    0x08002eac   0x08002eac   0x0000001a   Code   RO          416    i.SPI0_Write        spi.o
    0x08002ec6   0x08002ec6   0x00000002   Code   RO          165    i.SVC_Handler       gd32f10x_it.o
    0x08002ec8   0x08002ec8   0x00000002   Code   RO          166    i.SysTick_Handler   gd32f10x_it.o
    0x08002eca   0x08002eca   0x00000002   PAD
    0x08002ecc   0x08002ecc   0x000000d4   Code   RO          112    i.SystemInit        system_gd32f10x.o
    0x08002fa0   0x08002fa0   0x00000024   Code   RO          237    i.U0Rx_PtrInit      usart.o
    0x08002fc4   0x08002fc4   0x000000cc   Code   RO          167    i.USART0_IRQHandler  gd32f10x_it.o
    0x08003090   0x08003090   0x00000004   Code   RO          168    i.UsageFault_Handler  gd32f10x_it.o
    0x08003094   0x08003094   0x000000a4   Code   RO          238    i.Usart0_Init       usart.o
    0x08003138   0x08003138   0x00000024   Code   RO          454    i.W25Q64_Enable     w25q64.o
    0x0800315c   0x0800315c   0x0000004c   Code   RO          455    i.W25Q64_Erase64K   w25q64.o
    0x080031a8   0x080031a8   0x00000028   Code   RO          456    i.W25Q64_Init       w25q64.o
    0x080031d0   0x080031d0   0x00000054   Code   RO          457    i.W25Q64_PageWrite  w25q64.o
    0x08003224   0x08003224   0x0000004c   Code   RO          458    i.W25Q64_Read       w25q64.o
    0x08003270   0x08003270   0x00000030   Code   RO          459    i.W25Q64_WaitBusy   w25q64.o
    0x080032a0   0x080032a0   0x00000044   Code   RO          538    i.Xmodem_CRC16      boot.o
    0x080032e4   0x080032e4   0x00000028   Code   RO         2077    i.__ARM_fpclassify  m_ws.l(fpclassify.o)
    0x0800330c   0x0800330c   0x0000000e   Code   RO         1941    i._is_digit         c_w.l(__printf_wp.o)
    0x0800331a   0x0800331a   0x00000032   Code   RO         1273    i.dma_channel_disable  gd32f10x_dma.o
    0x0800334c   0x0800334c   0x00000032   Code   RO         1274    i.dma_channel_enable  gd32f10x_dma.o
    0x0800337e   0x0800337e   0x00000032   Code   RO         1275    i.dma_circulation_disable  gd32f10x_dma.o
    0x080033b0   0x080033b0   0x00000070   Code   RO         1277    i.dma_deinit        gd32f10x_dma.o
    0x08003420   0x08003420   0x0000012e   Code   RO         1280    i.dma_init          gd32f10x_dma.o
    0x0800354e   0x0800354e   0x00000024   Code   RO         1285    i.dma_memory_address_config  gd32f10x_dma.o
    0x08003572   0x08003572   0x00000002   PAD
    0x08003574   0x08003574   0x00000018   Code   RO         1292    i.dma_periph_and_channel_check  gd32f10x_dma.o
    0x0800358c   0x0800358c   0x00000026   Code   RO         1299    i.dma_transfer_number_config  gd32f10x_dma.o
    0x080035b2   0x080035b2   0x00000022   Code   RO         1300    i.dma_transfer_number_get  gd32f10x_dma.o
    0x080035d4   0x080035d4   0x00000022   Code   RO         1650    i.fmc_bank0_ready_wait  gd32f10x_fmc.o
    0x080035f6   0x080035f6   0x00000002   PAD
    0x080035f8   0x080035f8   0x00000030   Code   RO         1651    i.fmc_bank0_state_get  gd32f10x_fmc.o
    0x08003628   0x08003628   0x00000022   Code   RO         1655    i.fmc_bank1_ready_wait  gd32f10x_fmc.o
    0x0800364a   0x0800364a   0x00000002   PAD
    0x0800364c   0x0800364c   0x00000030   Code   RO         1656    i.fmc_bank1_state_get  gd32f10x_fmc.o
    0x0800367c   0x0800367c   0x0000002c   Code   RO         1665    i.fmc_lock          gd32f10x_fmc.o
    0x080036a8   0x080036a8   0x000000ec   Code   RO         1667    i.fmc_page_erase    gd32f10x_fmc.o
    0x08003794   0x08003794   0x00000044   Code   RO         1668    i.fmc_unlock        gd32f10x_fmc.o
    0x080037d8   0x080037d8   0x000000c0   Code   RO         1669    i.fmc_word_program  gd32f10x_fmc.o
    0x08003898   0x08003898   0x00000004   Code   RO          886    i.gpio_bit_reset    gd32f10x_gpio.o
    0x0800389c   0x0800389c   0x00000004   Code   RO          887    i.gpio_bit_set      gd32f10x_gpio.o
    0x080038a0   0x080038a0   0x000000c4   Code   RO          889    i.gpio_deinit       gd32f10x_gpio.o
    0x08003964   0x08003964   0x000000ac   Code   RO          894    i.gpio_init         gd32f10x_gpio.o
    0x08003a10   0x08003a10   0x00000010   Code   RO          895    i.gpio_input_bit_get  gd32f10x_gpio.o
    0x08003a20   0x08003a20   0x000001fc   Code   RO            3    i.main              main.o
    0x08003c1c   0x08003c1c   0x000000ac   Code   RO          600    i.nvic_irq_enable   gd32f10x_misc.o
    0x08003cc8   0x08003cc8   0x00000014   Code   RO          601    i.nvic_priority_group_set  gd32f10x_misc.o
    0x08003cdc   0x08003cdc   0x00000018   Code   RO          602    i.nvic_vector_table_set  gd32f10x_misc.o
    0x08003cf4   0x08003cf4   0x00000124   Code   RO          663    i.rcu_clock_freq_get  gd32f10x_rcu.o
    0x08003e18   0x08003e18   0x00000020   Code   RO          680    i.rcu_periph_clock_enable  gd32f10x_rcu.o
    0x08003e38   0x08003e38   0x00000020   Code   RO          683    i.rcu_periph_reset_disable  gd32f10x_rcu.o
    0x08003e58   0x08003e58   0x00000020   Code   RO          684    i.rcu_periph_reset_enable  gd32f10x_rcu.o
    0x08003e78   0x08003e78   0x0000000a   Code   RO         1469    i.spi_enable        gd32f10x_spi.o
    0x08003e82   0x08003e82   0x00000008   Code   RO         1471    i.spi_i2s_data_receive  gd32f10x_spi.o
    0x08003e8a   0x08003e8a   0x00000004   Code   RO         1472    i.spi_i2s_data_transmit  gd32f10x_spi.o
    0x08003e8e   0x08003e8e   0x00000002   PAD
    0x08003e90   0x08003e90   0x00000058   Code   RO         1473    i.spi_i2s_deinit    gd32f10x_spi.o
    0x08003ee8   0x08003ee8   0x00000010   Code   RO         1474    i.spi_i2s_flag_get  gd32f10x_spi.o
    0x08003ef8   0x08003ef8   0x00000032   Code   RO         1478    i.spi_init          gd32f10x_spi.o
    0x08003f2a   0x08003f2a   0x00000002   PAD
    0x08003f2c   0x08003f2c   0x000000c4   Code   RO          113    i.system_clock_108m_hxtal  system_gd32f10x.o
    0x08003ff0   0x08003ff0   0x00000008   Code   RO          114    i.system_clock_config  system_gd32f10x.o
    0x08003ff8   0x08003ff8   0x00000028   Code   RO          605    i.systick_clksource_set  gd32f10x_misc.o
    0x08004020   0x08004020   0x0000005c   Code   RO          239    i.u0_printf         usart.o
    0x0800407c   0x0800407c   0x00000090   Code   RO         1002    i.usart_baudrate_set  gd32f10x_usart.o
    0x0800410c   0x0800410c   0x0000000a   Code   RO         1003    i.usart_data_receive  gd32f10x_usart.o
    0x08004116   0x08004116   0x00000008   Code   RO         1004    i.usart_data_transmit  gd32f10x_usart.o
    0x0800411e   0x0800411e   0x00000002   PAD
    0x08004120   0x08004120   0x00000090   Code   RO         1005    i.usart_deinit      gd32f10x_usart.o
    0x080041b0   0x080041b0   0x00000010   Code   RO         1007    i.usart_dma_receive_config  gd32f10x_usart.o
    0x080041c0   0x080041c0   0x0000000a   Code   RO         1009    i.usart_enable      gd32f10x_usart.o
    0x080041ca   0x080041ca   0x0000001e   Code   RO         1011    i.usart_flag_get    gd32f10x_usart.o
    0x080041e8   0x080041e8   0x0000001a   Code   RO         1018    i.usart_interrupt_enable  gd32f10x_usart.o
    0x08004202   0x08004202   0x00000038   Code   RO         1020    i.usart_interrupt_flag_get  gd32f10x_usart.o
    0x0800423a   0x0800423a   0x00000010   Code   RO         1030    i.usart_parity_config  gd32f10x_usart.o
    0x0800424a   0x0800424a   0x00000010   Code   RO         1032    i.usart_receive_config  gd32f10x_usart.o
    0x0800425a   0x0800425a   0x00000010   Code   RO         1038    i.usart_stop_bit_set  gd32f10x_usart.o
    0x0800426a   0x0800426a   0x00000010   Code   RO         1042    i.usart_transmit_config  gd32f10x_usart.o
    0x0800427a   0x0800427a   0x00000010   Code   RO         1043    i.usart_word_length_set  gd32f10x_usart.o
    0x0800428a   0x0800428a   0x00000002   PAD
    0x0800428c   0x0800428c   0x0000002c   Code   RO         2064    locale$$code        c_w.l(lc_numeric_c.o)
    0x080042b8   0x080042b8   0x0000002c   Code   RO         2085    locale$$code        c_w.l(lc_ctype_c.o)
    0x080042e4   0x080042e4   0x00000004   Code   RO         1982    x$fpl$printf1       fz_ws.l(printf1.o)
    0x080042e8   0x080042e8   0x00000004   Code   RO         1984    x$fpl$printf2       fz_ws.l(printf2.o)
    0x080042ec   0x080042ec   0x00000000   Code   RO         2076    x$fpl$usenofp       fz_ws.l(usenofp.o)
    0x080042ec   0x080042ec   0x00000008   Data   RO         1900    .constdata          c_w.l(_printf_wctomb.o)
    0x080042f4   0x080042f4   0x00000028   Data   RO         1929    .constdata          c_w.l(_printf_hex_int_ll_ptr.o)
    0x0800431c   0x0800431c   0x00000011   Data   RO         1949    .constdata          c_w.l(__printf_flags_ss_wp.o)
    0x0800432d   0x0800432d   0x00000026   Data   RO         2014    .constdata          c_w.l(_printf_fp_hex.o)
    0x08004353   0x08004353   0x00000001   PAD
    0x08004354   0x08004354   0x00000094   Data   RO         2039    .constdata          c_w.l(bigflt0.o)
    0x080043e8   0x080043e8   0x00000041   Data   RO          539    .conststring        boot.o
    0x08004429   0x08004429   0x00000003   PAD
    0x0800442c   0x0800442c   0x00000020   Data   RO         2211    Region$$Table       anon$$obj.o
    0x0800444c   0x0800444c   0x0000001c   Data   RO         2063    locale$$data        c_w.l(lc_numeric_c.o)
    0x08004468   0x08004468   0x00000110   Data   RO         2084    locale$$data        c_w.l(lc_ctype_c.o)


    Execution Region RW_IRAM1 (Exec base: 0x20000000, Load base: 0x08004578, Size: 0x00001b28, Max: 0x00005000, ABSOLUTE)

    Exec Addr    Load Addr    Size         Type   Attr      Idx    E Section Name        Object

    0x20000000   0x08004578   0x00000004   Data   RW            5    .data               main.o
    0x20000004   0x0800457c   0x00000004   Data   RW          540    .data               boot.o
    0x20000008        -       0x00000460   Zero   RW            4    .bss                main.o
    0x20000468        -       0x00001060   Zero   RW          240    .bss                usart.o
    0x200014c8        -       0x00000060   Zero   RW         2080    .bss                c_w.l(libspace.o)
    0x20001528        -       0x00000200   Zero   RW          151    HEAP                startup_gd32f10x_md.o
    0x20001728        -       0x00000400   Zero   RW          150    STACK               startup_gd32f10x_md.o


==============================================================================

Image component sizes


      Code (inc. data)   RO Data    RW Data    ZI Data      Debug   Object Name

      2014        686         65          4          0       7164   boot.o
        94          0          0          0          0       1771   delay.o
        86          0          0          0          0       2012   fmc.o
       696          6          0          0          0       7308   gd32f10x_dma.o
       704         62          0          0          0       5566   gd32f10x_fmc.o
       392         10          0          0          0       3643   gd32f10x_gpio.o
       230         22          0          0          0       5690   gd32f10x_it.o
       256         28          0          0          0       2844   gd32f10x_misc.o
       388         40          0          0          0       3124   gd32f10x_rcu.o
       176          6          0          0          0       4907   gd32f10x_spi.o
       524         16          0          0          0       9848   gd32f10x_usart.o
       500         28          0          0          0       3909   iic.o
       268         10          0          0          0       3616   m24c02.o
       508         76          0          4       1120      68921   main.o
       214         16          0          0          0       3266   spi.o
        64         26        260          0       1536        940   startup_gd32f10x_md.o
       416         30          0          0          0       2925   system_gd32f10x.o
       400         38          0          0       4192       4323   usart.o
       360         30          0          0          0       4567   w25q64.o

    ----------------------------------------------------------------------
      8314       1130        360          8       6848     146344   Object Totals
         0          0         32          0          0          0   (incl. Generated)
        24          0          3          0          0          0   (incl. Padding)

    ----------------------------------------------------------------------

      Code (inc. data)   RO Data    RW Data    ZI Data      Debug   Library Member Name

        60          8          0          0          0         84   __0sscanf.o
         8          0          0          0          0         68   __main.o
       392          4         17          0          0         92   __printf_flags_ss_wp.o
        14          0          0          0          0         68   __printf_wp.o
         0          0          0          0          0          0   __rtentry.o
        12          0          0          0          0          0   __rtentry2.o
         6          0          0          0          0          0   __rtentry4.o
        52          8          0          0          0          0   __scatter.o
        26          0          0          0          0          0   __scatter_copy.o
        28          0          0          0          0          0   __scatter_zi.o
        28          0          0          0          0         68   _chval.o
         6          0          0          0          0          0   _printf_a.o
         6          0          0          0          0          0   _printf_c.o
        44          0          0          0          0        108   _printf_char.o
        48          6          0          0          0         96   _printf_char_common.o
        40          0          0          0          0         68   _printf_charcount.o
         6          0          0          0          0          0   _printf_d.o
       120         16          0          0          0         92   _printf_dec.o
         6          0          0          0          0          0   _printf_e.o
         6          0          0          0          0          0   _printf_f.o
      1054          0          0          0          0        216   _printf_fp_dec.o
       764          8         38          0          0        100   _printf_fp_hex.o
       128         16          0          0          0         84   _printf_fp_infnan.o
         6          0          0          0          0          0   _printf_g.o
       148          4         40          0          0        160   _printf_hex_int_ll_ptr.o
         6          0          0          0          0          0   _printf_i.o
       178          0          0          0          0         88   _printf_intcommon.o
        10          0          0          0          0          0   _printf_l.o
         6          0          0          0          0          0   _printf_lc.o
        10          0          0          0          0          0   _printf_ll.o
         6          0          0          0          0          0   _printf_lld.o
         6          0          0          0          0          0   _printf_lli.o
         6          0          0          0          0          0   _printf_llo.o
         6          0          0          0          0          0   _printf_llu.o
         6          0          0          0          0          0   _printf_llx.o
       124         16          0          0          0         92   _printf_longlong_dec.o
         6          0          0          0          0          0   _printf_ls.o
         6          0          0          0          0          0   _printf_n.o
         6          0          0          0          0          0   _printf_o.o
       112         10          0          0          0        124   _printf_oct_int_ll.o
         6          0          0          0          0          0   _printf_p.o
        78          0          0          0          0        108   _printf_pad.o
         0          0          0          0          0          0   _printf_percent.o
         4          0          0          0          0          0   _printf_percent_end.o
         6          0          0          0          0          0   _printf_s.o
        82          0          0          0          0         80   _printf_str.o
        36          0          0          0          0         84   _printf_truncate.o
         6          0          0          0          0          0   _printf_u.o
        44          0          0          0          0        108   _printf_wchar.o
       188          6          8          0          0         92   _printf_wctomb.o
         6          0          0          0          0          0   _printf_x.o
       884          6          0          0          0        100   _scanf.o
       332          0          0          0          0         96   _scanf_int.o
        64          0          0          0          0         84   _sgetc.o
        10          0          0          0          0         68   _sputc.o
        64          0          0          0          0         92   _wcrtomb.o
       228          4        148          0          0         96   bigflt0.o
      1936        128          0          0          0        672   btod.o
        18          0          0          0          0         80   exit.o
         6          0          0          0          0        152   heapauxi.o
         0          0          0          0          0          0   indicate_semi.o
        18          0          0          0          0         76   isspace.o
        44         10        272          0          0         76   lc_ctype_c.o
        44         10         28          0          0         76   lc_numeric_c.o
         2          0          0          0          0          0   libinit.o
        30          0          0          0          0          0   libinit2.o
         2          0          0          0          0          0   libshutdown.o
         2          0          0          0          0          0   libshutdown2.o
         8          4          0          0         96         68   libspace.o
       138          0          0          0          0         80   lludiv10.o
        16          4          0          0          0         76   rt_ctype_table.o
         8          4          0          0          0         68   rt_locale_intlibspace.o
        78          0          0          0          0         80   rt_memclr_w.o
       138          0          0          0          0         68   rt_memcpy_v6.o
       100          0          0          0          0         80   rt_memcpy_w.o
         2          0          0          0          0          0   rtexit.o
        10          0          0          0          0          0   rtexit2.o
        44          8          0          0          0         84   scanf_char.o
       128          0          0          0          0         68   strcmpv7m.o
        62          0          0          0          0         76   strlen.o
        12          4          0          0          0         68   sys_exit.o
        74          0          0          0          0         80   sys_stackheap_outer.o
         2          0          0          0          0         68   use_no_semi.o
        36          4          0          0          0         76   vsprintf.o
         4          0          0          0          0         68   printf1.o
         4          0          0          0          0         68   printf2.o
         0          0          0          0          0          0   usenofp.o
        40          0          0          0          0         68   fpclassify.o

    ----------------------------------------------------------------------
      8558        288        552          0         96       4992   Library Totals
        12          0          1          0          0          0   (incl. Padding)

    ----------------------------------------------------------------------

      Code (inc. data)   RO Data    RW Data    ZI Data      Debug   Library Name

      8498        288        551          0         96       4788   c_w.l
         8          0          0          0          0        136   fz_ws.l
        40          0          0          0          0         68   m_ws.l

    ----------------------------------------------------------------------
      8558        288        552          0         96       4992   Library Totals

    ----------------------------------------------------------------------

==============================================================================


      Code (inc. data)   RO Data    RW Data    ZI Data      Debug   

     16872       1418        912          8       6944     143428   Grand Totals
     16872       1418        912          8       6944     143428   ELF Image Totals
     16872       1418        912          8          0          0   ROM Totals

==============================================================================

    Total RO  Size (Code + RO Data)                17784 (  17.37kB)
    Total RW  Size (RW Data + ZI Data)              6952 (   6.79kB)
    Total ROM Size (Code + RO Data + RW Data)      17792 (  17.38kB)

==============================================================================

