Component: ARM Compiler 5.06 update 5 (build 528) Tool: armlink [4d35e2]

==============================================================================

Section Cross References

    main.o(i.main) refers to misc.o(i.NVIC_PriorityGroupConfig) for NVIC_PriorityGroupConfig
    main.o(i.main) refers to usart.o(i.USART1_Init) for USART1_Init
    main.o(i.main) refers to usart.o(i.USART3_Init) for USART3_Init
    main.o(i.main) refers to delay.o(i.delay_Init) for delay_Init
    main.o(i.main) refers to usart.o(i.u1_printf) for u1_printf
    main.o(i.main) refers to usart.o(i.u3_printf) for u3_printf
    main.o(i.main) refers to iic.o(i.IIC_Init) for IIC_Init
    main.o(i.main) refers to w25q64.o(i.W25Q64_Init) for W25Q64_Init
    main.o(i.main) refers to at24c02.o(i.AT24C02_ReadOTAInfo) for AT24C02_ReadOTAInfo
    main.o(i.main) refers to fs4g.o(i.FS4G_Init) for FS4G_Init
    main.o(i.main) refers to delay.o(i.delay_ms) for delay_ms
    main.o(i.main) refers to fs4g.o(i.U3_Event_Process) for U3_Event_Process
    main.o(i.main) refers to stm32f10x_dma.o(i.DMA_Init) for DMA_Init
    main.o(i.main) refers to stm32f10x_dma.o(i.DMA_Cmd) for DMA_Cmd
    main.o(i.main) refers to fs4g.o(i.FS4G_Connect_TCP) for FS4G_Connect_TCP
    main.o(i.main) refers to mqtt.o(i.MQTT_PublishDataQs0) for MQTT_PublishDataQs0
    main.o(i.main) refers to usart.o(.bss) for U3_CB
    main.o(i.main) refers to main.o(.data) for FS4G_Connect_State_Flag
    main.o(i.main) refers to main.o(.bss) for OTA_Info
    stm32f10x_it.o(i.DMA1_Channel2_IRQHandler) refers to stm32f10x_dma.o(i.DMA_GetITStatus) for DMA_GetITStatus
    stm32f10x_it.o(i.DMA1_Channel2_IRQHandler) refers to stm32f10x_dma.o(i.DMA_ClearITPendingBit) for DMA_ClearITPendingBit
    stm32f10x_it.o(i.DMA1_Channel2_IRQHandler) refers to stm32f10x_dma.o(i.DMA_Cmd) for DMA_Cmd
    stm32f10x_it.o(i.DMA1_Channel2_IRQHandler) refers to usart.o(i.u1_printf) for u1_printf
    stm32f10x_it.o(i.DMA1_Channel2_IRQHandler) refers to usart.o(.bss) for U3_CB
    stm32f10x_it.o(i.EXTI0_IRQHandler) refers to stm32f10x_exti.o(i.EXTI_GetITStatus) for EXTI_GetITStatus
    stm32f10x_it.o(i.EXTI0_IRQHandler) refers to stm32f10x_gpio.o(i.GPIO_ReadInputDataBit) for GPIO_ReadInputDataBit
    stm32f10x_it.o(i.EXTI0_IRQHandler) refers to usart.o(i.u1_printf) for u1_printf
    stm32f10x_it.o(i.EXTI0_IRQHandler) refers to stm32f10x_exti.o(i.EXTI_ClearITPendingBit) for EXTI_ClearITPendingBit
    stm32f10x_it.o(i.USART3_IRQHandler) refers to stm32f10x_usart.o(i.USART_GetITStatus) for USART_GetITStatus
    stm32f10x_it.o(i.USART3_IRQHandler) refers to stm32f10x_usart.o(i.USART_GetFlagStatus) for USART_GetFlagStatus
    stm32f10x_it.o(i.USART3_IRQHandler) refers to stm32f10x_usart.o(i.USART_ReceiveData) for USART_ReceiveData
    stm32f10x_it.o(i.USART3_IRQHandler) refers to stm32f10x_dma.o(i.DMA_GetCurrDataCounter) for DMA_GetCurrDataCounter
    stm32f10x_it.o(i.USART3_IRQHandler) refers to stm32f10x_dma.o(i.DMA_Cmd) for DMA_Cmd
    stm32f10x_it.o(i.USART3_IRQHandler) refers to stm32f10x_dma.o(i.DMA_Init) for DMA_Init
    stm32f10x_it.o(i.USART3_IRQHandler) refers to usart.o(.bss) for U3_CB
    system_stm32f10x.o(i.SetSysClock) refers to system_stm32f10x.o(i.SetSysClockTo72) for SetSysClockTo72
    system_stm32f10x.o(i.SystemCoreClockUpdate) refers to system_stm32f10x.o(.data) for SystemCoreClock
    system_stm32f10x.o(i.SystemInit) refers to system_stm32f10x.o(i.SetSysClock) for SetSysClock
    startup_stm32f10x_md.o(STACK) refers (Special) to heapauxi.o(.text) for __use_two_region_memory
    startup_stm32f10x_md.o(HEAP) refers (Special) to heapauxi.o(.text) for __use_two_region_memory
    startup_stm32f10x_md.o(RESET) refers (Special) to heapauxi.o(.text) for __use_two_region_memory
    startup_stm32f10x_md.o(RESET) refers to startup_stm32f10x_md.o(STACK) for __initial_sp
    startup_stm32f10x_md.o(RESET) refers to startup_stm32f10x_md.o(.text) for Reset_Handler
    startup_stm32f10x_md.o(RESET) refers to stm32f10x_it.o(i.NMI_Handler) for NMI_Handler
    startup_stm32f10x_md.o(RESET) refers to stm32f10x_it.o(i.HardFault_Handler) for HardFault_Handler
    startup_stm32f10x_md.o(RESET) refers to stm32f10x_it.o(i.MemManage_Handler) for MemManage_Handler
    startup_stm32f10x_md.o(RESET) refers to stm32f10x_it.o(i.BusFault_Handler) for BusFault_Handler
    startup_stm32f10x_md.o(RESET) refers to stm32f10x_it.o(i.UsageFault_Handler) for UsageFault_Handler
    startup_stm32f10x_md.o(RESET) refers to stm32f10x_it.o(i.SVC_Handler) for SVC_Handler
    startup_stm32f10x_md.o(RESET) refers to stm32f10x_it.o(i.DebugMon_Handler) for DebugMon_Handler
    startup_stm32f10x_md.o(RESET) refers to stm32f10x_it.o(i.PendSV_Handler) for PendSV_Handler
    startup_stm32f10x_md.o(RESET) refers to stm32f10x_it.o(i.SysTick_Handler) for SysTick_Handler
    startup_stm32f10x_md.o(RESET) refers to stm32f10x_it.o(i.EXTI0_IRQHandler) for EXTI0_IRQHandler
[...]
    i.AT24C02_ReadData                       0x08007426   Section        0  at24c02.o(i.AT24C02_ReadData)
    i.AT24C02_ReadOTAInfo                    0x0800744c   Section        0  at24c02.o(i.AT24C02_ReadOTAInfo)
    i.AT24C02_WriteOTAInfo                   0x08007468   Section        0  at24c02.o(i.AT24C02_WriteOTAInfo)
    i.AT24C02_WritePage                      0x08007490   Section        0  at24c02.o(i.AT24C02_WritePage)
    i.BusFault_Handler                       0x080074e6   Section        0  stm32f10x_it.o(i.BusFault_Handler)
    i.DMA1_Channel2_IRQHandler               0x080074ec   Section        0  stm32f10x_it.o(i.DMA1_Channel2_IRQHandler)
    i.DMA_ClearITPendingBit                  0x08007534   Section        0  stm32f10x_dma.o(i.DMA_ClearITPendingBit)
    i.DMA_Cmd                                0x08007550   Section        0  stm32f10x_dma.o(i.DMA_Cmd)
    i.DMA_DeInit                             0x08007568   Section        0  stm32f10x_dma.o(i.DMA_DeInit)
    i.DMA_GetCurrDataCounter                 0x080076b4   Section        0  stm32f10x_dma.o(i.DMA_GetCurrDataCounter)
    i.DMA_GetITStatus                        0x080076bc   Section        0  stm32f10x_dma.o(i.DMA_GetITStatus)
    i.DMA_ITConfig                           0x080076e8   Section        0  stm32f10x_dma.o(i.DMA_ITConfig)
    i.DMA_Init                               0x080076fa   Section        0  stm32f10x_dma.o(i.DMA_Init)
    i.DMA_USART3_RX_Init                     0x08007738   Section        0  usart.o(i.DMA_USART3_RX_Init)
    i.DebugMon_Handler                       0x08007814   Section        0  stm32f10x_it.o(i.DebugMon_Handler)
    i.EXTI0_IRQHandler                       0x08007818   Section        0  stm32f10x_it.o(i.EXTI0_IRQHandler)
    i.EXTI_ClearITPendingBit                 0x0800786c   Section        0  stm32f10x_exti.o(i.EXTI_ClearITPendingBit)
    i.EXTI_DeInit                            0x08007878   Section        0  stm32f10x_exti.o(i.EXTI_DeInit)
    i.EXTI_GetITStatus                       0x0800789c   Section        0  stm32f10x_exti.o(i.EXTI_GetITStatus)
    i.EXTI_Init                              0x080078c4   Section        0  stm32f10x_exti.o(i.EXTI_Init)
    i.FS4G_Connect_TCP                       0x08007958   Section        0  fs4g.o(i.FS4G_Connect_TCP)
    i.FS4G_Init                              0x08007a1c   Section        0  fs4g.o(i.FS4G_Init)
    i.GPIO_EXTILineConfig                    0x08007ab8   Section        0  stm32f10x_gpio.o(i.GPIO_EXTILineConfig)
    i.GPIO_Init                              0x08007af8   Section        0  stm32f10x_gpio.o(i.GPIO_Init)
    i.GPIO_ReadInputDataBit                  0x08007c0e   Section        0  stm32f10x_gpio.o(i.GPIO_ReadInputDataBit)
    i.GPIO_ResetBits                         0x08007c20   Section        0  stm32f10x_gpio.o(i.GPIO_ResetBits)
    i.GPIO_SetBits                           0x08007c24   Section        0  stm32f10x_gpio.o(i.GPIO_SetBits)
    i.HardFault_Handler                      0x08007c28   Section        0  stm32f10x_it.o(i.HardFault_Handler)
    i.IIC_Ack                                0x08007c2c   Section        0  iic.o(i.IIC_Ack)
    i.IIC_Init                               0x08007c60   Section        0  iic.o(i.IIC_Init)
    i.IIC_NAck                               0x08007c9c   Section        0  iic.o(i.IIC_NAck)
    i.IIC_Read_Byte                          0x08007cc8   Section        0  iic.o(i.IIC_Read_Byte)
    i.IIC_Send_Byte                          0x08007d34   Section        0  iic.o(i.IIC_Send_Byte)
    i.IIC_Start                              0x08007d90   Section        0  iic.o(i.IIC_Start)
    i.IIC_Stop                               0x08007dc4   Section        0  iic.o(i.IIC_Stop)
    i.IIC_Wait_Ack                           0x08007df8   Section        0  iic.o(i.IIC_Wait_Ack)
    i.MQTT_ConnectPack                       0x08007e50   Section        0  mqtt.o(i.MQTT_ConnectPack)
    i.MQTT_DealPublishData                   0x08008028   Section        0  mqtt.o(i.MQTT_DealPublishData)
    i.MQTT_PublishDataQs0                    0x08008068   Section        0  mqtt.o(i.MQTT_PublishDataQs0)
    i.MQTT_PublishDataQs1                    0x080081a8   Section        0  mqtt.o(i.MQTT_PublishDataQs1)
    i.MQTT_SubcribPack                       0x08008340   Section        0  mqtt.o(i.MQTT_SubcribPack)
    i.MemManage_Handler                      0x080084ac   Section        0  stm32f10x_it.o(i.MemManage_Handler)
    i.NMI_Handler                            0x080084b0   Section        0  stm32f10x_it.o(i.NMI_Handler)
    i.NVIC_Init                              0x080084b4   Section        0  misc.o(i.NVIC_Init)
    i.NVIC_PriorityGroupConfig               0x08008524   Section        0  misc.o(i.NVIC_PriorityGroupConfig)
    i.NVIC_SystemReset                       0x08008538   Section        0  fs4g.o(i.NVIC_SystemReset)
    NVIC_SystemReset                         0x08008539   Thumb Code    26  fs4g.o(i.NVIC_SystemReset)
    i.OTA_Download                           0x0800855c   Section        0  fs4g.o(i.OTA_Download)
    i.OTA_Send_Progress                      0x080085e8   Section        0  fs4g.o(i.OTA_Send_Progress)
    i.OTA_Version                            0x0800867c   Section        0  fs4g.o(i.OTA_Version)
    i.PendSV_Handler                         0x080086f0   Section        0  stm32f10x_it.o(i.PendSV_Handler)
    i.RCC_AHBPeriphClockCmd                  0x080086f4   Section        0  stm32f10x_rcc.o(i.RCC_AHBPeriphClockCmd)
    i.RCC_APB1PeriphClockCmd                 0x08008714   Section        0  stm32f10x_rcc.o(i.RCC_APB1PeriphClockCmd)
    i.RCC_APB1PeriphResetCmd                 0x08008734   Section        0  stm32f10x_rcc.o(i.RCC_APB1PeriphResetCmd)
    i.RCC_APB2PeriphClockCmd                 0x08008754   Section        0  stm32f10x_rcc.o(i.RCC_APB2PeriphClockCmd)
    i.RCC_APB2PeriphResetCmd                 0x08008774   Section        0  stm32f10x_rcc.o(i.RCC_APB2PeriphResetCmd)
    i.RCC_GetClocksFreq                      0x08008794   Section        0  stm32f10x_rcc.o(i.RCC_GetClocksFreq)
    i.SPI1_Init                              0x08008868   Section        0  spi.o(i.SPI1_Init)
    i.SPI1_ReadWriteByte                     0x08008904   Section        0  spi.o(i.SPI1_ReadWriteByte)
    i.SPI1_Write                             0x0800893c   Section        0  spi.o(i.SPI1_Write)
    i.SPI_Cmd                                0x08008956   Section        0  stm32f10x_spi.o(i.SPI_Cmd)
    i.SPI_I2S_DeInit                         0x08008970   Section        0  stm32f10x_spi.o(i.SPI_I2S_DeInit)
    i.SPI_I2S_GetFlagStatus                  0x080089c8   Section        0  stm32f10x_spi.o(i.SPI_I2S_GetFlagStatus)
    i.SPI_I2S_ReceiveData                    0x080089da   Section        0  stm32f10x_spi.o(i.SPI_I2S_ReceiveData)
    i.SPI_I2S_SendData                       0x080089e0   Section        0  stm32f10x_spi.o(i.SPI_I2S_SendData)
    i.SPI_Init                               0x080089e4   Section        0  stm32f10x_spi.o(i.SPI_Init)
    i.SVC_Handler                            0x08008a20   Section        0  stm32f10x_it.o(i.SVC_Handler)
    i.SetSysClock                            0x08008a22   Section        0  system_stm32f10x.o(i.SetSysClock)
    SetSysClock                              0x08008a23   Thumb Code     8  system_stm32f10x.o(i.SetSysClock)
    i.SetSysClockTo72                        0x08008a2c   Section        0  system_stm32f10x.o(i.SetSysClockTo72)
    SetSysClockTo72                          0x08008a2d   Thumb Code   214  system_stm32f10x.o(i.SetSysClockTo72)
    i.SysTick_CLKSourceConfig                0x08008b0c   Section        0  misc.o(i.SysTick_CLKSourceConfig)
    i.SysTick_Handler                        0x08008b34   Section        0  stm32f10x_it.o(i.SysTick_Handler)
    i.SystemInit                             0x08008b38   Section        0  system_stm32f10x.o(i.SystemInit)
    i.U3Rx_Ptr_Init                          0x08008b98   Section        0  usart.o(i.U3Rx_Ptr_Init)
    i.U3Tx_Ptr_Init                          0x08008bc4   Section        0  usart.o(i.U3Tx_Ptr_Init)
    i.U3_Event_Process                       0x08008bf4   Section        0  fs4g.o(i.U3_Event_Process)
    i.USART1_Init                            0x08009198   Section        0  usart.o(i.USART1_Init)
    i.USART3_IRQHandler                      0x08009204   Section        0  stm32f10x_it.o(i.USART3_IRQHandler)
    i.USART3_Init                            0x08009304   Section        0  usart.o(i.USART3_Init)
    i.USART_Cmd                              0x080093cc   Section        0  stm32f10x_usart.o(i.USART_Cmd)
    i.USART_DMACmd                           0x080093e4   Section        0  stm32f10x_usart.o(i.USART_DMACmd)
    i.USART_DeInit                           0x080093f8   Section        0  stm32f10x_usart.o(i.USART_DeInit)
    i.USART_GetFlagStatus                    0x08009494   Section        0  stm32f10x_usart.o(i.USART_GetFlagStatus)
    i.USART_GetITStatus                      0x080094ae   Section        0  stm32f10x_usart.o(i.USART_GetITStatus)
    i.USART_ITConfig                         0x08009502   Section        0  stm32f10x_usart.o(i.USART_ITConfig)
    i.USART_Init                             0x0800954c   Section        0  stm32f10x_usart.o(i.USART_Init)
    i.USART_ReceiveData                      0x08009624   Section        0  stm32f10x_usart.o(i.USART_ReceiveData)
    i.USART_SendData                         0x0800962e   Section        0  stm32f10x_usart.o(i.USART_SendData)
    i.UsageFault_Handler                     0x08009636   Section        0  stm32f10x_it.o(i.UsageFault_Handler)
    i.W25Q64_Erase64K                        0x0800963c   Section        0  w25q64.o(i.W25Q64_Erase64K)
    i.W25Q64_Init                            0x08009688   Section        0  w25q64.o(i.W25Q64_Init)
    i.W25Q64_PageWrite                       0x080096bc   Section        0  w25q64.o(i.W25Q64_PageWrite)
    i.W25Q64_WaitBusy                        0x08009710   Section        0  w25q64.o(i.W25Q64_WaitBusy)
    i.W25Q64_WriteEnable                     0x08009740   Section        0  w25q64.o(i.W25Q64_WriteEnable)
    i.__ARM_fpclassify                       0x08009764   Section        0  fpclassify.o(i.__ARM_fpclassify)
    i._is_digit                              0x0800978c   Section        0  __printf_wp.o(i._is_digit)
    i.delay_Init                             0x0800979a   Section        0  delay.o(i.delay_Init)
    i.delay_ms                               0x080097a4   Section        0  delay.o(i.delay_ms)
    i.delay_us                               0x080097be   Section        0  delay.o(i.delay_us)
    i.main                                   0x080097fc   Section        0  main.o(i.main)
    i.u1_printf                              0x08009aa0   Section        0  usart.o(i.u1_printf)
    i.u3_printf                              0x08009afc   Section        0  usart.o(i.u3_printf)
    i.u3_sdata                               0x08009b58   Section        0  usart.o(i.u3_sdata)
    locale$$code                             0x08009be8   Section       44  lc_numeric_c.o(locale$$code)
    locale$$code                             0x08009c14   Section       44  lc_ctype_c.o(locale$$code)
    x$fpl$printf1                            0x08009c40   Section        4  printf1.o(x$fpl$printf1)
    x$fpl$printf2                            0x08009c44   Section        4  printf2.o(x$fpl$printf2)
    .constdata                               0x08009c48   Section       17  __printf_flags_ss_wp.o(.constdata)
    x$fpl$usenofp                            0x08009c48   Section        0  usenofp.o(x$fpl$usenofp)
    maptable                                 0x08009c48   Data          17  __printf_flags_ss_wp.o(.constdata)
    .constdata                               0x08009c5c   Section        8  _printf_wctomb.o(.constdata)
    initial_mbstate                          0x08009c5c   Data           8  _printf_wctomb.o(.constdata)
    .constdata                               0x08009c64   Section       40  _printf_hex_int_ll_ptr.o(.constdata)
    uc_hextab                                0x08009c64   Data          20  _printf_hex_int_ll_ptr.o(.constdata)
    lc_hextab                                0x08009c78   Data          20  _printf_hex_int_ll_ptr.o(.constdata)
    .constdata                               0x08009c8c   Section       38  _printf_fp_hex.o(.constdata)
    lc_hextab                                0x08009c8c   Data          19  _printf_fp_hex.o(.constdata)
    uc_hextab                                0x08009c9f   Data          19  _printf_fp_hex.o(.constdata)
    .constdata                               0x08009cb4   Section      148  bigflt0.o(.constdata)
    tenpwrs_x                                0x08009cb4   Data          60  bigflt0.o(.constdata)
    tenpwrs_i                                0x08009cf0   Data          64  bigflt0.o(.constdata)
    .conststring                             0x08009d48   Section      390  fs4g.o(.conststring)
    .conststring                             0x08009ed0   Section      145  mqtt.o(.conststring)
    locale$$data                             0x08009f84   Section       28  lc_numeric_c.o(locale$$data)
    __lcnum_c_name                           0x08009f88   Data           2  lc_numeric_c.o(locale$$data)
    __lcnum_c_start                          0x08009f90   Data           0  lc_numeric_c.o(locale$$data)
    __lcnum_c_point                          0x08009f9c   Data           0  lc_numeric_c.o(locale$$data)
    __lcnum_c_thousands                      0x08009f9e   Data           0  lc_numeric_c.o(locale$$data)
    __lcnum_c_grouping                       0x08009f9f   Data           0  lc_numeric_c.o(locale$$data)
    locale$$data                             0x08009fa0   Section      272  lc_ctype_c.o(locale$$data)
    __lcnum_c_end                            0x08009fa0   Data           0  lc_numeric_c.o(locale$$data)
    __lcctype_c_name                         0x08009fa4   Data           2  lc_ctype_c.o(locale$$data)
    __lcctype_c_start                        0x08009fac   Data           0  lc_ctype_c.o(locale$$data)
    __lcctype_c_end                          0x0800a0b0   Data           0  lc_ctype_c.o(locale$$data)
    .data                                    0x20000000   Section        4  main.o(.data)
    .data                                    0x20000004   Section       20  stm32f10x_rcc.o(.data)
    APBAHBPrescTable                         0x20000004   Data          16  stm32f10x_rcc.o(.data)
    ADCPrescTable                            0x20000014   Data           4  stm32f10x_rcc.o(.data)
    .bss                                     0x20000018   Section     1120  main.o(.bss)
    .bss                                     0x20000478   Section    12672  usart.o(.bss)
    .bss                                     0x200035f8   Section     1088  mqtt.o(.bss)
    .bss                                     0x20003a38   Section       96  libspace.o(.bss)
    HEAP                                     0x20003a98   Section      512  startup_stm32f10x_md.o(HEAP)
    Heap_Mem                                 0x20003a98   Data         512  startup_stm32f10x_md.o(HEAP)
    STACK                                    0x20003c98   Section     1024  startup_stm32f10x_md.o(STACK)
    Stack_Mem                                0x20003c98   Data        1024  startup_stm32f10x_md.o(STACK)
    __initial_sp                             0x20004098   Data           0  startup_stm32f10x_md.o(STACK)

    Global Symbols

    Symbol Name                              Value     Ov Type        Size  Object(Section)

    BuildAttributes$$THM_ISAv4$P$D$K$B$S$PE$A:L22UL41UL21$X:L11$S22US41US21$IEEE1$IW$USESV6$~STKCKD$USESV7$~SHL$OTIME$ROPI$IEEEJ$EBA8$UX$STANDARDLIB$REQ8$PRES8$EABIv2 0x00000000   Number         0  anon$$obj.o ABSOLUTE
    __ARM_use_no_argv                        0x00000000   Number         0  main.o ABSOLUTE
    _printf_flags                            0x00000000   Number         0  printf_stubs.o ABSOLUTE
    _printf_return_value                     0x00000000   Number         0  printf_stubs.o ABSOLUTE
    _printf_sizespec                         0x00000000   Number         0  printf_stubs.o ABSOLUTE
    _printf_widthprec                        0x00000000   Number         0  printf_stubs.o ABSOLUTE
    __ARM_exceptions_init                     - Undefined Weak Reference
    __alloca_initialize                       - Undefined Weak Reference
    __arm_preinit_                            - Undefined Weak Reference
    __cpp_initialize__aeabi_                  - Undefined Weak Reference
    __cxa_finalize                            - Undefined Weak Reference
    __sigvec_lookup                           - Undefined Weak Reference
    _atexit_init                              - Undefined Weak Reference
    _call_atexit_fns                          - Undefined Weak Reference
    _clock_init                               - Undefined Weak Reference
    _fp_trap_init                             - Undefined Weak Reference
    _fp_trap_shutdown                         - Undefined Weak Reference
    _get_lc_collate                           - Undefined Weak Reference
    _get_lc_monetary                          - Undefined Weak Reference
    _get_lc_time                              - Undefined Weak Reference
    _getenv_init                              - Undefined Weak Reference
    _handle_redirection                       - Undefined Weak Reference
    _init_alloc                               - Undefined Weak Reference
    _init_user_alloc                          - Undefined Weak Reference
    _initio                                   - Undefined Weak Reference
    _printf_mbtowc                            - Undefined Weak Reference
    _printf_wc                                - Undefined Weak Reference
    _rand_init                                - Undefined Weak Reference
    _scanf_longlong                           - Undefined Weak Reference
    _scanf_mbtowc                             - Undefined Weak Reference
    _scanf_real                               - Undefined Weak Reference
    _scanf_wctomb                             - Undefined Weak Reference
    _scanf_wstring                            - Undefined Weak Reference
    _signal_finish                            - Undefined Weak Reference
    _signal_init                              - Undefined Weak Reference
    _terminate_alloc                          - Undefined Weak Reference
    _terminate_user_alloc                     - Undefined Weak Reference
    _terminateio                              - Undefined Weak Reference
    __Vectors_Size                           0x000000ec   Number         0  startup_stm32f10x_md.o ABSOLUTE
    __Vectors                                0x08005000   Data           4  startup_stm32f10x_md.o(RESET)
    __Vectors_End                            0x080050ec   Data           0  startup_stm32f10x_md.o(RESET)
    __main                                   0x080050ed   Thumb Code     8  __main.o(!!!main)
    __scatterload                            0x080050f5   Thumb Code     0  __scatter.o(!!!scatter)
    __scatterload_rt2                        0x080050f5   Thumb Code    44  __scatter.o(!!!scatter)
    __scatterload_rt2_thumb_only             0x080050f5   Thumb Code     0  __scatter.o(!!!scatter)
    __scatterload_null                       0x08005103   Thumb Code     0  __scatter.o(!!!scatter)
    __scatterload_copy                       0x08005129   Thumb Code    26  __scatter_copy.o(!!handler_copy)
    __scatterload_zeroinit                   0x08005145   Thumb Code    28  __scatter_zi.o(!!handler_zi)
    _printf_n                                0x08005161   Thumb Code     0  _printf_n.o(.ARM.Collect$$_printf_percent$$00000001)
    _printf_percent                          0x08005161   Thumb Code     0  _printf_percent.o(.ARM.Collect$$_printf_percent$$00000000)
    _printf_p                                0x08005167   Thumb Code     0  _printf_p.o(.ARM.Collect$$_printf_percent$$00000002)
    _printf_f                                0x0800516d   Thumb Code     0  _printf_f.o(.ARM.Collect$$_printf_percent$$00000003)
    _printf_e                                0x08005173   Thumb Code     0  _printf_e.o(.ARM.Collect$$_printf_percent$$00000004)
    _printf_g                                0x08005179   Thumb Code     0  _printf_g.o(.ARM.Collect$$_printf_percent$$00000005)
    _printf_a                                0x0800517f   Thumb Code     0  _printf_a.o(.ARM.Collect$$_printf_percent$$00000006)
    _printf_ll                               0x08005185   Thumb Code     0  _printf_ll.o(.ARM.Collect$$_printf_percent$$00000007)
    _printf_i                                0x0800518f   Thumb Code     0  _printf_i.o(.ARM.Collect$$_printf_percent$$00000008)
    _printf_d                                0x08005195   Thumb Code     0  _printf_d.o(.ARM.Collect$$_printf_percent$$00000009)
    _printf_u                                0x0800519b   Thumb Code     0  _printf_u.o(.ARM.Collect$$_printf_percent$$0000000A)
    _printf_o                                0x080051a1   Thumb Code     0  _printf_o.o(.ARM.Collect$$_printf_percent$$0000000B)
    _printf_x                                0x080051a7   Thumb Code     0  _printf_x.o(.ARM.Collect$$_printf_percent$$0000000C)
    _printf_lli                              0x080051ad   Thumb Code     0  _printf_lli.o(.ARM.Collect$$_printf_percent$$0000000D)
    _printf_lld                              0x080051b3   Thumb Code     0  _printf_lld.o(.ARM.Collect$$_printf_percent$$0000000E)
    _printf_llu                              0x080051b9   Thumb Code     0  _printf_llu.o(.ARM.Collect$$_printf_percent$$0000000F)
    _printf_llo                              0x080051bf   Thumb Code     0  _printf_llo.o(.ARM.Collect$$_printf_percent$$00000010)
    _printf_llx                              0x080051c5   Thumb Code     0  _printf_llx.o(.ARM.Collect$$_printf_percent$$00000011)
    _printf_l                                0x080051cb   Thumb Code     0  _printf_l.o(.ARM.Collect$$_printf_percent$$00000012)
    _printf_c                                0x080051d5   Thumb Code     0  _printf_c.o(.ARM.Collect$$_printf_percent$$00000013)
    _printf_s                                0x080051db   Thumb Code     0  _printf_s.o(.ARM.Collect$$_printf_percent$$00000014)
    _printf_lc                               0x080051e1   Thumb Code     0  _printf_lc.o(.ARM.Collect$$_printf_percent$$00000015)
    _printf_ls                               0x080051e7   Thumb Code     0  _printf_ls.o(.ARM.Collect$$_printf_percent$$00000016)
    _printf_percent_end                      0x080051ed   Thumb Code     0  _printf_percent_end.o(.ARM.Collect$$_printf_percent$$00000017)
    __rt_lib_init                            0x080051f1   Thumb Code     0  libinit.o(.ARM.Collect$$libinit$$00000000)
    __rt_lib_init_fp_1                       0x080051f3   Thumb Code     0  libinit2.o(.ARM.Collect$$libinit$$00000002)
    __rt_lib_init_heap_1                     0x080051f3   Thumb Code     0  libinit2.o(.ARM.Collect$$libinit$$0000000A)
    __rt_lib_init_lc_common                  0x080051f3   Thumb Code     0  libinit2.o(.ARM.Collect$$libinit$$0000000F)
    __rt_lib_init_preinit_1                  0x080051f3   Thumb Code     0  libinit2.o(.ARM.Collect$$libinit$$00000004)
    __rt_lib_init_rand_1                     0x080051f3   Thumb Code     0  libinit2.o(.ARM.Collect$$libinit$$0000000E)
    __rt_lib_init_user_alloc_1               0x080051f3   Thumb Code     0  libinit2.o(.ARM.Collect$$libinit$$0000000C)
    __rt_lib_init_lc_collate_1               0x080051f9   Thumb Code     0  libinit2.o(.ARM.Collect$$libinit$$00000011)
    __rt_lib_init_lc_ctype_2                 0x080051f9   Thumb Code     0  libinit2.o(.ARM.Collect$$libinit$$00000012)
    __rt_lib_init_lc_ctype_1                 0x08005205   Thumb Code     0  libinit2.o(.ARM.Collect$$libinit$$00000013)
    __rt_lib_init_lc_monetary_1              0x08005205   Thumb Code     0  libinit2.o(.ARM.Collect$$libinit$$00000015)
    __rt_lib_init_lc_numeric_2               0x08005205   Thumb Code     0  libinit2.o(.ARM.Collect$$libinit$$00000016)
    __rt_lib_init_alloca_1                   0x0800520f   Thumb Code     0  libinit2.o(.ARM.Collect$$libinit$$0000002E)
    __rt_lib_init_argv_1                     0x0800520f   Thumb Code     0  libinit2.o(.ARM.Collect$$libinit$$0000002C)
    __rt_lib_init_atexit_1                   0x0800520f   Thumb Code     0  libinit2.o(.ARM.Collect$$libinit$$0000001B)
    __rt_lib_init_clock_1                    0x0800520f   Thumb Code     0  libinit2.o(.ARM.Collect$$libinit$$00000021)
    __rt_lib_init_cpp_1                      0x0800520f   Thumb Code     0  libinit2.o(.ARM.Collect$$libinit$$00000032)
    __rt_lib_init_exceptions_1               0x0800520f   Thumb Code     0  libinit2.o(.ARM.Collect$$libinit$$00000030)
    __rt_lib_init_fp_trap_1                  0x0800520f   Thumb Code     0  libinit2.o(.ARM.Collect$$libinit$$0000001F)
    __rt_lib_init_getenv_1                   0x0800520f   Thumb Code     0  libinit2.o(.ARM.Collect$$libinit$$00000023)
    __rt_lib_init_lc_numeric_1               0x0800520f   Thumb Code     0  libinit2.o(.ARM.Collect$$libinit$$00000017)
    __rt_lib_init_lc_time_1                  0x0800520f   Thumb Code     0  libinit2.o(.ARM.Collect$$libinit$$00000019)
    __rt_lib_init_return                     0x0800520f   Thumb Code     0  libinit2.o(.ARM.Collect$$libinit$$00000033)
    __rt_lib_init_signal_1                   0x0800520f   Thumb Code     0  libinit2.o(.ARM.Collect$$libinit$$0000001D)
    __rt_lib_init_stdio_1                    0x0800520f   Thumb Code     0  libinit2.o(.ARM.Collect$$libinit$$00000025)
    __rt_lib_shutdown                        0x08005211   Thumb Code     0  libshutdown.o(.ARM.Collect$$libshutdown$$00000000)
    __rt_lib_shutdown_cpp_1                  0x08005213   Thumb Code     0  libshutdown2.o(.ARM.Collect$$libshutdown$$00000002)
    __rt_lib_shutdown_fp_trap_1              0x08005213   Thumb Code     0  libshutdown2.o(.ARM.Collect$$libshutdown$$00000007)
    __rt_lib_shutdown_heap_1                 0x08005213   Thumb Code     0  libshutdown2.o(.ARM.Collect$$libshutdown$$0000000F)
    __rt_lib_shutdown_return                 0x08005213   Thumb Code     0  libshutdown2.o(.ARM.Collect$$libshutdown$$00000010)
    __rt_lib_shutdown_signal_1               0x08005213   Thumb Code     0  libshutdown2.o(.ARM.Collect$$libshutdown$$0000000A)
    __rt_lib_shutdown_stdio_1                0x08005213   Thumb Code     0  libshutdown2.o(.ARM.Collect$$libshutdown$$00000004)
    __rt_lib_shutdown_user_alloc_1           0x08005213   Thumb Code     0  libshutdown2.o(.ARM.Collect$$libshutdown$$0000000C)
    __rt_entry                               0x08005215   Thumb Code     0  __rtentry.o(.ARM.Collect$$rtentry$$00000000)
    __rt_entry_presh_1                       0x08005215   Thumb Code     0  __rtentry2.o(.ARM.Collect$$rtentry$$00000002)
    __rt_entry_sh                            0x08005215   Thumb Code     0  __rtentry4.o(.ARM.Collect$$rtentry$$00000004)
    __rt_entry_li                            0x0800521b   Thumb Code     0  __rtentry2.o(.ARM.Collect$$rtentry$$0000000A)
    __rt_entry_postsh_1                      0x0800521b   Thumb Code     0  __rtentry2.o(.ARM.Collect$$rtentry$$00000009)
    __rt_entry_main                          0x0800521f   Thumb Code     0  __rtentry2.o(.ARM.Collect$$rtentry$$0000000D)
    __rt_entry_postli_1                      0x0800521f   Thumb Code     0  __rtentry2.o(.ARM.Collect$$rtentry$$0000000C)
    __rt_exit                                0x08005227   Thumb Code     0  rtexit.o(.ARM.Collect$$rtexit$$00000000)
    __rt_exit_ls                             0x08005229   Thumb Code     0  rtexit2.o(.ARM.Collect$$rtexit$$00000003)
    __rt_exit_prels_1                        0x08005229   Thumb Code     0  rtexit2.o(.ARM.Collect$$rtexit$$00000002)
    __rt_exit_exit                           0x0800522d   Thumb Code     0  rtexit2.o(.ARM.Collect$$rtexit$$00000004)
    Reset_Handler                            0x08005235   Thumb Code     8  startup_stm32f10x_md.o(.text)
    ADC1_2_IRQHandler                        0x0800524f   Thumb Code     0  startup_stm32f10x_md.o(.text)
    CAN1_RX1_IRQHandler                      0x0800524f   Thumb Code     0  startup_stm32f10x_md.o(.text)
    CAN1_SCE_IRQHandler                      0x0800524f   Thumb Code     0  startup_stm32f10x_md.o(.text)
    DMA1_Channel1_IRQHandler                 0x0800524f   Thumb Code     0  startup_stm32f10x_md.o(.text)
    DMA1_Channel3_IRQHandler                 0x0800524f   Thumb Code     0  startup_stm32f10x_md.o(.text)
    DMA1_Channel4_IRQHandler                 0x0800524f   Thumb Code     0  startup_stm32f10x_md.o(.text)
    DMA1_Channel5_IRQHandler                 0x0800524f   Thumb Code     0  startup_stm32f10x_md.o(.text)
    DMA1_Channel6_IRQHandler                 0x0800524f   Thumb Code     0  startup_stm32f10x_md.o(.text)
    DMA1_Channel7_IRQHandler                 0x0800524f   Thumb Code     0  startup_stm32f10x_md.o(.text)
    EXTI15_10_IRQHandler                     0x0800524f   Thumb Code     0  startup_stm32f10x_md.o(.text)
    EXTI1_IRQHandler                         0x0800524f   Thumb Code     0  startup_stm32f10x_md.o(.text)
    EXTI2_IRQHandler                         0x0800524f   Thumb Code     0  startup_stm32f10x_md.o(.text)
    EXTI3_IRQHandler                         0x0800524f   Thumb Code     0  startup_stm32f10x_md.o(.text)
    EXTI4_IRQHandler                         0x0800524f   Thumb Code     0  startup_stm32f10x_md.o(.text)
    EXTI9_5_IRQHandler                       0x0800524f   Thumb Code     0  startup_stm32f10x_md.o(.text)
    FLASH_IRQHandler                         0x0800524f   Thumb Code     0  startup_stm32f10x_md.o(.text)
    I2C1_ER_IRQHandler                       0x0800524f   Thumb Code     0  startup_stm32f10x_md.o(.text)
    I2C1_EV_IRQHandler                       0x0800524f   Thumb Code     0  startup_stm32f10x_md.o(.text)
    I2C2_ER_IRQHandler                       0x0800524f   Thumb Code     0  startup_stm32f10x_md.o(.text)
    I2C2_EV_IRQHandler                       0x0800524f   Thumb Code     0  startup_stm32f10x_md.o(.text)
    PVD_IRQHandler                           0x0800524f   Thumb Code     0  startup_stm32f10x_md.o(.text)
    RCC_IRQHandler                           0x0800524f   Thumb Code     0  startup_stm32f10x_md.o(.text)
    RTCAlarm_IRQHandler                      0x0800524f   Thumb Code     0  startup_stm32f10x_md.o(.text)
    RTC_IRQHandler                           0x0800524f   Thumb Code     0  startup_stm32f10x_md.o(.text)
    SPI1_IRQHandler                          0x0800524f   Thumb Code     0  startup_stm32f10x_md.o(.text)
    SPI2_IRQHandler                          0x0800524f   Thumb Code     0  startup_stm32f10x_md.o(.text)
    TAMPER_IRQHandler                        0x0800524f   Thumb Code     0  startup_stm32f10x_md.o(.text)
    TIM1_BRK_IRQHandler                      0x0800524f   Thumb Code     0  startup_stm32f10x_md.o(.text)
    TIM1_CC_IRQHandler                       0x0800524f   Thumb Code     0  startup_stm32f10x_md.o(.text)
    TIM1_TRG_COM_IRQHandler                  0x0800524f   Thumb Code     0  startup_stm32f10x_md.o(.text)
    TIM1_UP_IRQHandler                       0x0800524f   Thumb Code     0  startup_stm32f10x_md.o(.text)
    TIM2_IRQHandler                          0x0800524f   Thumb Code     0  startup_stm32f10x_md.o(.text)
    TIM3_IRQHandler                          0x0800524f   Thumb Code     0  startup_stm32f10x_md.o(.text)
    TIM4_IRQHandler                          0x0800524f   Thumb Code     0  startup_stm32f10x_md.o(.text)
    USART1_IRQHandler                        0x0800524f   Thumb Code     0  startup_stm32f10x_md.o(.text)
    USART2_IRQHandler                        0x0800524f   Thumb Code     0  startup_stm32f10x_md.o(.text)
    USBWakeUp_IRQHandler                     0x0800524f   Thumb Code     0  startup_stm32f10x_md.o(.text)
    USB_HP_CAN1_TX_IRQHandler                0x0800524f   Thumb Code     0  startup_stm32f10x_md.o(.text)
    USB_LP_CAN1_RX0_IRQHandler               0x0800524f   Thumb Code     0  startup_stm32f10x_md.o(.text)
    WWDG_IRQHandler                          0x0800524f   Thumb Code     0  startup_stm32f10x_md.o(.text)
    __user_initial_stackheap                 0x08005251   Thumb Code     0  startup_stm32f10x_md.o(.text)
    vsprintf                                 0x08005275   Thumb Code    32  vsprintf.o(.text)
    __2sprintf                               0x08005299   Thumb Code    38  __2sprintf.o(.text)
    _printf_str                              0x080052c5   Thumb Code    82  _printf_str.o(.text)
    _printf_int_dec                          0x08005319   Thumb Code   104  _printf_dec.o(.text)
    __printf                                 0x08005391   Thumb Code   388  __printf_flags_ss_wp.o(.text)
    __0sscanf                                0x08005519   Thumb Code    52  __0sscanf.o(.text)
    _scanf_int                               0x08005555   Thumb Code   332  _scanf_int.o(.text)
    _scanf_string                            0x080056a1   Thumb Code   224  _scanf_str.o(.text)
    strstr                                   0x08005781   Thumb Code    36  strstr.o(.text)
    memcmp                                   0x080057a5   Thumb Code    88  memcmp.o(.text)
    strlen                                   0x080057fd   Thumb Code    62  strlen.o(.text)
    __aeabi_memcpy                           0x0800583b   Thumb Code     0  rt_memcpy_v6.o(.text)
    __rt_memcpy                              0x0800583b   Thumb Code   138  rt_memcpy_v6.o(.text)
    _memcpy_lastbytes                        0x080058a1   Thumb Code     0  rt_memcpy_v6.o(.text)
    __aeabi_memcpy4                          0x080058c5   Thumb Code     0  rt_memcpy_w.o(.text)
    __aeabi_memcpy8                          0x080058c5   Thumb Code     0  rt_memcpy_w.o(.text)
    __rt_memcpy_w                            0x080058c5   Thumb Code   100  rt_memcpy_w.o(.text)
    _memcpy_lastbytes_aligned                0x0800590d   Thumb Code     0  rt_memcpy_w.o(.text)
    __aeabi_memclr                           0x08005929   Thumb Code     0  rt_memclr.o(.text)
    __rt_memclr                              0x08005929   Thumb Code    68  rt_memclr.o(.text)
    _memset                                  0x0800592d   Thumb Code     0  rt_memclr.o(.text)
    __aeabi_memclr4                          0x0800596d   Thumb Code     0  rt_memclr_w.o(.text)
    __aeabi_memclr8                          0x0800596d   Thumb Code     0  rt_memclr_w.o(.text)
    __rt_memclr_w                            0x0800596d   Thumb Code    78  rt_memclr_w.o(.text)
    _memset_w                                0x08005971   Thumb Code     0  rt_memclr_w.o(.text)
    __use_two_region_memory                  0x080059bb   Thumb Code     2  heapauxi.o(.text)
    __rt_heap_escrow$2region                 0x080059bd   Thumb Code     2  heapauxi.o(.text)
    __rt_heap_expand$2region                 0x080059bf   Thumb Code     2  heapauxi.o(.text)
    _printf_pre_padding                      0x080059c1   Thumb Code    44  _printf_pad.o(.text)
    _printf_post_padding                     0x080059ed   Thumb Code    34  _printf_pad.o(.text)
    _printf_truncate_signed                  0x08005a0f   Thumb Code    18  _printf_truncate.o(.text)
    _printf_truncate_unsigned                0x08005a21   Thumb Code    18  _printf_truncate.o(.text)
    _printf_int_common                       0x08005a33   Thumb Code   178  _printf_intcommon.o(.text)
    _printf_charcount                        0x08005ae5   Thumb Code    40  _printf_charcount.o(.text)
    _printf_char_common                      0x08005b17   Thumb Code    32  _printf_char_common.o(.text)
    _sputc                                   0x08005b3d   Thumb Code    10  _sputc.o(.text)
    _printf_cs_common                        0x08005b47   Thumb Code    20  _printf_char.o(.text)
    _printf_char                             0x08005b5b   Thumb Code    16  _printf_char.o(.text)
    _printf_string                           0x08005b6b   Thumb Code     8  _printf_char.o(.text)
    _printf_wctomb                           0x08005b75   Thumb Code   182  _printf_wctomb.o(.text)
    _printf_longlong_dec                     0x08005c31   Thumb Code   108  _printf_longlong_dec.o(.text)
    _printf_longlong_oct                     0x08005cad   Thumb Code    66  _printf_oct_int_ll.o(.text)
    _printf_int_oct                          0x08005cef   Thumb Code    24  _printf_oct_int_ll.o(.text)
    _printf_ll_oct                           0x08005d07   Thumb Code    12  _printf_oct_int_ll.o(.text)
    _printf_longlong_hex                     0x08005d1d   Thumb Code    86  _printf_hex_int_ll_ptr.o(.text)
    _printf_int_hex                          0x08005d73   Thumb Code    28  _printf_hex_int_ll_ptr.o(.text)
    _printf_ll_hex                           0x08005d8f   Thumb Code    12  _printf_hex_int_ll_ptr.o(.text)
    _printf_hex_ptr                          0x08005d9b   Thumb Code    18  _printf_hex_int_ll_ptr.o(.text)
    _chval                                   0x08005db1   Thumb Code    28  _chval.o(.text)
    __vfscanf_char                           0x08005dd9   Thumb Code    24  scanf_char.o(.text)
    _sgetc                                   0x08005df9   Thumb Code    30  _sgetc.o(.text)
    _sbackspace                              0x08005e17   Thumb Code    34  _sgetc.o(.text)
    _ll_udiv10                               0x08005e39   Thumb Code   138  lludiv10.o(.text)
    isspace                                  0x08005ec3   Thumb Code    18  isspace.o(.text)
    __lib_sel_fp_printf                      0x08005ed5   Thumb Code     2  _printf_fp_dec.o(.text)
    _printf_fp_dec_real                      0x08006087   Thumb Code   620  _printf_fp_dec.o(.text)
    _printf_fp_hex_real                      0x080062f5   Thumb Code   756  _printf_fp_hex.o(.text)
    _printf_lcs_common                       0x080065f1   Thumb Code    20  _printf_wchar.o(.text)
    _printf_wchar                            0x08006605   Thumb Code    16  _printf_wchar.o(.text)
    _printf_wstring                          0x08006615   Thumb Code     8  _printf_wchar.o(.text)
    __vfscanf                                0x0800661d   Thumb Code   878  _scanf.o(.text)
    _wcrtomb                                 0x08006991   Thumb Code    64  _wcrtomb.o(.text)
    __user_setup_stackheap                   0x080069d1   Thumb Code    74  sys_stackheap_outer.o(.text)
    __rt_ctype_table                         0x08006a1d   Thumb Code    16  rt_ctype_table.o(.text)
    __rt_locale                              0x08006a2d   Thumb Code     8  rt_locale_intlibspace.o(.text)
    _printf_fp_infnan                        0x08006a35   Thumb Code   112  _printf_fp_infnan.o(.text)
    _btod_etento                             0x08006ab5   Thumb Code   224  bigflt0.o(.text)
    exit                                     0x08006b99   Thumb Code    18  exit.o(.text)
    __user_libspace                          0x08006bad   Thumb Code     8  libspace.o(.text)
    __user_perproc_libspace                  0x08006bad   Thumb Code     0  libspace.o(.text)
    __user_perthread_libspace                0x08006bad   Thumb Code     0  libspace.o(.text)
    strcmp                                   0x08006bb5   Thumb Code   128  strcmpv7m.o(.text)
    _sys_exit                                0x08006c35   Thumb Code     8  sys_exit.o(.text)
    __I$use$semihosting                      0x08006c41   Thumb Code     0  use_no_semi.o(.text)
    __use_no_semihosting_swi                 0x08006c41   Thumb Code     2  use_no_semi.o(.text)
    __semihosting_library_function           0x08006c43   Thumb Code     0  indicate_semi.o(.text)
    _btod_d2e                                0x08006c43   Thumb Code    62  btod.o(CL$$btod_d2e)
    _d2e_denorm_low                          0x08006c81   Thumb Code    70  btod.o(CL$$btod_d2e_denorm_low)
    _d2e_norm_op1                            0x08006cc7   Thumb Code    96  btod.o(CL$$btod_d2e_norm_op1)
    __btod_div_common                        0x08006d27   Thumb Code   696  btod.o(CL$$btod_div_common)
    _e2e                                     0x0800705f   Thumb Code   220  btod.o(CL$$btod_e2e)
    _btod_ediv                               0x0800713b   Thumb Code    42  btod.o(CL$$btod_ediv)
    _btod_emul                               0x08007165   Thumb Code    42  btod.o(CL$$btod_emul)
    __btod_mult_common                       0x0800718f   Thumb Code   580  btod.o(CL$$btod_mult_common)
    AT24C02_ReadByte                         0x080073d3   Thumb Code    84  at24c02.o(i.AT24C02_ReadByte)
    AT24C02_ReadData                         0x08007427   Thumb Code    36  at24c02.o(i.AT24C02_ReadData)
    AT24C02_ReadOTAInfo                      0x0800744d   Thumb Code    22  at24c02.o(i.AT24C02_ReadOTAInfo)
    AT24C02_WriteOTAInfo                     0x08007469   Thumb Code    36  at24c02.o(i.AT24C02_WriteOTAInfo)
    AT24C02_WritePage                        0x08007491   Thumb Code    86  at24c02.o(i.AT24C02_WritePage)
    BusFault_Handler                         0x080074e7   Thumb Code     4  stm32f10x_it.o(i.BusFault_Handler)
    DMA1_Channel2_IRQHandler                 0x080074ed   Thumb Code    40  stm32f10x_it.o(i.DMA1_Channel2_IRQHandler)
    DMA_ClearITPendingBit                    0x08007535   Thumb Code    18  stm32f10x_dma.o(i.DMA_ClearITPendingBit)
    DMA_Cmd                                  0x08007551   Thumb Code    24  stm32f10x_dma.o(i.DMA_Cmd)
    DMA_DeInit                               0x08007569   Thumb Code   324  stm32f10x_dma.o(i.DMA_DeInit)
    DMA_GetCurrDataCounter                   0x080076b5   Thumb Code     8  stm32f10x_dma.o(i.DMA_GetCurrDataCounter)
    DMA_GetITStatus                          0x080076bd   Thumb Code    36  stm32f10x_dma.o(i.DMA_GetITStatus)
    DMA_ITConfig                             0x080076e9   Thumb Code    18  stm32f10x_dma.o(i.DMA_ITConfig)
    DMA_Init                                 0x080076fb   Thumb Code    60  stm32f10x_dma.o(i.DMA_Init)
    DMA_USART3_RX_Init                       0x08007739   Thumb Code   202  usart.o(i.DMA_USART3_RX_Init)
    DebugMon_Handler                         0x08007815   Thumb Code     2  stm32f10x_it.o(i.DebugMon_Handler)
    EXTI0_IRQHandler                         0x08007819   Thumb Code    46  stm32f10x_it.o(i.EXTI0_IRQHandler)
    EXTI_ClearITPendingBit                   0x0800786d   Thumb Code     6  stm32f10x_exti.o(i.EXTI_ClearITPendingBit)
    EXTI_DeInit                              0x08007879   Thumb Code    28  stm32f10x_exti.o(i.EXTI_DeInit)
    EXTI_GetITStatus                         0x0800789d   Thumb Code    34  stm32f10x_exti.o(i.EXTI_GetITStatus)
    EXTI_Init                                0x080078c5   Thumb Code   142  stm32f10x_exti.o(i.EXTI_Init)
    FS4G_Connect_TCP                         0x08007959   Thumb Code   100  fs4g.o(i.FS4G_Connect_TCP)
    FS4G_Init                                0x08007a1d   Thumb Code   100  fs4g.o(i.FS4G_Init)
    GPIO_EXTILineConfig                      0x08007ab9   Thumb Code    60  stm32f10x_gpio.o(i.GPIO_EXTILineConfig)
    GPIO_Init                                0x08007af9   Thumb Code   278  stm32f10x_gpio.o(i.GPIO_Init)
    GPIO_ReadInputDataBit                    0x08007c0f   Thumb Code    18  stm32f10x_gpio.o(i.GPIO_ReadInputDataBit)
    GPIO_ResetBits                           0x08007c21   Thumb Code     4  stm32f10x_gpio.o(i.GPIO_ResetBits)
    GPIO_SetBits                             0x08007c25   Thumb Code     4  stm32f10x_gpio.o(i.GPIO_SetBits)
    HardFault_Handler                        0x08007c29   Thumb Code     4  stm32f10x_it.o(i.HardFault_Handler)
    IIC_Ack                                  0x08007c2d   Thumb Code    48  iic.o(i.IIC_Ack)
    IIC_Init                                 0x08007c61   Thumb Code    54  iic.o(i.IIC_Init)
    IIC_NAck                                 0x08007c9d   Thumb Code    40  iic.o(i.IIC_NAck)
    IIC_Read_Byte                            0x08007cc9   Thumb Code   102  iic.o(i.IIC_Read_Byte)
    IIC_Send_Byte                            0x08007d35   Thumb Code    88  iic.o(i.IIC_Send_Byte)
    IIC_Start                                0x08007d91   Thumb Code    48  iic.o(i.IIC_Start)
    IIC_Stop                                 0x08007dc5   Thumb Code    48  iic.o(i.IIC_Stop)
    IIC_Wait_Ack                             0x08007df9   Thumb Code    82  iic.o(i.IIC_Wait_Ack)
    MQTT_ConnectPack                         0x08007e51   Thumb Code   438  mqtt.o(i.MQTT_ConnectPack)
    MQTT_DealPublishData                     0x08008029   Thumb Code    58  mqtt.o(i.MQTT_DealPublishData)
    MQTT_PublishDataQs0                      0x08008069   Thumb Code   316  mqtt.o(i.MQTT_PublishDataQs0)
    MQTT_PublishDataQs1                      0x080081a9   Thumb Code   402  mqtt.o(i.MQTT_PublishDataQs1)
    MQTT_SubcribPack                         0x08008341   Thumb Code   358  mqtt.o(i.MQTT_SubcribPack)
    MemManage_Handler                        0x080084ad   Thumb Code     4  stm32f10x_it.o(i.MemManage_Handler)
    NMI_Handler                              0x080084b1   Thumb Code     2  stm32f10x_it.o(i.NMI_Handler)
    NVIC_Init                                0x080084b5   Thumb Code   100  misc.o(i.NVIC_Init)
    NVIC_PriorityGroupConfig                 0x08008525   Thumb Code    10  misc.o(i.NVIC_PriorityGroupConfig)
    OTA_Download                             0x0800855d   Thumb Code    72  fs4g.o(i.OTA_Download)
    OTA_Send_Progress                        0x080085e9   Thumb Code    56  fs4g.o(i.OTA_Send_Progress)
    OTA_Version                              0x0800867d   Thumb Code    34  fs4g.o(i.OTA_Version)
    PendSV_Handler                           0x080086f1   Thumb Code     2  stm32f10x_it.o(i.PendSV_Handler)
    RCC_AHBPeriphClockCmd                    0x080086f5   Thumb Code    26  stm32f10x_rcc.o(i.RCC_AHBPeriphClockCmd)
    RCC_APB1PeriphClockCmd                   0x08008715   Thumb Code    26  stm32f10x_rcc.o(i.RCC_APB1PeriphClockCmd)
    RCC_APB1PeriphResetCmd                   0x08008735   Thumb Code    26  stm32f10x_rcc.o(i.RCC_APB1PeriphResetCmd)
    RCC_APB2PeriphClockCmd                   0x08008755   Thumb Code    26  stm32f10x_rcc.o(i.RCC_APB2PeriphClockCmd)
    RCC_APB2PeriphResetCmd                   0x08008775   Thumb Code    26  stm32f10x_rcc.o(i.RCC_APB2PeriphResetCmd)
    RCC_GetClocksFreq                        0x08008795   Thumb Code   192  stm32f10x_rcc.o(i.RCC_GetClocksFreq)
    SPI1_Init                                0x08008869   Thumb Code   146  spi.o(i.SPI1_Init)
    SPI1_ReadWriteByte                       0x08008905   Thumb Code    50  spi.o(i.SPI1_ReadWriteByte)
    SPI1_Write                               0x0800893d   Thumb Code    26  spi.o(i.SPI1_Write)
    SPI_Cmd                                  0x08008957   Thumb Code    24  stm32f10x_spi.o(i.SPI_Cmd)
    SPI_I2S_DeInit                           0x08008971   Thumb Code    76  stm32f10x_spi.o(i.SPI_I2S_DeInit)
    SPI_I2S_GetFlagStatus                    0x080089c9   Thumb Code    18  stm32f10x_spi.o(i.SPI_I2S_GetFlagStatus)
    SPI_I2S_ReceiveData                      0x080089db   Thumb Code     6  stm32f10x_spi.o(i.SPI_I2S_ReceiveData)
    SPI_I2S_SendData                         0x080089e1   Thumb Code     4  stm32f10x_spi.o(i.SPI_I2S_SendData)
    SPI_Init                                 0x080089e5   Thumb Code    60  stm32f10x_spi.o(i.SPI_Init)
    SVC_Handler                              0x08008a21   Thumb Code     2  stm32f10x_it.o(i.SVC_Handler)
    SysTick_CLKSourceConfig                  0x08008b0d   Thumb Code    40  misc.o(i.SysTick_CLKSourceConfig)
    SysTick_Handler                          0x08008b35   Thumb Code     2  stm32f10x_it.o(i.SysTick_Handler)
    SystemInit                               0x08008b39   Thumb Code    76  system_stm32f10x.o(i.SystemInit)
    U3Rx_Ptr_Init                            0x08008b99   Thumb Code    34  usart.o(i.U3Rx_Ptr_Init)
    U3Tx_Ptr_Init                            0x08008bc5   Thumb Code    40  usart.o(i.U3Tx_Ptr_Init)
    U3_Event_Process                         0x08008bf5   Thumb Code  1444  fs4g.o(i.U3_Event_Process)
    USART1_Init                              0x08009199   Thumb Code    98  usart.o(i.USART1_Init)
    USART3_IRQHandler                        0x08009205   Thumb Code   240  stm32f10x_it.o(i.USART3_IRQHandler)
    USART3_Init                              0x08009305   Thumb Code   192  usart.o(i.USART3_Init)
    USART_Cmd                                0x080093cd   Thumb Code    24  stm32f10x_usart.o(i.USART_Cmd)
    USART_DMACmd                             0x080093e5   Thumb Code    18  stm32f10x_usart.o(i.USART_DMACmd)
    USART_DeInit                             0x080093f9   Thumb Code   134  stm32f10x_usart.o(i.USART_DeInit)
    USART_GetFlagStatus                      0x08009495   Thumb Code    26  stm32f10x_usart.o(i.USART_GetFlagStatus)
    USART_GetITStatus                        0x080094af   Thumb Code    84  stm32f10x_usart.o(i.USART_GetITStatus)
    USART_ITConfig                           0x08009503   Thumb Code    74  stm32f10x_usart.o(i.USART_ITConfig)
    USART_Init                               0x0800954d   Thumb Code   210  stm32f10x_usart.o(i.USART_Init)
    USART_ReceiveData                        0x08009625   Thumb Code    10  stm32f10x_usart.o(i.USART_ReceiveData)
    USART_SendData                           0x0800962f   Thumb Code     8  stm32f10x_usart.o(i.USART_SendData)
    UsageFault_Handler                       0x08009637   Thumb Code     4  stm32f10x_it.o(i.UsageFault_Handler)
    W25Q64_Erase64K                          0x0800963d   Thumb Code    70  w25q64.o(i.W25Q64_Erase64K)
    W25Q64_Init                              0x08009689   Thumb Code    48  w25q64.o(i.W25Q64_Init)
    W25Q64_PageWrite                         0x080096bd   Thumb Code    80  w25q64.o(i.W25Q64_PageWrite)
    W25Q64_WaitBusy                          0x08009711   Thumb Code    44  w25q64.o(i.W25Q64_WaitBusy)
    W25Q64_WriteEnable                       0x08009741   Thumb Code    30  w25q64.o(i.W25Q64_WriteEnable)
    __ARM_fpclassify                         0x08009765   Thumb Code    40  fpclassify.o(i.__ARM_fpclassify)
    _is_digit                                0x0800978d   Thumb Code    14  __printf_wp.o(i._is_digit)
    delay_Init                               0x0800979b   Thumb Code    10  delay.o(i.delay_Init)
    delay_ms                                 0x080097a5   Thumb Code    26  delay.o(i.delay_ms)
    delay_us                                 0x080097bf   Thumb Code    60  delay.o(i.delay_us)
    main                                     0x080097fd   Thumb Code   474  main.o(i.main)
    u1_printf                                0x08009aa1   Thumb Code    84  usart.o(i.u1_printf)
    u3_printf                                0x08009afd   Thumb Code    84  usart.o(i.u3_printf)
    u3_sdata                                 0x08009b59   Thumb Code   134  usart.o(i.u3_sdata)
    _get_lc_numeric                          0x08009be9   Thumb Code    44  lc_numeric_c.o(locale$$code)
    _get_lc_ctype                            0x08009c15   Thumb Code    44  lc_ctype_c.o(locale$$code)
    _printf_fp_dec                           0x08009c41   Thumb Code     4  printf1.o(x$fpl$printf1)
    _printf_fp_hex                           0x08009c45   Thumb Code     4  printf2.o(x$fpl$printf2)
    __I$use$fp                               0x08009c48   Number         0  usenofp.o(x$fpl$usenofp)
    Region$$Table$$Base                      0x08009f64   Number         0  anon$$obj.o(Region$$Table)
    Region$$Table$$Limit                     0x08009f84   Number         0  anon$$obj.o(Region$$Table)
    __ctype                                  0x08009fad   Data           0  lc_ctype_c.o(locale$$data)
    FS4G_Connect_State_Flag                  0x20000000   Data           4  main.o(.data)
    OTA_Info                                 0x20000018   Data          80  main.o(.bss)
    UpdateA                                  0x20000068   Data        1040  main.o(.bss)
    USART1_TX_BUF                            0x20000478   Data        2048  usart.o(.bss)
    U1_CB                                    0x20000c78   Data         192  usart.o(.bss)
    USART3_RX_BUF                            0x20000d38   Data        5120  usart.o(.bss)
    USART3_TX_BUF                            0x20002138   Data        5120  usart.o(.bss)
    U3_CB                                    0x20003538   Data         192  usart.o(.bss)
    Aliyun_mqtt                              0x200035f8   Data        1088  mqtt.o(.bss)
    __libspace_start                         0x20003a38   Data          96  libspace.o(.bss)
    __temporary_stack_top$libspace           0x20003a98   Data           0  libspace.o(.bss)



==============================================================================

Memory Map of the image

  Image Entry point : 0x08005235

  Load Region LR_1 (Base: 0x08005000, Size: 0x000050c8, Max: 0xffffffff, ABSOLUTE)

    Execution Region ER_RO (Exec base: 0x08005000, Load base: 0x08005000, Size: 0x000050b0, Max: 0xffffffff, ABSOLUTE)

    Exec Addr    Load Addr    Size         Type   Attr      Idx    E Section Name        Object

    0x08005000   0x08005000   0x000000ec   Data   RO          240    RESET               startup_stm32f10x_md.o
    0x080050ec   0x080050ec   0x00000008   Code   RO         1695  * !!!main             c_w.l(__main.o)
    0x080050f4   0x080050f4   0x00000034   Code   RO         1997    !!!scatter          c_w.l(__scatter.o)
    0x08005128   0x08005128   0x0000001a   Code   RO         1999    !!handler_copy      c_w.l(__scatter_copy.o)
    0x08005142   0x08005142   0x00000002   PAD
    0x08005144   0x08005144   0x0000001c   Code   RO         2001    !!handler_zi        c_w.l(__scatter_zi.o)
    0x08005160   0x08005160   0x00000000   Code   RO         1672    .ARM.Collect$$_printf_percent$$00000000  c_w.l(_printf_percent.o)
    0x08005160   0x08005160   0x00000006   Code   RO         1745    .ARM.Collect$$_printf_percent$$00000001  c_w.l(_printf_n.o)
    0x08005166   0x08005166   0x00000006   Code   RO         1747    .ARM.Collect$$_printf_percent$$00000002  c_w.l(_printf_p.o)
    0x0800516c   0x0800516c   0x00000006   Code   RO         1751    .ARM.Collect$$_printf_percent$$00000003  c_w.l(_printf_f.o)
    0x08005172   0x08005172   0x00000006   Code   RO         1752    .ARM.Collect$$_printf_percent$$00000004  c_w.l(_printf_e.o)
    0x08005178   0x08005178   0x00000006   Code   RO         1753    .ARM.Collect$$_printf_percent$$00000005  c_w.l(_printf_g.o)
    0x0800517e   0x0800517e   0x00000006   Code   RO         1754    .ARM.Collect$$_printf_percent$$00000006  c_w.l(_printf_a.o)
    0x08005184   0x08005184   0x0000000a   Code   RO         1759    .ARM.Collect$$_printf_percent$$00000007  c_w.l(_printf_ll.o)
    0x0800518e   0x0800518e   0x00000006   Code   RO         1749    .ARM.Collect$$_printf_percent$$00000008  c_w.l(_printf_i.o)
    0x08005194   0x08005194   0x00000006   Code   RO         1671    .ARM.Collect$$_printf_percent$$00000009  c_w.l(_printf_d.o)
    0x0800519a   0x0800519a   0x00000006   Code   RO         1750    .ARM.Collect$$_printf_percent$$0000000A  c_w.l(_printf_u.o)
    0x080051a0   0x080051a0   0x00000006   Code   RO         1748    .ARM.Collect$$_printf_percent$$0000000B  c_w.l(_printf_o.o)
    0x080051a6   0x080051a6   0x00000006   Code   RO         1746    .ARM.Collect$$_printf_percent$$0000000C  c_w.l(_printf_x.o)
    0x080051ac   0x080051ac   0x00000006   Code   RO         1756    .ARM.Collect$$_printf_percent$$0000000D  c_w.l(_printf_lli.o)
    0x080051b2   0x080051b2   0x00000006   Code   RO         1757    .ARM.Collect$$_printf_percent$$0000000E  c_w.l(_printf_lld.o)
    0x080051b8   0x080051b8   0x00000006   Code   RO         1758    .ARM.Collect$$_printf_percent$$0000000F  c_w.l(_printf_llu.o)
    0x080051be   0x080051be   0x00000006   Code   RO         1763    .ARM.Collect$$_printf_percent$$00000010  c_w.l(_printf_llo.o)
    0x080051c4   0x080051c4   0x00000006   Code   RO         1764    .ARM.Collect$$_printf_percent$$00000011  c_w.l(_printf_llx.o)
    0x080051ca   0x080051ca   0x0000000a   Code   RO         1760    .ARM.Collect$$_printf_percent$$00000012  c_w.l(_printf_l.o)
    0x080051d4   0x080051d4   0x00000006   Code   RO         1744    .ARM.Collect$$_printf_percent$$00000013  c_w.l(_printf_c.o)
    0x080051da   0x080051da   0x00000006   Code   RO         1670    .ARM.Collect$$_printf_percent$$00000014  c_w.l(_printf_s.o)
    0x080051e0   0x080051e0   0x00000006   Code   RO         1761    .ARM.Collect$$_printf_percent$$00000015  c_w.l(_printf_lc.o)
    0x080051e6   0x080051e6   0x00000006   Code   RO         1762    .ARM.Collect$$_printf_percent$$00000016  c_w.l(_printf_ls.o)
    0x080051ec   0x080051ec   0x00000004   Code   RO         1755    .ARM.Collect$$_printf_percent$$00000017  c_w.l(_printf_percent_end.o)
    0x080051f0   0x080051f0   0x00000002   Code   RO         1857    .ARM.Collect$$libinit$$00000000  c_w.l(libinit.o)
    0x080051f2   0x080051f2   0x00000000   Code   RO         1874    .ARM.Collect$$libinit$$00000002  c_w.l(libinit2.o)
    0x080051f2   0x080051f2   0x00000000   Code   RO         1876    .ARM.Collect$$libinit$$00000004  c_w.l(libinit2.o)
    0x080051f2   0x080051f2   0x00000000   Code   RO         1879    .ARM.Collect$$libinit$$0000000A  c_w.l(libinit2.o)
    0x080051f2   0x080051f2   0x00000000   Code   RO         1881    .ARM.Collect$$libinit$$0000000C  c_w.l(libinit2.o)
    0x080051f2   0x080051f2   0x00000000   Code   RO         1883    .ARM.Collect$$libinit$$0000000E  c_w.l(libinit2.o)
    0x080051f2   0x080051f2   0x00000006   Code   RO         1884    .ARM.Collect$$libinit$$0000000F  c_w.l(libinit2.o)
    0x080051f8   0x080051f8   0x00000000   Code   RO         1886    .ARM.Collect$$libinit$$00000011  c_w.l(libinit2.o)
    0x080051f8   0x080051f8   0x0000000c   Code   RO         1887    .ARM.Collect$$libinit$$00000012  c_w.l(libinit2.o)
    0x08005204   0x08005204   0x00000000   Code   RO         1888    .ARM.Collect$$libinit$$00000013  c_w.l(libinit2.o)
    0x08005204   0x08005204   0x00000000   Code   RO         1890    .ARM.Collect$$libinit$$00000015  c_w.l(libinit2.o)
    0x08005204   0x08005204   0x0000000a   Code   RO         1891    .ARM.Collect$$libinit$$00000016  c_w.l(libinit2.o)
    0x0800520e   0x0800520e   0x00000000   Code   RO         1892    .ARM.Collect$$libinit$$00000017  c_w.l(libinit2.o)
    0x0800520e   0x0800520e   0x00000000   Code   RO         1894    .ARM.Collect$$libinit$$00000019  c_w.l(libinit2.o)
    0x0800520e   0x0800520e   0x00000000   Code   RO         1896    .ARM.Collect$$libinit$$0000001B  c_w.l(libinit2.o)
    0x0800520e   0x0800520e   0x00000000   Code   RO         1898    .ARM.Collect$$libinit$$0000001D  c_w.l(libinit2.o)
    0x0800520e   0x0800520e   0x00000000   Code   RO         1900    .ARM.Collect$$libinit$$0000001F  c_w.l(libinit2.o)
    0x0800520e   0x0800520e   0x00000000   Code   RO         1902    .ARM.Collect$$libinit$$00000021  c_w.l(libinit2.o)
    0x0800520e   0x0800520e   0x00000000   Code   RO         1904    .ARM.Collect$$libinit$$00000023  c_w.l(libinit2.o)
    0x0800520e   0x0800520e   0x00000000   Code   RO         1906    .ARM.Collect$$libinit$$00000025  c_w.l(libinit2.o)
    0x0800520e   0x0800520e   0x00000000   Code   RO         1910    .ARM.Collect$$libinit$$0000002C  c_w.l(libinit2.o)
    0x0800520e   0x0800520e   0x00000000   Code   RO         1912    .ARM.Collect$$libinit$$0000002E  c_w.l(libinit2.o)
    0x0800520e   0x0800520e   0x00000000   Code   RO         1914    .ARM.Collect$$libinit$$00000030  c_w.l(libinit2.o)
    0x0800520e   0x0800520e   0x00000000   Code   RO         1916    .ARM.Collect$$libinit$$00000032  c_w.l(libinit2.o)
    0x0800520e   0x0800520e   0x00000002   Code   RO         1917    .ARM.Collect$$libinit$$00000033  c_w.l(libinit2.o)
    0x08005210   0x08005210   0x00000002   Code   RO         1937    .ARM.Collect$$libshutdown$$00000000  c_w.l(libshutdown.o)
    0x08005212   0x08005212   0x00000000   Code   RO         1950    .ARM.Collect$$libshutdown$$00000002  c_w.l(libshutdown2.o)
    0x08005212   0x08005212   0x00000000   Code   RO         1952    .ARM.Collect$$libshutdown$$00000004  c_w.l(libshutdown2.o)
    0x08005212   0x08005212   0x00000000   Code   RO         1955    .ARM.Collect$$libshutdown$$00000007  c_w.l(libshutdown2.o)
    0x08005212   0x08005212   0x00000000   Code   RO         1958    .ARM.Collect$$libshutdown$$0000000A  c_w.l(libshutdown2.o)
    0x08005212   0x08005212   0x00000000   Code   RO         1960    .ARM.Collect$$libshutdown$$0000000C  c_w.l(libshutdown2.o)
    0x08005212   0x08005212   0x00000000   Code   RO         1963    .ARM.Collect$$libshutdown$$0000000F  c_w.l(libshutdown2.o)
    0x08005212   0x08005212   0x00000002   Code   RO         1964    .ARM.Collect$$libshutdown$$00000010  c_w.l(libshutdown2.o)
    0x08005214   0x08005214   0x00000000   Code   RO         1697    .ARM.Collect$$rtentry$$00000000  c_w.l(__rtentry.o)
    0x08005214   0x08005214   0x00000000   Code   RO         1780    .ARM.Collect$$rtentry$$00000002  c_w.l(__rtentry2.o)
    0x08005214   0x08005214   0x00000006   Code   RO         1792    .ARM.Collect$$rtentry$$00000004  c_w.l(__rtentry4.o)
    0x0800521a   0x0800521a   0x00000000   Code   RO         1782    .ARM.Collect$$rtentry$$00000009  c_w.l(__rtentry2.o)
    0x0800521a   0x0800521a   0x00000004   Code   RO         1783    .ARM.Collect$$rtentry$$0000000A  c_w.l(__rtentry2.o)
    0x0800521e   0x0800521e   0x00000000   Code   RO         1785    .ARM.Collect$$rtentry$$0000000C  c_w.l(__rtentry2.o)
    0x0800521e   0x0800521e   0x00000008   Code   RO         1786    .ARM.Collect$$rtentry$$0000000D  c_w.l(__rtentry2.o)
    0x08005226   0x08005226   0x00000002   Code   RO         1866    .ARM.Collect$$rtexit$$00000000  c_w.l(rtexit.o)
    0x08005228   0x08005228   0x00000000   Code   RO         1919    .ARM.Collect$$rtexit$$00000002  c_w.l(rtexit2.o)
    0x08005228   0x08005228   0x00000004   Code   RO         1920    .ARM.Collect$$rtexit$$00000003  c_w.l(rtexit2.o)
    0x0800522c   0x0800522c   0x00000006   Code   RO         1921    .ARM.Collect$$rtexit$$00000004  c_w.l(rtexit2.o)
    0x08005232   0x08005232   0x00000002   PAD
    0x08005234   0x08005234   0x00000040   Code   RO          241  * .text               startup_stm32f10x_md.o
    0x08005274   0x08005274   0x00000024   Code   RO         1638    .text               c_w.l(vsprintf.o)
    0x08005298   0x08005298   0x0000002c   Code   RO         1640    .text               c_w.l(__2sprintf.o)
    0x080052c4   0x080052c4   0x00000052   Code   RO         1646    .text               c_w.l(_printf_str.o)
    0x08005316   0x08005316   0x00000002   PAD
    0x08005318   0x08005318   0x00000078   Code   RO         1648    .text               c_w.l(_printf_dec.o)
    0x08005390   0x08005390   0x00000188   Code   RO         1667    .text               c_w.l(__printf_flags_ss_wp.o)
    0x08005518   0x08005518   0x0000003c   Code   RO         1673    .text               c_w.l(__0sscanf.o)
    0x08005554   0x08005554   0x0000014c   Code   RO         1675    .text               c_w.l(_scanf_int.o)
    0x080056a0   0x080056a0   0x000000e0   Code   RO         1677    .text               c_w.l(_scanf_str.o)
    0x08005780   0x08005780   0x00000024   Code   RO         1679    .text               c_w.l(strstr.o)
    0x080057a4   0x080057a4   0x00000058   Code   RO         1681    .text               c_w.l(memcmp.o)
    0x080057fc   0x080057fc   0x0000003e   Code   RO         1683    .text               c_w.l(strlen.o)
    0x0800583a   0x0800583a   0x0000008a   Code   RO         1685    .text               c_w.l(rt_memcpy_v6.o)
    0x080058c4   0x080058c4   0x00000064   Code   RO         1687    .text               c_w.l(rt_memcpy_w.o)
    0x08005928   0x08005928   0x00000044   Code   RO         1689    .text               c_w.l(rt_memclr.o)
    0x0800596c   0x0800596c   0x0000004e   Code   RO         1691    .text               c_w.l(rt_memclr_w.o)
    0x080059ba   0x080059ba   0x00000006   Code   RO         1693    .text               c_w.l(heapauxi.o)
    0x080059c0   0x080059c0   0x0000004e   Code   RO         1698    .text               c_w.l(_printf_pad.o)
    0x08005a0e   0x08005a0e   0x00000024   Code   RO         1700    .text               c_w.l(_printf_truncate.o)
    0x08005a32   0x08005a32   0x000000b2   Code   RO         1702    .text               c_w.l(_printf_intcommon.o)
    0x08005ae4   0x08005ae4   0x00000028   Code   RO         1704    .text               c_w.l(_printf_charcount.o)
    0x08005b0c   0x08005b0c   0x00000030   Code   RO         1706    .text               c_w.l(_printf_char_common.o)
    0x08005b3c   0x08005b3c   0x0000000a   Code   RO         1708    .text               c_w.l(_sputc.o)
    0x08005b46   0x08005b46   0x0000002c   Code   RO         1710    .text               c_w.l(_printf_char.o)
    0x08005b72   0x08005b72   0x00000002   PAD
    0x08005b74   0x08005b74   0x000000bc   Code   RO         1712    .text               c_w.l(_printf_wctomb.o)
    0x08005c30   0x08005c30   0x0000007c   Code   RO         1715    .text               c_w.l(_printf_longlong_dec.o)
    0x08005cac   0x08005cac   0x00000070   Code   RO         1721    .text               c_w.l(_printf_oct_int_ll.o)
    0x08005d1c   0x08005d1c   0x00000094   Code   RO         1741    .text               c_w.l(_printf_hex_int_ll_ptr.o)
    0x08005db0   0x08005db0   0x0000001c   Code   RO         1765    .text               c_w.l(_chval.o)
    0x08005dcc   0x08005dcc   0x0000002c   Code   RO         1767    .text               c_w.l(scanf_char.o)
    0x08005df8   0x08005df8   0x00000040   Code   RO         1769    .text               c_w.l(_sgetc.o)
    0x08005e38   0x08005e38   0x0000008a   Code   RO         1794    .text               c_w.l(lludiv10.o)
    0x08005ec2   0x08005ec2   0x00000012   Code   RO         1796    .text               c_w.l(isspace.o)
    0x08005ed4   0x08005ed4   0x0000041e   Code   RO         1798    .text               c_w.l(_printf_fp_dec.o)
    0x080062f2   0x080062f2   0x00000002   PAD
    0x080062f4   0x080062f4   0x000002fc   Code   RO         1800    .text               c_w.l(_printf_fp_hex.o)
    0x080065f0   0x080065f0   0x0000002c   Code   RO         1805    .text               c_w.l(_printf_wchar.o)
    0x0800661c   0x0800661c   0x00000374   Code   RO         1807    .text               c_w.l(_scanf.o)
    0x08006990   0x08006990   0x00000040   Code   RO         1809    .text               c_w.l(_wcrtomb.o)
    0x080069d0   0x080069d0   0x0000004a   Code   RO         1811    .text               c_w.l(sys_stackheap_outer.o)
    0x08006a1a   0x08006a1a   0x00000002   PAD
    0x08006a1c   0x08006a1c   0x00000010   Code   RO         1813    .text               c_w.l(rt_ctype_table.o)
    0x08006a2c   0x08006a2c   0x00000008   Code   RO         1818    .text               c_w.l(rt_locale_intlibspace.o)
    0x08006a34   0x08006a34   0x00000080   Code   RO         1820    .text               c_w.l(_printf_fp_infnan.o)
    0x08006ab4   0x08006ab4   0x000000e4   Code   RO         1822    .text               c_w.l(bigflt0.o)
    0x08006b98   0x08006b98   0x00000012   Code   RO         1850    .text               c_w.l(exit.o)
    0x08006baa   0x08006baa   0x00000002   PAD
    0x08006bac   0x08006bac   0x00000008   Code   RO         1863    .text               c_w.l(libspace.o)
    0x08006bb4   0x08006bb4   0x00000080   Code   RO         1871    .text               c_w.l(strcmpv7m.o)
    0x08006c34   0x08006c34   0x0000000c   Code   RO         1929    .text               c_w.l(sys_exit.o)
    0x08006c40   0x08006c40   0x00000002   Code   RO         1940    .text               c_w.l(use_no_semi.o)
    0x08006c42   0x08006c42   0x00000000   Code   RO         1942    .text               c_w.l(indicate_semi.o)
    0x08006c42   0x08006c42   0x0000003e   Code   RO         1825    CL$$btod_d2e        c_w.l(btod.o)
    0x08006c80   0x08006c80   0x00000046   Code   RO         1827    CL$$btod_d2e_denorm_low  c_w.l(btod.o)
    0x08006cc6   0x08006cc6   0x00000060   Code   RO         1826    CL$$btod_d2e_norm_op1  c_w.l(btod.o)
    0x08006d26   0x08006d26   0x00000338   Code   RO         1835    CL$$btod_div_common  c_w.l(btod.o)
    0x0800705e   0x0800705e   0x000000dc   Code   RO         1832    CL$$btod_e2e        c_w.l(btod.o)
    0x0800713a   0x0800713a   0x0000002a   Code   RO         1829    CL$$btod_ediv       c_w.l(btod.o)
    0x08007164   0x08007164   0x0000002a   Code   RO         1828    CL$$btod_emul       c_w.l(btod.o)
    0x0800718e   0x0800718e   0x00000244   Code   RO         1834    CL$$btod_mult_common  c_w.l(btod.o)
    0x080073d2   0x080073d2   0x00000054   Code   RO         1386    i.AT24C02_ReadByte  at24c02.o
    0x08007426   0x08007426   0x00000024   Code   RO         1387    i.AT24C02_ReadData  at24c02.o
    0x0800744a   0x0800744a   0x00000002   PAD
    0x0800744c   0x0800744c   0x0000001c   Code   RO         1388    i.AT24C02_ReadOTAInfo  at24c02.o
    0x08007468   0x08007468   0x00000028   Code   RO         1390    i.AT24C02_WriteOTAInfo  at24c02.o
    0x08007490   0x08007490   0x00000056   Code   RO         1391    i.AT24C02_WritePage  at24c02.o
    0x080074e6   0x080074e6   0x00000004   Code   RO          108    i.BusFault_Handler  stm32f10x_it.o
    0x080074ea   0x080074ea   0x00000002   PAD
    0x080074ec   0x080074ec   0x00000048   Code   RO          109    i.DMA1_Channel2_IRQHandler  stm32f10x_it.o
    0x08007534   0x08007534   0x0000001c   Code   RO          796    i.DMA_ClearITPendingBit  stm32f10x_dma.o
    0x08007550   0x08007550   0x00000018   Code   RO          797    i.DMA_Cmd           stm32f10x_dma.o
    0x08007568   0x08007568   0x0000014c   Code   RO          798    i.DMA_DeInit        stm32f10x_dma.o
    0x080076b4   0x080076b4   0x00000008   Code   RO          799    i.DMA_GetCurrDataCounter  stm32f10x_dma.o
    0x080076bc   0x080076bc   0x0000002c   Code   RO          801    i.DMA_GetITStatus   stm32f10x_dma.o
    0x080076e8   0x080076e8   0x00000012   Code   RO          802    i.DMA_ITConfig      stm32f10x_dma.o
    0x080076fa   0x080076fa   0x0000003c   Code   RO          803    i.DMA_Init          stm32f10x_dma.o
    0x08007736   0x08007736   0x00000002   PAD
    0x08007738   0x08007738   0x000000dc   Code   RO         1239    i.DMA_USART3_RX_Init  usart.o
    0x08007814   0x08007814   0x00000002   Code   RO          110    i.DebugMon_Handler  stm32f10x_it.o
    0x08007816   0x08007816   0x00000002   PAD
    0x08007818   0x08007818   0x00000054   Code   RO          111    i.EXTI0_IRQHandler  stm32f10x_it.o
    0x0800786c   0x0800786c   0x0000000c   Code   RO         1186    i.EXTI_ClearITPendingBit  stm32f10x_exti.o
    0x08007878   0x08007878   0x00000024   Code   RO         1187    i.EXTI_DeInit       stm32f10x_exti.o
    0x0800789c   0x0800789c   0x00000028   Code   RO         1190    i.EXTI_GetITStatus  stm32f10x_exti.o
    0x080078c4   0x080078c4   0x00000094   Code   RO         1191    i.EXTI_Init         stm32f10x_exti.o
    0x08007958   0x08007958   0x000000c4   Code   RO         1534    i.FS4G_Connect_TCP  fs4g.o
    0x08007a1c   0x08007a1c   0x0000009c   Code   RO         1535    i.FS4G_Init         fs4g.o
    0x08007ab8   0x08007ab8   0x00000040   Code   RO          684    i.GPIO_EXTILineConfig  stm32f10x_gpio.o
    0x08007af8   0x08007af8   0x00000116   Code   RO          687    i.GPIO_Init         stm32f10x_gpio.o
    0x08007c0e   0x08007c0e   0x00000012   Code   RO          691    i.GPIO_ReadInputDataBit  stm32f10x_gpio.o
    0x08007c20   0x08007c20   0x00000004   Code   RO          694    i.GPIO_ResetBits    stm32f10x_gpio.o
    0x08007c24   0x08007c24   0x00000004   Code   RO          695    i.GPIO_SetBits      stm32f10x_gpio.o
    0x08007c28   0x08007c28   0x00000004   Code   RO          112    i.HardFault_Handler  stm32f10x_it.o
    0x08007c2c   0x08007c2c   0x00000034   Code   RO         1331    i.IIC_Ack           iic.o
    0x08007c60   0x08007c60   0x0000003c   Code   RO         1332    i.IIC_Init          iic.o
    0x08007c9c   0x08007c9c   0x0000002c   Code   RO         1333    i.IIC_NAck          iic.o
    0x08007cc8   0x08007cc8   0x0000006c   Code   RO         1334    i.IIC_Read_Byte     iic.o
    0x08007d34   0x08007d34   0x0000005c   Code   RO         1335    i.IIC_Send_Byte     iic.o
    0x08007d90   0x08007d90   0x00000034   Code   RO         1336    i.IIC_Start         iic.o
    0x08007dc4   0x08007dc4   0x00000034   Code   RO         1337    i.IIC_Stop          iic.o
    0x08007df8   0x08007df8   0x00000058   Code   RO         1338    i.IIC_Wait_Ack      iic.o
    0x08007e50   0x08007e50   0x000001d8   Code   RO         1586    i.MQTT_ConnectPack  mqtt.o
    0x08008028   0x08008028   0x00000040   Code   RO         1587    i.MQTT_DealPublishData  mqtt.o
    0x08008068   0x08008068   0x00000140   Code   RO         1588    i.MQTT_PublishDataQs0  mqtt.o
    0x080081a8   0x080081a8   0x00000198   Code   RO         1589    i.MQTT_PublishDataQs1  mqtt.o
    0x08008340   0x08008340   0x0000016c   Code   RO         1590    i.MQTT_SubcribPack  mqtt.o
    0x080084ac   0x080084ac   0x00000004   Code   RO          113    i.MemManage_Handler  stm32f10x_it.o
    0x080084b0   0x080084b0   0x00000002   Code   RO          114    i.NMI_Handler       stm32f10x_it.o
    0x080084b2   0x080084b2   0x00000002   PAD
    0x080084b4   0x080084b4   0x00000070   Code   RO          245    i.NVIC_Init         misc.o
    0x08008524   0x08008524   0x00000014   Code   RO          246    i.NVIC_PriorityGroupConfig  misc.o
    0x08008538   0x08008538   0x00000024   Code   RO         1536    i.NVIC_SystemReset  fs4g.o
    0x0800855c   0x0800855c   0x0000008c   Code   RO         1537    i.OTA_Download      fs4g.o
    0x080085e8   0x080085e8   0x00000094   Code   RO         1538    i.OTA_Send_Progress  fs4g.o
    0x0800867c   0x0800867c   0x00000074   Code   RO         1539    i.OTA_Version       fs4g.o
    0x080086f0   0x080086f0   0x00000002   Code   RO          115    i.PendSV_Handler    stm32f10x_it.o
    0x080086f2   0x080086f2   0x00000002   PAD
    0x080086f4   0x080086f4   0x00000020   Code   RO          302    i.RCC_AHBPeriphClockCmd  stm32f10x_rcc.o
    0x08008714   0x08008714   0x00000020   Code   RO          303    i.RCC_APB1PeriphClockCmd  stm32f10x_rcc.o
    0x08008734   0x08008734   0x00000020   Code   RO          304    i.RCC_APB1PeriphResetCmd  stm32f10x_rcc.o
    0x08008754   0x08008754   0x00000020   Code   RO          305    i.RCC_APB2PeriphClockCmd  stm32f10x_rcc.o
    0x08008774   0x08008774   0x00000020   Code   RO          306    i.RCC_APB2PeriphResetCmd  stm32f10x_rcc.o
    0x08008794   0x08008794   0x000000d4   Code   RO          313    i.RCC_GetClocksFreq  stm32f10x_rcc.o
    0x08008868   0x08008868   0x0000009c   Code   RO         1441    i.SPI1_Init         spi.o
    0x08008904   0x08008904   0x00000038   Code   RO         1443    i.SPI1_ReadWriteByte  spi.o
    0x0800893c   0x0800893c   0x0000001a   Code   RO         1444    i.SPI1_Write        spi.o
    0x08008956   0x08008956   0x00000018   Code   RO          872    i.SPI_Cmd           stm32f10x_spi.o
    0x0800896e   0x0800896e   0x00000002   PAD
    0x08008970   0x08008970   0x00000058   Code   RO          879    i.SPI_I2S_DeInit    stm32f10x_spi.o
    0x080089c8   0x080089c8   0x00000012   Code   RO          880    i.SPI_I2S_GetFlagStatus  stm32f10x_spi.o
    0x080089da   0x080089da   0x00000006   Code   RO          883    i.SPI_I2S_ReceiveData  stm32f10x_spi.o
    0x080089e0   0x080089e0   0x00000004   Code   RO          884    i.SPI_I2S_SendData  stm32f10x_spi.o
    0x080089e4   0x080089e4   0x0000003c   Code   RO          885    i.SPI_Init          stm32f10x_spi.o
    0x08008a20   0x08008a20   0x00000002   Code   RO          116    i.SVC_Handler       stm32f10x_it.o
    0x08008a22   0x08008a22   0x00000008   Code   RO          193    i.SetSysClock       system_stm32f10x.o
    0x08008a2a   0x08008a2a   0x00000002   PAD
    0x08008a2c   0x08008a2c   0x000000e0   Code   RO          194    i.SetSysClockTo72   system_stm32f10x.o
    0x08008b0c   0x08008b0c   0x00000028   Code   RO          249    i.SysTick_CLKSourceConfig  misc.o
    0x08008b34   0x08008b34   0x00000002   Code   RO          117    i.SysTick_Handler   stm32f10x_it.o
    0x08008b36   0x08008b36   0x00000002   PAD
    0x08008b38   0x08008b38   0x00000060   Code   RO          196    i.SystemInit        system_stm32f10x.o
    0x08008b98   0x08008b98   0x0000002c   Code   RO         1240    i.U3Rx_Ptr_Init     usart.o
    0x08008bc4   0x08008bc4   0x00000030   Code   RO         1241    i.U3Tx_Ptr_Init     usart.o
    0x08008bf4   0x08008bf4   0x000005a4   Code   RO         1540    i.U3_Event_Process  fs4g.o
    0x08009198   0x08009198   0x0000006c   Code   RO         1242    i.USART1_Init       usart.o
    0x08009204   0x08009204   0x00000100   Code   RO          118    i.USART3_IRQHandler  stm32f10x_it.o
    0x08009304   0x08009304   0x000000c8   Code   RO         1243    i.USART3_Init       usart.o
    0x080093cc   0x080093cc   0x00000018   Code   RO          505    i.USART_Cmd         stm32f10x_usart.o
    0x080093e4   0x080093e4   0x00000012   Code   RO          506    i.USART_DMACmd      stm32f10x_usart.o
    0x080093f6   0x080093f6   0x00000002   PAD
    0x080093f8   0x080093f8   0x0000009c   Code   RO          507    i.USART_DeInit      stm32f10x_usart.o
    0x08009494   0x08009494   0x0000001a   Code   RO          508    i.USART_GetFlagStatus  stm32f10x_usart.o
    0x080094ae   0x080094ae   0x00000054   Code   RO          509    i.USART_GetITStatus  stm32f10x_usart.o
    0x08009502   0x08009502   0x0000004a   Code   RO          511    i.USART_ITConfig    stm32f10x_usart.o
    0x0800954c   0x0800954c   0x000000d8   Code   RO          512    i.USART_Init        stm32f10x_usart.o
    0x08009624   0x08009624   0x0000000a   Code   RO          519    i.USART_ReceiveData  stm32f10x_usart.o
    0x0800962e   0x0800962e   0x00000008   Code   RO          522    i.USART_SendData    stm32f10x_usart.o
    0x08009636   0x08009636   0x00000004   Code   RO          119    i.UsageFault_Handler  stm32f10x_it.o
    0x0800963a   0x0800963a   0x00000002   PAD
    0x0800963c   0x0800963c   0x0000004c   Code   RO         1474    i.W25Q64_Erase64K   w25q64.o
    0x08009688   0x08009688   0x00000034   Code   RO         1475    i.W25Q64_Init       w25q64.o
    0x080096bc   0x080096bc   0x00000054   Code   RO         1476    i.W25Q64_PageWrite  w25q64.o
    0x08009710   0x08009710   0x00000030   Code   RO         1478    i.W25Q64_WaitBusy   w25q64.o
    0x08009740   0x08009740   0x00000024   Code   RO         1479    i.W25Q64_WriteEnable  w25q64.o
    0x08009764   0x08009764   0x00000028   Code   RO         1861    i.__ARM_fpclassify  m_ws.l(fpclassify.o)
    0x0800978c   0x0800978c   0x0000000e   Code   RO         1660    i._is_digit         c_w.l(__printf_wp.o)
    0x0800979a   0x0800979a   0x0000000a   Code   RO         1307    i.delay_Init        delay.o
    0x080097a4   0x080097a4   0x0000001a   Code   RO         1308    i.delay_ms          delay.o
    0x080097be   0x080097be   0x0000003c   Code   RO         1309    i.delay_us          delay.o
    0x080097fa   0x080097fa   0x00000002   PAD
    0x080097fc   0x080097fc   0x000002a4   Code   RO            1    i.main              main.o
    0x08009aa0   0x08009aa0   0x0000005c   Code   RO         1244    i.u1_printf         usart.o
    0x08009afc   0x08009afc   0x0000005c   Code   RO         1245    i.u3_printf         usart.o
    0x08009b58   0x08009b58   0x00000090   Code   RO         1246    i.u3_sdata          usart.o
    0x08009be8   0x08009be8   0x0000002c   Code   RO         1848    locale$$code        c_w.l(lc_numeric_c.o)
    0x08009c14   0x08009c14   0x0000002c   Code   RO         1869    locale$$code        c_w.l(lc_ctype_c.o)
    0x08009c40   0x08009c40   0x00000004   Code   RO         1771    x$fpl$printf1       fz_ws.l(printf1.o)
    0x08009c44   0x08009c44   0x00000004   Code   RO         1773    x$fpl$printf2       fz_ws.l(printf2.o)
    0x08009c48   0x08009c48   0x00000000   Code   RO         1860    x$fpl$usenofp       fz_ws.l(usenofp.o)
    0x08009c48   0x08009c48   0x00000011   Data   RO         1668    .constdata          c_w.l(__printf_flags_ss_wp.o)
    0x08009c59   0x08009c59   0x00000003   PAD
    0x08009c5c   0x08009c5c   0x00000008   Data   RO         1713    .constdata          c_w.l(_printf_wctomb.o)
    0x08009c64   0x08009c64   0x00000028   Data   RO         1742    .constdata          c_w.l(_printf_hex_int_ll_ptr.o)
    0x08009c8c   0x08009c8c   0x00000026   Data   RO         1801    .constdata          c_w.l(_printf_fp_hex.o)
    0x08009cb2   0x08009cb2   0x00000002   PAD
    0x08009cb4   0x08009cb4   0x00000094   Data   RO         1823    .constdata          c_w.l(bigflt0.o)
    0x08009d48   0x08009d48   0x00000186   Data   RO         1541    .conststring        fs4g.o
    0x08009ece   0x08009ece   0x00000002   PAD
    0x08009ed0   0x08009ed0   0x00000091   Data   RO         1592    .conststring        mqtt.o
    0x08009f61   0x08009f61   0x00000003   PAD
    0x08009f64   0x08009f64   0x00000020   Data   RO         1995    Region$$Table       anon$$obj.o
    0x08009f84   0x08009f84   0x0000001c   Data   RO         1847    locale$$data        c_w.l(lc_numeric_c.o)
    0x08009fa0   0x08009fa0   0x00000110   Data   RO         1868    locale$$data        c_w.l(lc_ctype_c.o)


    Execution Region ER_RW (Exec base: 0x20000000, Load base: 0x0800a0b0, Size: 0x00000018, Max: 0xffffffff, ABSOLUTE)

    Exec Addr    Load Addr    Size         Type   Attr      Idx    E Section Name        Object

    0x20000000   0x0800a0b0   0x00000004   Data   RW            3    .data               main.o
    0x20000004   0x0800a0b4   0x00000014   Data   RW          333    .data               stm32f10x_rcc.o


    Execution Region ER_ZI (Exec base: 0x20000018, Load base: 0x0800a0c8, Size: 0x00004080, Max: 0xffffffff, ABSOLUTE)

    Exec Addr    Load Addr    Size         Type   Attr      Idx    E Section Name        Object

    0x20000018        -       0x00000460   Zero   RW            2    .bss                main.o
    0x20000478        -       0x00003180   Zero   RW         1247    .bss                usart.o
    0x200035f8        -       0x00000440   Zero   RW         1591    .bss                mqtt.o
    0x20003a38        -       0x00000060   Zero   RW         1864    .bss                c_w.l(libspace.o)
    0x20003a98        -       0x00000200   Zero   RW          239    HEAP                startup_stm32f10x_md.o
    0x20003c98        -       0x00000400   Zero   RW          238    STACK               startup_stm32f10x_md.o


==============================================================================

Image component sizes


      Code (inc. data)   RO Data    RW Data    ZI Data      Debug   Object Name

       274         10          0          0          0       3591   at24c02.o
         0          0          0          0          0         32   core_cm3.o
        96          0          0          0          0       1439   delay.o
      2236       1056        390          0          0      19794   fs4g.o
       548         38          0          0          0       4190   iic.o
       676        202          0          4       1120     248170   main.o
       172         22          0          0          0     207653   misc.o
      1628         56        145          0       1088       4603   mqtt.o
       238         16          0          0          0       2030   spi.o
        64         26        236          0       1536        800   startup_stm32f10x_md.o
       514         26          0          0          0       5744   stm32f10x_dma.o
       236         26          0          0          0       2610   stm32f10x_exti.o
       368          4          0          0          0       4306   stm32f10x_gpio.o
       438         86          0          0          0       5332   stm32f10x_it.o
       372         50          0         20          0       6192   stm32f10x_rcc.o
       200         12          0          0          0       4447   stm32f10x_spi.o
       616         28          0          0          0       7423   stm32f10x_usart.o
       328         30          0          0          0       1825   system_stm32f10x.o
       948         80          0          0      12672       6972   usart.o
       296         24          0          0          0       3030   w25q64.o

    ----------------------------------------------------------------------
     10272       1792        808         24      16416     540183   Object Totals
         0          0         32          0          0          0   (incl. Generated)
        24          0          5          0          0          0   (incl. Padding)

    ----------------------------------------------------------------------

      Code (inc. data)   RO Data    RW Data    ZI Data      Debug   Library Member Name

        60          8          0          0          0         84   __0sscanf.o
        44          6          0          0          0         84   __2sprintf.o
         8          0          0          0          0         68   __main.o
       392          4         17          0          0         92   __printf_flags_ss_wp.o
        14          0          0          0          0         68   __printf_wp.o
         0          0          0          0          0          0   __rtentry.o
        12          0          0          0          0          0   __rtentry2.o
         6          0          0          0          0          0   __rtentry4.o
        52          8          0          0          0          0   __scatter.o
        26          0          0          0          0          0   __scatter_copy.o
        28          0          0          0          0          0   __scatter_zi.o
        28          0          0          0          0         68   _chval.o
         6          0          0          0          0          0   _printf_a.o
         6          0          0          0          0          0   _printf_c.o
        44          0          0          0          0        108   _printf_char.o
        48          6          0          0          0         96   _printf_char_common.o
        40          0          0          0          0         68   _printf_charcount.o
         6          0          0          0          0          0   _printf_d.o
       120         16          0          0          0         92   _printf_dec.o
         6          0          0          0          0          0   _printf_e.o
         6          0          0          0          0          0   _printf_f.o
      1054          0          0          0          0        216   _printf_fp_dec.o
       764          8         38          0          0        100   _printf_fp_hex.o
       128         16          0          0          0         84   _printf_fp_infnan.o
         6          0          0          0          0          0   _printf_g.o
       148          4         40          0          0        160   _printf_hex_int_ll_ptr.o
         6          0          0          0          0          0   _printf_i.o
       178          0          0          0          0         88   _printf_intcommon.o
        10          0          0          0          0          0   _printf_l.o
         6          0          0          0          0          0   _printf_lc.o
        10          0          0          0          0          0   _printf_ll.o
         6          0          0          0          0          0   _printf_lld.o
         6          0          0          0          0          0   _printf_lli.o
         6          0          0          0          0          0   _printf_llo.o
         6          0          0          0          0          0   _printf_llu.o
         6          0          0          0          0          0   _printf_llx.o
       124         16          0          0          0         92   _printf_longlong_dec.o
         6          0          0          0          0          0   _printf_ls.o
         6          0          0          0          0          0   _printf_n.o
         6          0          0          0          0          0   _printf_o.o
       112         10          0          0          0        124   _printf_oct_int_ll.o
         6          0          0          0          0          0   _printf_p.o
        78          0          0          0          0        108   _printf_pad.o
         0          0          0          0          0          0   _printf_percent.o
         4          0          0          0          0          0   _printf_percent_end.o
         6          0          0          0          0          0   _printf_s.o
        82          0          0          0          0         80   _printf_str.o
        36          0          0          0          0         84   _printf_truncate.o
         6          0          0          0          0          0   _printf_u.o
        44          0          0          0          0        108   _printf_wchar.o
       188          6          8          0          0         92   _printf_wctomb.o
         6          0          0          0          0          0   _printf_x.o
       884          6          0          0          0        100   _scanf.o
       332          0          0          0          0         96   _scanf_int.o
       224          0          0          0          0         96   _scanf_str.o
        64          0          0          0          0         84   _sgetc.o
        10          0          0          0          0         68   _sputc.o
        64          0          0          0          0         92   _wcrtomb.o
       228          4        148          0          0         96   bigflt0.o
      1936        128          0          0          0        672   btod.o
        18          0          0          0          0         80   exit.o
         6          0          0          0          0        152   heapauxi.o
         0          0          0          0          0          0   indicate_semi.o
        18          0          0          0          0         76   isspace.o
        44         10        272          0          0         76   lc_ctype_c.o
        44         10         28          0          0         76   lc_numeric_c.o
         2          0          0          0          0          0   libinit.o
        30          0          0          0          0          0   libinit2.o
         2          0          0          0          0          0   libshutdown.o
         2          0          0          0          0          0   libshutdown2.o
         8          4          0          0         96         68   libspace.o
       138          0          0          0          0         80   lludiv10.o
        88          0          0          0          0         76   memcmp.o
        16          4          0          0          0         76   rt_ctype_table.o
         8          4          0          0          0         68   rt_locale_intlibspace.o
        68          0          0          0          0         68   rt_memclr.o
        78          0          0          0          0         80   rt_memclr_w.o
       138          0          0          0          0         68   rt_memcpy_v6.o
       100          0          0          0          0         80   rt_memcpy_w.o
         2          0          0          0          0          0   rtexit.o
        10          0          0          0          0          0   rtexit2.o
        44          8          0          0          0         84   scanf_char.o
       128          0          0          0          0         68   strcmpv7m.o
        62          0          0          0          0         76   strlen.o
        36          0          0          0          0         80   strstr.o
        12          4          0          0          0         68   sys_exit.o
        74          0          0          0          0         80   sys_stackheap_outer.o
         2          0          0          0          0         68   use_no_semi.o
        36          4          0          0          0         76   vsprintf.o
         4          0          0          0          0         68   printf1.o
         4          0          0          0          0         68   printf2.o
         0          0          0          0          0          0   usenofp.o
        40          0          0          0          0         68   fpclassify.o

    ----------------------------------------------------------------------
      9020        294        556          0         96       5396   Library Totals
        14          0          5          0          0          0   (incl. Padding)

    ----------------------------------------------------------------------

      Code (inc. data)   RO Data    RW Data    ZI Data      Debug   Library Name

      8958        294        551          0         96       5192   c_w.l
         8          0          0          0          0        136   fz_ws.l
        40          0          0          0          0         68   m_ws.l

    ----------------------------------------------------------------------
      9020        294        556          0         96       5396   Library Totals

    ----------------------------------------------------------------------

==============================================================================


      Code (inc. data)   RO Data    RW Data    ZI Data      Debug   

     19292       2086       1364         24      16512     537515   Grand Totals
     19292       2086       1364         24      16512     537515   ELF Image Totals
     19292       2086       1364         24          0          0   ROM Totals

==============================================================================

    Total RO  Size (Code + RO Data)                20656 (  20.17kB)
    Total RW  Size (RW Data + ZI Data)             16536 (  16.15kB)
    Total ROM Size (Code + RO Data + RW Data)      20680 (  20.20kB)

==============================================================================

